<?xml version="1.0" encoding="ISO-8859-1" ?>
<link_info>
   <banner>TI ARM Linker PC v20.2.7.LTS</banner>
   <copyright>Copyright (c) 1996-2018 Texas Instruments Incorporated</copyright>
   <link_time>0x635f07e7</link_time>
   <link_errors>0x0</link_errors>
   <output_file>P1_MOTORES.out</output_file>
   <entry_point>
      <name>_c_int00_noargs</name>
      <address>0x3329</address>
   </entry_point>
   <input_file_list>
      <input_file id="fl-2">
         <path>.\</path>
         <kind>object</kind>
         <file>EJ3C_MOVROTA.obj</file>
         <name>EJ3C_MOVROTA.obj</name>
      </input_file>
      <input_file id="fl-3">
         <path>.\</path>
         <kind>object</kind>
         <file>tm4c123gh6pm_startup_ccs.obj</file>
         <name>tm4c123gh6pm_startup_ccs.obj</name>
      </input_file>
      <input_file id="fl-4">
         <path>.\driverlib\</path>
         <kind>object</kind>
         <file>adc.obj</file>
         <name>adc.obj</name>
      </input_file>
      <input_file id="fl-5">
         <path>.\driverlib\</path>
         <kind>object</kind>
         <file>aes.obj</file>
         <name>aes.obj</name>
      </input_file>
      <input_file id="fl-6">
         <path>.\driverlib\</path>
         <kind>object</kind>
         <file>can.obj</file>
         <name>can.obj</name>
      </input_file>
      <input_file id="fl-7">
         <path>.\driverlib\</path>
         <kind>object</kind>
         <file>comp.obj</file>
         <name>comp.obj</name>
      </input_file>
      <input_file id="fl-8">
         <path>.\driverlib\</path>
         <kind>object</kind>
         <file>cpu.obj</file>
         <name>cpu.obj</name>
      </input_file>
      <input_file id="fl-9">
         <path>.\driverlib\</path>
         <kind>object</kind>
         <file>crc.obj</file>
         <name>crc.obj</name>
      </input_file>
      <input_file id="fl-a">
         <path>.\driverlib\</path>
         <kind>object</kind>
         <file>des.obj</file>
         <name>des.obj</name>
      </input_file>
      <input_file id="fl-b">
         <path>.\driverlib\</path>
         <kind>object</kind>
         <file>eeprom.obj</file>
         <name>eeprom.obj</name>
      </input_file>
      <input_file id="fl-c">
         <path>.\driverlib\</path>
         <kind>object</kind>
         <file>emac.obj</file>
         <name>emac.obj</name>
      </input_file>
      <input_file id="fl-d">
         <path>.\driverlib\</path>
         <kind>object</kind>
         <file>epi.obj</file>
         <name>epi.obj</name>
      </input_file>
      <input_file id="fl-e">
         <path>.\driverlib\</path>
         <kind>object</kind>
         <file>epi_workaround_ccs.obj</file>
         <name>epi_workaround_ccs.obj</name>
      </input_file>
      <input_file id="fl-f">
         <path>.\driverlib\</path>
         <kind>object</kind>
         <file>flash.obj</file>
         <name>flash.obj</name>
      </input_file>
      <input_file id="fl-10">
         <path>.\driverlib\</path>
         <kind>object</kind>
         <file>fpu.obj</file>
         <name>fpu.obj</name>
      </input_file>
      <input_file id="fl-11">
         <path>.\driverlib\</path>
         <kind>object</kind>
         <file>gpio.obj</file>
         <name>gpio.obj</name>
      </input_file>
      <input_file id="fl-12">
         <path>.\driverlib\</path>
         <kind>object</kind>
         <file>hibernate.obj</file>
         <name>hibernate.obj</name>
      </input_file>
      <input_file id="fl-13">
         <path>.\driverlib\</path>
         <kind>object</kind>
         <file>i2c.obj</file>
         <name>i2c.obj</name>
      </input_file>
      <input_file id="fl-14">
         <path>.\driverlib\</path>
         <kind>object</kind>
         <file>interrupt.obj</file>
         <name>interrupt.obj</name>
      </input_file>
      <input_file id="fl-15">
         <path>.\driverlib\</path>
         <kind>object</kind>
         <file>lcd.obj</file>
         <name>lcd.obj</name>
      </input_file>
      <input_file id="fl-16">
         <path>.\driverlib\</path>
         <kind>object</kind>
         <file>mpu.obj</file>
         <name>mpu.obj</name>
      </input_file>
      <input_file id="fl-17">
         <path>.\driverlib\</path>
         <kind>object</kind>
         <file>onewire.obj</file>
         <name>onewire.obj</name>
      </input_file>
      <input_file id="fl-18">
         <path>.\driverlib\</path>
         <kind>object</kind>
         <file>pwm.obj</file>
         <name>pwm.obj</name>
      </input_file>
      <input_file id="fl-19">
         <path>.\driverlib\</path>
         <kind>object</kind>
         <file>qei.obj</file>
         <name>qei.obj</name>
      </input_file>
      <input_file id="fl-1a">
         <path>.\driverlib\</path>
         <kind>object</kind>
         <file>shamd5.obj</file>
         <name>shamd5.obj</name>
      </input_file>
      <input_file id="fl-1b">
         <path>.\driverlib\</path>
         <kind>object</kind>
         <file>ssi.obj</file>
         <name>ssi.obj</name>
      </input_file>
      <input_file id="fl-1c">
         <path>.\driverlib\</path>
         <kind>object</kind>
         <file>sw_crc.obj</file>
         <name>sw_crc.obj</name>
      </input_file>
      <input_file id="fl-1d">
         <path>.\driverlib\</path>
         <kind>object</kind>
         <file>sysctl.obj</file>
         <name>sysctl.obj</name>
      </input_file>
      <input_file id="fl-1e">
         <path>.\driverlib\</path>
         <kind>object</kind>
         <file>sysexc.obj</file>
         <name>sysexc.obj</name>
      </input_file>
      <input_file id="fl-1f">
         <path>.\driverlib\</path>
         <kind>object</kind>
         <file>systick.obj</file>
         <name>systick.obj</name>
      </input_file>
      <input_file id="fl-20">
         <path>.\driverlib\</path>
         <kind>object</kind>
         <file>timer.obj</file>
         <name>timer.obj</name>
      </input_file>
      <input_file id="fl-21">
         <path>.\driverlib\</path>
         <kind>object</kind>
         <file>uart.obj</file>
         <name>uart.obj</name>
      </input_file>
      <input_file id="fl-22">
         <path>.\driverlib\</path>
         <kind>object</kind>
         <file>udma.obj</file>
         <name>udma.obj</name>
      </input_file>
      <input_file id="fl-23">
         <path>.\driverlib\</path>
         <kind>object</kind>
         <file>usb.obj</file>
         <name>usb.obj</name>
      </input_file>
      <input_file id="fl-24">
         <path>.\driverlib\</path>
         <kind>object</kind>
         <file>watchdog.obj</file>
         <name>watchdog.obj</name>
      </input_file>
      <input_file id="fl-25">
         <path>.\drivers\</path>
         <kind>object</kind>
         <file>buttons.obj</file>
         <name>buttons.obj</name>
      </input_file>
      <input_file id="fl-26">
         <path>.\drivers\</path>
         <kind>object</kind>
         <file>rgb.obj</file>
         <name>rgb.obj</name>
      </input_file>
      <input_file id="fl-27">
         <path>.\usblib\device\</path>
         <kind>object</kind>
         <file>usbdaudio.obj</file>
         <name>usbdaudio.obj</name>
      </input_file>
      <input_file id="fl-28">
         <path>.\usblib\device\</path>
         <kind>object</kind>
         <file>usbdbulk.obj</file>
         <name>usbdbulk.obj</name>
      </input_file>
      <input_file id="fl-29">
         <path>.\usblib\device\</path>
         <kind>object</kind>
         <file>usbdcdc.obj</file>
         <name>usbdcdc.obj</name>
      </input_file>
      <input_file id="fl-2a">
         <path>.\usblib\device\</path>
         <kind>object</kind>
         <file>usbdcdesc.obj</file>
         <name>usbdcdesc.obj</name>
      </input_file>
      <input_file id="fl-2b">
         <path>.\usblib\device\</path>
         <kind>object</kind>
         <file>usbdcomp.obj</file>
         <name>usbdcomp.obj</name>
      </input_file>
      <input_file id="fl-2c">
         <path>.\usblib\device\</path>
         <kind>object</kind>
         <file>usbdconfig.obj</file>
         <name>usbdconfig.obj</name>
      </input_file>
      <input_file id="fl-2d">
         <path>.\usblib\device\</path>
         <kind>object</kind>
         <file>usbddfu-rt.obj</file>
         <name>usbddfu-rt.obj</name>
      </input_file>
      <input_file id="fl-2e">
         <path>.\usblib\device\</path>
         <kind>object</kind>
         <file>usbdenum.obj</file>
         <name>usbdenum.obj</name>
      </input_file>
      <input_file id="fl-2f">
         <path>.\usblib\device\</path>
         <kind>object</kind>
         <file>usbdhandler.obj</file>
         <name>usbdhandler.obj</name>
      </input_file>
      <input_file id="fl-30">
         <path>.\usblib\device\</path>
         <kind>object</kind>
         <file>usbdhid.obj</file>
         <name>usbdhid.obj</name>
      </input_file>
      <input_file id="fl-31">
         <path>.\usblib\device\</path>
         <kind>object</kind>
         <file>usbdhidgamepad.obj</file>
         <name>usbdhidgamepad.obj</name>
      </input_file>
      <input_file id="fl-32">
         <path>.\usblib\device\</path>
         <kind>object</kind>
         <file>usbdhidkeyb.obj</file>
         <name>usbdhidkeyb.obj</name>
      </input_file>
      <input_file id="fl-33">
         <path>.\usblib\device\</path>
         <kind>object</kind>
         <file>usbdhidmouse.obj</file>
         <name>usbdhidmouse.obj</name>
      </input_file>
      <input_file id="fl-34">
         <path>.\usblib\device\</path>
         <kind>object</kind>
         <file>usbdmsc.obj</file>
         <name>usbdmsc.obj</name>
      </input_file>
      <input_file id="fl-35">
         <path>.\usblib\host\</path>
         <kind>object</kind>
         <file>usbhaudio.obj</file>
         <name>usbhaudio.obj</name>
      </input_file>
      <input_file id="fl-36">
         <path>.\usblib\host\</path>
         <kind>object</kind>
         <file>usbhhid.obj</file>
         <name>usbhhid.obj</name>
      </input_file>
      <input_file id="fl-37">
         <path>.\usblib\host\</path>
         <kind>object</kind>
         <file>usbhhidkeyboard.obj</file>
         <name>usbhhidkeyboard.obj</name>
      </input_file>
      <input_file id="fl-38">
         <path>.\usblib\host\</path>
         <kind>object</kind>
         <file>usbhhidmouse.obj</file>
         <name>usbhhidmouse.obj</name>
      </input_file>
      <input_file id="fl-39">
         <path>.\usblib\host\</path>
         <kind>object</kind>
         <file>usbhhub.obj</file>
         <name>usbhhub.obj</name>
      </input_file>
      <input_file id="fl-3a">
         <path>.\usblib\host\</path>
         <kind>object</kind>
         <file>usbhmsc.obj</file>
         <name>usbhmsc.obj</name>
      </input_file>
      <input_file id="fl-3b">
         <path>.\usblib\host\</path>
         <kind>object</kind>
         <file>usbhostenum.obj</file>
         <name>usbhostenum.obj</name>
      </input_file>
      <input_file id="fl-3c">
         <path>.\usblib\host\</path>
         <kind>object</kind>
         <file>usbhscsi.obj</file>
         <name>usbhscsi.obj</name>
      </input_file>
      <input_file id="fl-3d">
         <path>.\usblib\</path>
         <kind>object</kind>
         <file>usbbuffer.obj</file>
         <name>usbbuffer.obj</name>
      </input_file>
      <input_file id="fl-3e">
         <path>.\usblib\</path>
         <kind>object</kind>
         <file>usbdesc.obj</file>
         <name>usbdesc.obj</name>
      </input_file>
      <input_file id="fl-3f">
         <path>.\usblib\</path>
         <kind>object</kind>
         <file>usbdma.obj</file>
         <name>usbdma.obj</name>
      </input_file>
      <input_file id="fl-40">
         <path>.\usblib\</path>
         <kind>object</kind>
         <file>usbkeyboardmap.obj</file>
         <name>usbkeyboardmap.obj</name>
      </input_file>
      <input_file id="fl-41">
         <path>.\usblib\</path>
         <kind>object</kind>
         <file>usbmode.obj</file>
         <name>usbmode.obj</name>
      </input_file>
      <input_file id="fl-42">
         <path>.\usblib\</path>
         <kind>object</kind>
         <file>usbringbuf.obj</file>
         <name>usbringbuf.obj</name>
      </input_file>
      <input_file id="fl-43">
         <path>.\usblib\</path>
         <kind>object</kind>
         <file>usbtick.obj</file>
         <name>usbtick.obj</name>
      </input_file>
      <input_file id="fl-44">
         <path>.\usblib\</path>
         <kind>object</kind>
         <file>usbulpi.obj</file>
         <name>usbulpi.obj</name>
      </input_file>
      <input_file id="fl-4e">
         <kind>object</kind>
         <file>&lt;internal&gt;</file>
         <name>&lt;internal&gt;</name>
      </input_file>
      <input_file id="fl-104">
         <path>C:\ti\ccs1110\ccs\tools\compiler\ti-cgt-arm_20.2.7.LTS\lib\</path>
         <kind>archive</kind>
         <file>rtsv7M4_T_le_v4SPD16_eabi.lib</file>
         <name>fs_toull_t2.asm.obj</name>
      </input_file>
      <input_file id="fl-105">
         <path>C:\ti\ccs1110\ccs\tools\compiler\ti-cgt-arm_20.2.7.LTS\lib\</path>
         <kind>archive</kind>
         <file>rtsv7M4_T_le_v4SPD16_eabi.lib</file>
         <name>copy_zero_init.c.obj</name>
      </input_file>
      <input_file id="fl-106">
         <path>C:\ti\ccs1110\ccs\tools\compiler\ti-cgt-arm_20.2.7.LTS\lib\</path>
         <kind>archive</kind>
         <file>rtsv7M4_T_le_v4SPD16_eabi.lib</file>
         <name>copy_decompress_none.c.obj</name>
      </input_file>
      <input_file id="fl-107">
         <path>C:\ti\ccs1110\ccs\tools\compiler\ti-cgt-arm_20.2.7.LTS\lib\</path>
         <kind>archive</kind>
         <file>rtsv7M4_T_le_v4SPD16_eabi.lib</file>
         <name>copy_decompress_lzss.c.obj</name>
      </input_file>
      <input_file id="fl-108">
         <path>C:\ti\ccs1110\ccs\tools\compiler\ti-cgt-arm_20.2.7.LTS\lib\</path>
         <kind>archive</kind>
         <file>rtsv7M4_T_le_v4SPD16_eabi.lib</file>
         <name>boot_cortex_m.c.obj</name>
      </input_file>
      <input_file id="fl-109">
         <path>C:\ti\ccs1110\ccs\tools\compiler\ti-cgt-arm_20.2.7.LTS\lib\</path>
         <kind>archive</kind>
         <file>rtsv7M4_T_le_v4SPD16_eabi.lib</file>
         <name>memcpy_t2.asm.obj</name>
      </input_file>
      <input_file id="fl-10a">
         <path>C:\ti\ccs1110\ccs\tools\compiler\ti-cgt-arm_20.2.7.LTS\lib\</path>
         <kind>archive</kind>
         <file>rtsv7M4_T_le_v4SPD16_eabi.lib</file>
         <name>memset_t2.asm.obj</name>
      </input_file>
      <input_file id="fl-10b">
         <path>C:\ti\ccs1110\ccs\tools\compiler\ti-cgt-arm_20.2.7.LTS\lib\</path>
         <kind>archive</kind>
         <file>rtsv7M4_T_le_v4SPD16_eabi.lib</file>
         <name>autoinit.c.obj</name>
      </input_file>
      <input_file id="fl-10c">
         <path>C:\ti\ccs1110\ccs\tools\compiler\ti-cgt-arm_20.2.7.LTS\lib\</path>
         <kind>archive</kind>
         <file>rtsv7M4_T_le_v4SPD16_eabi.lib</file>
         <name>pre_init.c.obj</name>
      </input_file>
      <input_file id="fl-10d">
         <path>C:\ti\ccs1110\ccs\tools\compiler\ti-cgt-arm_20.2.7.LTS\lib\</path>
         <kind>archive</kind>
         <file>rtsv7M4_T_le_v4SPD16_eabi.lib</file>
         <name>cpy_tbl.c.obj</name>
      </input_file>
      <input_file id="fl-10e">
         <path>C:\ti\ccs1110\ccs\tools\compiler\ti-cgt-arm_20.2.7.LTS\lib\</path>
         <kind>archive</kind>
         <file>rtsv7M4_T_le_v4SPD16_eabi.lib</file>
         <name>exit.c.obj</name>
      </input_file>
      <input_file id="fl-10f">
         <path>C:\ti\ccs1110\ccs\tools\compiler\ti-cgt-arm_20.2.7.LTS\lib\</path>
         <kind>archive</kind>
         <file>rtsv7M4_T_le_v4SPD16_eabi.lib</file>
         <name>_lock.c.obj</name>
      </input_file>
      <input_file id="fl-110">
         <path>C:\ti\ccs1110\ccs\tools\compiler\ti-cgt-arm_20.2.7.LTS\lib\</path>
         <kind>archive</kind>
         <file>rtsv7M4_T_le_v4SPD16_eabi.lib</file>
         <name>args_main.c.obj</name>
      </input_file>
   </input_file_list>
   <object_component_list>
      <object_component id="oc-12">
         <name>.intvecs</name>
         <load_address>0x0</load_address>
         <run_address>0x0</run_address>
         <size>0x26c</size>
         <input_file_ref idref="fl-3"/>
      </object_component>
      <object_component id="oc-74">
         <name>.text</name>
         <load_address>0x26c</load_address>
         <run_address>0x26c</run_address>
         <size>0xf80</size>
         <input_file_ref idref="fl-1d"/>
      </object_component>
      <object_component id="oc-80">
         <name>.text</name>
         <load_address>0x11ec</load_address>
         <run_address>0x11ec</run_address>
         <size>0xb94</size>
         <input_file_ref idref="fl-11"/>
      </object_component>
      <object_component id="oc-8c">
         <name>.text</name>
         <load_address>0x1d80</load_address>
         <run_address>0x1d80</run_address>
         <size>0x718</size>
         <input_file_ref idref="fl-18"/>
      </object_component>
      <object_component id="oc-92">
         <name>.text</name>
         <load_address>0x2498</load_address>
         <run_address>0x2498</run_address>
         <size>0x642</size>
         <input_file_ref idref="fl-20"/>
      </object_component>
      <object_component id="oc-86">
         <name>.text</name>
         <load_address>0x2adc</load_address>
         <run_address>0x2adc</run_address>
         <size>0x3c0</size>
         <input_file_ref idref="fl-14"/>
      </object_component>
      <object_component id="oc-2d">
         <name>.text</name>
         <load_address>0x2e9c</load_address>
         <run_address>0x2e9c</run_address>
         <size>0x1dc</size>
         <input_file_ref idref="fl-2"/>
      </object_component>
      <object_component id="oc-7a">
         <name>.text</name>
         <load_address>0x3078</load_address>
         <run_address>0x3078</run_address>
         <size>0x128</size>
         <input_file_ref idref="fl-25"/>
      </object_component>
      <object_component id="oc-41">
         <name>.text</name>
         <load_address>0x31a0</load_address>
         <run_address>0x31a0</run_address>
         <size>0x9c</size>
         <input_file_ref idref="fl-109"/>
      </object_component>
      <object_component id="oc-15">
         <name>.text:decompress:lzss:__TI_decompress_lzss</name>
         <load_address>0x323c</load_address>
         <run_address>0x323c</run_address>
         <size>0x68</size>
         <input_file_ref idref="fl-107"/>
      </object_component>
      <object_component id="oc-145">
         <name>.text:__TI_auto_init_nobinit_nopinit:__TI_auto_init_nobinit_nopinit</name>
         <load_address>0x32a4</load_address>
         <run_address>0x32a4</run_address>
         <size>0x44</size>
         <input_file_ref idref="fl-10b"/>
      </object_component>
      <object_component id="oc-da">
         <name>.text</name>
         <load_address>0x32e8</load_address>
         <run_address>0x32e8</run_address>
         <size>0x3e</size>
         <input_file_ref idref="fl-8"/>
      </object_component>
      <object_component id="oc-5f">
         <name>.text:_c_int00_noargs:_c_int00_noargs</name>
         <load_address>0x3328</load_address>
         <run_address>0x3328</run_address>
         <size>0x34</size>
         <input_file_ref idref="fl-108"/>
      </object_component>
      <object_component id="oc-4d">
         <name>.text:decompress:ZI:__TI_zero_init_nomemset:__TI_zero_init_nomemset</name>
         <load_address>0x335c</load_address>
         <run_address>0x335c</run_address>
         <size>0x1c</size>
         <input_file_ref idref="fl-105"/>
      </object_component>
      <object_component id="oc-1b">
         <name>.text:decompress:none:__TI_decompress_none</name>
         <load_address>0x3378</load_address>
         <run_address>0x3378</run_address>
         <size>0xe</size>
         <input_file_ref idref="fl-106"/>
      </object_component>
      <object_component id="oc-27">
         <name>.text</name>
         <load_address>0x3386</load_address>
         <run_address>0x3386</run_address>
         <size>0xc</size>
         <input_file_ref idref="fl-3"/>
      </object_component>
      <object_component id="oc-e9">
         <name>.text:SysCtlDelay</name>
         <load_address>0x3392</load_address>
         <run_address>0x3392</run_address>
         <size>0x6</size>
         <input_file_ref idref="fl-1d"/>
      </object_component>
      <object_component id="oc-c5">
         <name>.text:_system_pre_init</name>
         <load_address>0x3398</load_address>
         <run_address>0x3398</run_address>
         <size>0x4</size>
         <input_file_ref idref="fl-10c"/>
      </object_component>
      <object_component id="oc-139">
         <name>.text:abort:abort</name>
         <load_address>0x339c</load_address>
         <run_address>0x339c</run_address>
         <size>0x4</size>
         <input_file_ref idref="fl-10e"/>
      </object_component>
      <object_component id="oc-e6">
         <name>.const:g_pppui32XTALtoVCO</name>
         <load_address>0x33a0</load_address>
         <run_address>0x33a0</run_address>
         <size>0x1b0</size>
         <input_file_ref idref="fl-1d"/>
      </object_component>
      <object_component id="oc-f9">
         <name>.const:g_ppui32GPIOIntMapSnowflake</name>
         <load_address>0x3550</load_address>
         <run_address>0x3550</run_address>
         <size>0xd8</size>
         <input_file_ref idref="fl-11"/>
      </object_component>
      <object_component id="oc-f6">
         <name>.const:g_ppui32GPIOIntMapBlizzard</name>
         <load_address>0x3628</load_address>
         <run_address>0x3628</run_address>
         <size>0xc0</size>
         <input_file_ref idref="fl-11"/>
      </object_component>
      <object_component id="oc-107">
         <name>.const:g_pui32Regs</name>
         <load_address>0x36e8</load_address>
         <run_address>0x36e8</run_address>
         <size>0x9c</size>
         <input_file_ref idref="fl-14"/>
      </object_component>
      <object_component id="oc-fc">
         <name>.const:g_pui32GPIOBaseAddrs</name>
         <load_address>0x3784</load_address>
         <run_address>0x3784</run_address>
         <size>0x90</size>
         <input_file_ref idref="fl-11"/>
      </object_component>
      <object_component id="oc-e0">
         <name>.const:g_pui32Xtals</name>
         <load_address>0x3814</load_address>
         <run_address>0x3814</run_address>
         <size>0x6c</size>
         <input_file_ref idref="fl-1d"/>
      </object_component>
      <object_component id="oc-11a">
         <name>.const:g_ppui32TimerIntMap</name>
         <load_address>0x3880</load_address>
         <run_address>0x3880</run_address>
         <size>0x60</size>
         <input_file_ref idref="fl-20"/>
      </object_component>
      <object_component id="oc-11d">
         <name>.const:g_ppui32TimerIntMapSnowflake</name>
         <load_address>0x38e0</load_address>
         <run_address>0x38e0</run_address>
         <size>0x40</size>
         <input_file_ref idref="fl-20"/>
      </object_component>
      <object_component id="oc-d7">
         <name>.const:g_sXTALtoMEMTIM</name>
         <load_address>0x3920</load_address>
         <run_address>0x3920</run_address>
         <size>0x30</size>
         <input_file_ref idref="fl-1d"/>
      </object_component>
      <object_component id="oc-104">
         <name>.const:g_pui32Priority</name>
         <load_address>0x3950</load_address>
         <run_address>0x3950</run_address>
         <size>0x20</size>
         <input_file_ref idref="fl-14"/>
      </object_component>
      <object_component id="oc-10d">
         <name>.const:g_pui32Dii16Regs</name>
         <load_address>0x3970</load_address>
         <run_address>0x3970</run_address>
         <size>0x14</size>
         <input_file_ref idref="fl-14"/>
      </object_component>
      <object_component id="oc-10a">
         <name>.const:g_pui32EnRegs</name>
         <load_address>0x3984</load_address>
         <run_address>0x3984</run_address>
         <size>0x14</size>
         <input_file_ref idref="fl-14"/>
      </object_component>
      <object_component id="oc-110">
         <name>.const:g_pui32PendRegs</name>
         <load_address>0x3998</load_address>
         <run_address>0x3998</run_address>
         <size>0x14</size>
         <input_file_ref idref="fl-14"/>
      </object_component>
      <object_component id="oc-113">
         <name>.const:g_pui32UnpendRegs</name>
         <load_address>0x39ac</load_address>
         <run_address>0x39ac</run_address>
         <size>0x14</size>
         <input_file_ref idref="fl-14"/>
      </object_component>
      <object_component id="oc-e3">
         <name>.const:g_pui32VCOFrequencies</name>
         <load_address>0x39c0</load_address>
         <run_address>0x39c0</run_address>
         <size>0x8</size>
         <input_file_ref idref="fl-1d"/>
      </object_component>
      <object_component id="oc-225">
         <name>__TI_handler_table</name>
         <load_address>0x39c8</load_address>
         <run_address>0x39c8</run_address>
         <size>0xc</size>
      </object_component>
      <object_component id="oc-227">
         <name>.cinit..vtable.load</name>
         <load_address>0x39d8</load_address>
         <run_address>0x39d8</run_address>
         <size>0x8</size>
      </object_component>
      <object_component id="oc-228">
         <name>.cinit..data.load</name>
         <load_address>0x39e0</load_address>
         <run_address>0x39e0</run_address>
         <size>0x7</size>
      </object_component>
      <object_component id="oc-226">
         <name>__TI_cinit_table</name>
         <load_address>0x39e8</load_address>
         <run_address>0x39e8</run_address>
         <size>0x10</size>
      </object_component>
      <object_component id="oc-101">
         <name>.vtable</name>
         <uninitialized>true</uninitialized>
         <run_address>0x20000000</run_address>
         <size>0x26c</size>
         <input_file_ref idref="fl-14"/>
      </object_component>
      <object_component id="oc-f1">
         <name>.data</name>
         <load_address>0x2000026c</load_address>
         <run_address>0x2000026c</run_address>
         <size>0x3</size>
         <input_file_ref idref="fl-25"/>
      </object_component>
      <object_component id="oc-24">
         <name>.stack</name>
         <uninitialized>true</uninitialized>
         <run_address>0x20000270</run_address>
         <size>0x4</size>
         <input_file_ref idref="fl-108"/>
      </object_component>
      <object_component id="oc-22a">
         <name>.stack</name>
         <uninitialized>true</uninitialized>
         <run_address>0x20000270</run_address>
         <size>0x0</size>
      </object_component>
      <object_component id="oc-127">
         <name>.debug_info</name>
         <load_address>0x0</load_address>
         <run_address>0x0</run_address>
         <size>0x70f</size>
         <input_file_ref idref="fl-2"/>
      </object_component>
      <object_component id="oc-2e">
         <name>.debug_info</name>
         <load_address>0x70f</load_address>
         <run_address>0x70f</run_address>
         <size>0x6db</size>
         <input_file_ref idref="fl-2"/>
      </object_component>
      <object_component id="oc-a5">
         <name>.debug_info</name>
         <load_address>0xdea</load_address>
         <run_address>0xdea</run_address>
         <size>0x26b</size>
         <input_file_ref idref="fl-2"/>
      </object_component>
      <object_component id="oc-99">
         <name>.debug_info</name>
         <load_address>0x1055</load_address>
         <run_address>0x1055</run_address>
         <size>0x8b</size>
         <input_file_ref idref="fl-2"/>
      </object_component>
      <object_component id="oc-122">
         <name>.debug_info</name>
         <load_address>0x10e0</load_address>
         <run_address>0x10e0</run_address>
         <size>0x2a4</size>
         <input_file_ref idref="fl-2"/>
      </object_component>
      <object_component id="oc-eb">
         <name>.debug_info</name>
         <load_address>0x1384</load_address>
         <run_address>0x1384</run_address>
         <size>0xef</size>
         <input_file_ref idref="fl-2"/>
      </object_component>
      <object_component id="oc-9e">
         <name>.debug_info</name>
         <load_address>0x1473</load_address>
         <run_address>0x1473</run_address>
         <size>0xbb</size>
         <input_file_ref idref="fl-2"/>
      </object_component>
      <object_component id="oc-35">
         <name>.debug_info</name>
         <load_address>0x152e</load_address>
         <run_address>0x152e</run_address>
         <size>0x2ff</size>
         <input_file_ref idref="fl-3"/>
      </object_component>
      <object_component id="oc-13">
         <name>.debug_info</name>
         <load_address>0x182d</load_address>
         <run_address>0x182d</run_address>
         <size>0xf0</size>
         <input_file_ref idref="fl-3"/>
      </object_component>
      <object_component id="oc-28">
         <name>.debug_info</name>
         <load_address>0x191d</load_address>
         <run_address>0x191d</run_address>
         <size>0x26c</size>
         <input_file_ref idref="fl-3"/>
      </object_component>
      <object_component id="oc-3c">
         <name>.debug_info</name>
         <load_address>0x1b89</load_address>
         <run_address>0x1b89</run_address>
         <size>0x84</size>
         <input_file_ref idref="fl-3"/>
      </object_component>
      <object_component id="oc-db">
         <name>.debug_info</name>
         <load_address>0x1c0d</load_address>
         <run_address>0x1c0d</run_address>
         <size>0x33d</size>
         <input_file_ref idref="fl-8"/>
      </object_component>
      <object_component id="oc-100">
         <name>.debug_info</name>
         <load_address>0x1f4a</load_address>
         <run_address>0x1f4a</run_address>
         <size>0x361</size>
         <input_file_ref idref="fl-11"/>
      </object_component>
      <object_component id="oc-f7">
         <name>.debug_info</name>
         <load_address>0x22ab</load_address>
         <run_address>0x22ab</run_address>
         <size>0x101</size>
         <input_file_ref idref="fl-11"/>
      </object_component>
      <object_component id="oc-fa">
         <name>.debug_info</name>
         <load_address>0x23ac</load_address>
         <run_address>0x23ac</run_address>
         <size>0x103</size>
         <input_file_ref idref="fl-11"/>
      </object_component>
      <object_component id="oc-fd">
         <name>.debug_info</name>
         <load_address>0x24af</load_address>
         <run_address>0x24af</run_address>
         <size>0xf5</size>
         <input_file_ref idref="fl-11"/>
      </object_component>
      <object_component id="oc-81">
         <name>.debug_info</name>
         <load_address>0x25a4</load_address>
         <run_address>0x25a4</run_address>
         <size>0x3124</size>
         <input_file_ref idref="fl-11"/>
      </object_component>
      <object_component id="oc-117">
         <name>.debug_info</name>
         <load_address>0x56c8</load_address>
         <run_address>0x56c8</run_address>
         <size>0x33e</size>
         <input_file_ref idref="fl-14"/>
      </object_component>
      <object_component id="oc-105">
         <name>.debug_info</name>
         <load_address>0x5a06</load_address>
         <run_address>0x5a06</run_address>
         <size>0xf0</size>
         <input_file_ref idref="fl-14"/>
      </object_component>
      <object_component id="oc-108">
         <name>.debug_info</name>
         <load_address>0x5af6</load_address>
         <run_address>0x5af6</run_address>
         <size>0xe8</size>
         <input_file_ref idref="fl-14"/>
      </object_component>
      <object_component id="oc-10b">
         <name>.debug_info</name>
         <load_address>0x5bde</load_address>
         <run_address>0x5bde</run_address>
         <size>0xec</size>
         <input_file_ref idref="fl-14"/>
      </object_component>
      <object_component id="oc-10e">
         <name>.debug_info</name>
         <load_address>0x5cca</load_address>
         <run_address>0x5cca</run_address>
         <size>0xf2</size>
         <input_file_ref idref="fl-14"/>
      </object_component>
      <object_component id="oc-111">
         <name>.debug_info</name>
         <load_address>0x5dbc</load_address>
         <run_address>0x5dbc</run_address>
         <size>0xf0</size>
         <input_file_ref idref="fl-14"/>
      </object_component>
      <object_component id="oc-114">
         <name>.debug_info</name>
         <load_address>0x5eac</load_address>
         <run_address>0x5eac</run_address>
         <size>0xf4</size>
         <input_file_ref idref="fl-14"/>
      </object_component>
      <object_component id="oc-102">
         <name>.debug_info</name>
         <load_address>0x5fa0</load_address>
         <run_address>0x5fa0</run_address>
         <size>0xf1</size>
         <input_file_ref idref="fl-14"/>
      </object_component>
      <object_component id="oc-88">
         <name>.debug_info</name>
         <load_address>0x6091</load_address>
         <run_address>0x6091</run_address>
         <size>0xcf1</size>
         <input_file_ref idref="fl-14"/>
      </object_component>
      <object_component id="oc-119">
         <name>.debug_info</name>
         <load_address>0x6d82</load_address>
         <run_address>0x6d82</run_address>
         <size>0x313</size>
         <input_file_ref idref="fl-18"/>
      </object_component>
      <object_component id="oc-8e">
         <name>.debug_info</name>
         <load_address>0x7095</load_address>
         <run_address>0x7095</run_address>
         <size>0x2782</size>
         <input_file_ref idref="fl-18"/>
      </object_component>
      <object_component id="oc-f0">
         <name>.debug_info</name>
         <load_address>0x9817</load_address>
         <run_address>0x9817</run_address>
         <size>0x3c3</size>
         <input_file_ref idref="fl-1d"/>
      </object_component>
      <object_component id="oc-e1">
         <name>.debug_info</name>
         <load_address>0x9bda</load_address>
         <run_address>0x9bda</run_address>
         <size>0xe7</size>
         <input_file_ref idref="fl-1d"/>
      </object_component>
      <object_component id="oc-e7">
         <name>.debug_info</name>
         <load_address>0x9cc1</load_address>
         <run_address>0x9cc1</run_address>
         <size>0xf3</size>
         <input_file_ref idref="fl-1d"/>
      </object_component>
      <object_component id="oc-d8">
         <name>.debug_info</name>
         <load_address>0x9db4</load_address>
         <run_address>0x9db4</run_address>
         <size>0xed</size>
         <input_file_ref idref="fl-1d"/>
      </object_component>
      <object_component id="oc-e4">
         <name>.debug_info</name>
         <load_address>0x9ea1</load_address>
         <run_address>0x9ea1</run_address>
         <size>0xfa</size>
         <input_file_ref idref="fl-1d"/>
      </object_component>
      <object_component id="oc-75">
         <name>.debug_info</name>
         <load_address>0x9f9b</load_address>
         <run_address>0x9f9b</run_address>
         <size>0x2b37</size>
         <input_file_ref idref="fl-1d"/>
      </object_component>
      <object_component id="oc-182">
         <name>.debug_info</name>
         <load_address>0xcad2</load_address>
         <run_address>0xcad2</run_address>
         <size>0x51</size>
         <input_file_ref idref="fl-1d"/>
      </object_component>
      <object_component id="oc-121">
         <name>.debug_info</name>
         <load_address>0xcb23</load_address>
         <run_address>0xcb23</run_address>
         <size>0x34e</size>
         <input_file_ref idref="fl-20"/>
      </object_component>
      <object_component id="oc-11b">
         <name>.debug_info</name>
         <load_address>0xce71</load_address>
         <run_address>0xce71</run_address>
         <size>0xf4</size>
         <input_file_ref idref="fl-20"/>
      </object_component>
      <object_component id="oc-11e">
         <name>.debug_info</name>
         <load_address>0xcf65</load_address>
         <run_address>0xcf65</run_address>
         <size>0x106</size>
         <input_file_ref idref="fl-20"/>
      </object_component>
      <object_component id="oc-93">
         <name>.debug_info</name>
         <load_address>0xd06b</load_address>
         <run_address>0xd06b</run_address>
         <size>0x247c</size>
         <input_file_ref idref="fl-20"/>
      </object_component>
      <object_component id="oc-f5">
         <name>.debug_info</name>
         <load_address>0xf4e7</load_address>
         <run_address>0xf4e7</run_address>
         <size>0x270</size>
         <input_file_ref idref="fl-25"/>
      </object_component>
      <object_component id="oc-f2">
         <name>.debug_info</name>
         <load_address>0xf757</load_address>
         <run_address>0xf757</run_address>
         <size>0xf0</size>
         <input_file_ref idref="fl-25"/>
      </object_component>
      <object_component id="oc-7c">
         <name>.debug_info</name>
         <load_address>0xf847</load_address>
         <run_address>0xf847</run_address>
         <size>0x2b5</size>
         <input_file_ref idref="fl-25"/>
      </object_component>
      <object_component id="oc-be">
         <name>.debug_info</name>
         <load_address>0xfafc</load_address>
         <run_address>0xfafc</run_address>
         <size>0x2d4</size>
         <input_file_ref idref="fl-105"/>
      </object_component>
      <object_component id="oc-4e">
         <name>.debug_info</name>
         <load_address>0xfdd0</load_address>
         <run_address>0xfdd0</run_address>
         <size>0x1d2</size>
         <input_file_ref idref="fl-105"/>
      </object_component>
      <object_component id="oc-b9">
         <name>.debug_info</name>
         <load_address>0xffa2</load_address>
         <run_address>0xffa2</run_address>
         <size>0x46</size>
         <input_file_ref idref="fl-105"/>
      </object_component>
      <object_component id="oc-130">
         <name>.debug_info</name>
         <load_address>0xffe8</load_address>
         <run_address>0xffe8</run_address>
         <size>0x2c</size>
         <input_file_ref idref="fl-105"/>
      </object_component>
      <object_component id="oc-4c">
         <name>.debug_info</name>
         <load_address>0x10014</load_address>
         <run_address>0x10014</run_address>
         <size>0x2a8</size>
         <input_file_ref idref="fl-106"/>
      </object_component>
      <object_component id="oc-1d">
         <name>.debug_info</name>
         <load_address>0x102bc</load_address>
         <run_address>0x102bc</run_address>
         <size>0x1ea</size>
         <input_file_ref idref="fl-106"/>
      </object_component>
      <object_component id="oc-47">
         <name>.debug_info</name>
         <load_address>0x104a6</load_address>
         <run_address>0x104a6</run_address>
         <size>0x46</size>
         <input_file_ref idref="fl-106"/>
      </object_component>
      <object_component id="oc-b1">
         <name>.debug_info</name>
         <load_address>0x104ec</load_address>
         <run_address>0x104ec</run_address>
         <size>0x2c</size>
         <input_file_ref idref="fl-106"/>
      </object_component>
      <object_component id="oc-af">
         <name>.debug_info</name>
         <load_address>0x10518</load_address>
         <run_address>0x10518</run_address>
         <size>0x29e</size>
         <input_file_ref idref="fl-107"/>
      </object_component>
      <object_component id="oc-16">
         <name>.debug_info</name>
         <load_address>0x107b6</load_address>
         <run_address>0x107b6</run_address>
         <size>0x250</size>
         <input_file_ref idref="fl-107"/>
      </object_component>
      <object_component id="oc-37">
         <name>.debug_info</name>
         <load_address>0x10a06</load_address>
         <run_address>0x10a06</run_address>
         <size>0x60</size>
         <input_file_ref idref="fl-107"/>
      </object_component>
      <object_component id="oc-129">
         <name>.debug_info</name>
         <load_address>0x10a66</load_address>
         <run_address>0x10a66</run_address>
         <size>0x46</size>
         <input_file_ref idref="fl-107"/>
      </object_component>
      <object_component id="oc-aa">
         <name>.debug_info</name>
         <load_address>0x10aac</load_address>
         <run_address>0x10aac</run_address>
         <size>0x39</size>
         <input_file_ref idref="fl-107"/>
      </object_component>
      <object_component id="oc-25">
         <name>.debug_info</name>
         <load_address>0x10ae5</load_address>
         <run_address>0x10ae5</run_address>
         <size>0x10b</size>
         <input_file_ref idref="fl-108"/>
      </object_component>
      <object_component id="oc-61">
         <name>.debug_info</name>
         <load_address>0x10bf0</load_address>
         <run_address>0x10bf0</run_address>
         <size>0x1a9</size>
         <input_file_ref idref="fl-108"/>
      </object_component>
      <object_component id="oc-42">
         <name>.debug_info</name>
         <load_address>0x10d99</load_address>
         <run_address>0x10d99</run_address>
         <size>0x119</size>
         <input_file_ref idref="fl-109"/>
      </object_component>
      <object_component id="oc-1b7">
         <name>.debug_info</name>
         <load_address>0x10eb2</load_address>
         <run_address>0x10eb2</run_address>
         <size>0x4b3</size>
         <input_file_ref idref="fl-10b"/>
      </object_component>
      <object_component id="oc-146">
         <name>.debug_info</name>
         <load_address>0x11365</load_address>
         <run_address>0x11365</run_address>
         <size>0x1a6</size>
         <input_file_ref idref="fl-10b"/>
      </object_component>
      <object_component id="oc-1dc">
         <name>.debug_info</name>
         <load_address>0x1150b</load_address>
         <run_address>0x1150b</run_address>
         <size>0x39</size>
         <input_file_ref idref="fl-10b"/>
      </object_component>
      <object_component id="oc-1f0">
         <name>.debug_info</name>
         <load_address>0x11544</load_address>
         <run_address>0x11544</run_address>
         <size>0x39</size>
         <input_file_ref idref="fl-10b"/>
      </object_component>
      <object_component id="oc-1e1">
         <name>.debug_info</name>
         <load_address>0x1157d</load_address>
         <run_address>0x1157d</run_address>
         <size>0x39</size>
         <input_file_ref idref="fl-10b"/>
      </object_component>
      <object_component id="oc-1e6">
         <name>.debug_info</name>
         <load_address>0x115b6</load_address>
         <run_address>0x115b6</run_address>
         <size>0xcd</size>
         <input_file_ref idref="fl-10b"/>
      </object_component>
      <object_component id="oc-c6">
         <name>.debug_info</name>
         <load_address>0x11683</load_address>
         <run_address>0x11683</run_address>
         <size>0x153</size>
         <input_file_ref idref="fl-10c"/>
      </object_component>
      <object_component id="oc-13c">
         <name>.debug_info</name>
         <load_address>0x117d6</load_address>
         <run_address>0x117d6</run_address>
         <size>0x122</size>
         <input_file_ref idref="fl-10e"/>
      </object_component>
      <object_component id="oc-22b">
         <name>.debug_info</name>
         <load_address>0x118f8</load_address>
         <run_address>0x118f8</run_address>
         <size>0xa3</size>
      </object_component>
      <object_component id="oc-1ab">
         <name>.debug_line</name>
         <load_address>0x0</load_address>
         <run_address>0x0</run_address>
         <size>0xc7</size>
         <input_file_ref idref="fl-2"/>
      </object_component>
      <object_component id="oc-32">
         <name>.debug_line</name>
         <load_address>0xc7</load_address>
         <run_address>0xc7</run_address>
         <size>0x10b</size>
         <input_file_ref idref="fl-2"/>
      </object_component>
      <object_component id="oc-a8">
         <name>.debug_line</name>
         <load_address>0x1d2</load_address>
         <run_address>0x1d2</run_address>
         <size>0x6f</size>
         <input_file_ref idref="fl-2"/>
      </object_component>
      <object_component id="oc-9c">
         <name>.debug_line</name>
         <load_address>0x241</load_address>
         <run_address>0x241</run_address>
         <size>0x20</size>
         <input_file_ref idref="fl-2"/>
      </object_component>
      <object_component id="oc-125">
         <name>.debug_line</name>
         <load_address>0x261</load_address>
         <run_address>0x261</run_address>
         <size>0x73</size>
         <input_file_ref idref="fl-2"/>
      </object_component>
      <object_component id="oc-ee">
         <name>.debug_line</name>
         <load_address>0x2d4</load_address>
         <run_address>0x2d4</run_address>
         <size>0x6f</size>
         <input_file_ref idref="fl-2"/>
      </object_component>
      <object_component id="oc-a1">
         <name>.debug_line</name>
         <load_address>0x343</load_address>
         <run_address>0x343</run_address>
         <size>0x70</size>
         <input_file_ref idref="fl-2"/>
      </object_component>
      <object_component id="oc-a4">
         <name>.debug_line</name>
         <load_address>0x3b3</load_address>
         <run_address>0x3b3</run_address>
         <size>0x41</size>
         <input_file_ref idref="fl-3"/>
      </object_component>
      <object_component id="oc-34">
         <name>.debug_line</name>
         <load_address>0x3f4</load_address>
         <run_address>0x3f4</run_address>
         <size>0x41</size>
         <input_file_ref idref="fl-3"/>
      </object_component>
      <object_component id="oc-2b">
         <name>.debug_line</name>
         <load_address>0x435</load_address>
         <run_address>0x435</run_address>
         <size>0xa1</size>
         <input_file_ref idref="fl-3"/>
      </object_component>
      <object_component id="oc-3f">
         <name>.debug_line</name>
         <load_address>0x4d6</load_address>
         <run_address>0x4d6</run_address>
         <size>0x20</size>
         <input_file_ref idref="fl-3"/>
      </object_component>
      <object_component id="oc-df">
         <name>.debug_line</name>
         <load_address>0x4f6</load_address>
         <run_address>0x4f6</run_address>
         <size>0xd9</size>
         <input_file_ref idref="fl-8"/>
      </object_component>
      <object_component id="oc-191">
         <name>.debug_line</name>
         <load_address>0x5cf</load_address>
         <run_address>0x5cf</run_address>
         <size>0x68</size>
         <input_file_ref idref="fl-11"/>
      </object_component>
      <object_component id="oc-18b">
         <name>.debug_line</name>
         <load_address>0x637</load_address>
         <run_address>0x637</run_address>
         <size>0x37</size>
         <input_file_ref idref="fl-11"/>
      </object_component>
      <object_component id="oc-18d">
         <name>.debug_line</name>
         <load_address>0x66e</load_address>
         <run_address>0x66e</run_address>
         <size>0x37</size>
         <input_file_ref idref="fl-11"/>
      </object_component>
      <object_component id="oc-18f">
         <name>.debug_line</name>
         <load_address>0x6a5</load_address>
         <run_address>0x6a5</run_address>
         <size>0x37</size>
         <input_file_ref idref="fl-11"/>
      </object_component>
      <object_component id="oc-85">
         <name>.debug_line</name>
         <load_address>0x6dc</load_address>
         <run_address>0x6dc</run_address>
         <size>0x62d</size>
         <input_file_ref idref="fl-11"/>
      </object_component>
      <object_component id="oc-1a1">
         <name>.debug_line</name>
         <load_address>0xd09</load_address>
         <run_address>0xd09</run_address>
         <size>0x62</size>
         <input_file_ref idref="fl-14"/>
      </object_component>
      <object_component id="oc-195">
         <name>.debug_line</name>
         <load_address>0xd6b</load_address>
         <run_address>0xd6b</run_address>
         <size>0x3c</size>
         <input_file_ref idref="fl-14"/>
      </object_component>
      <object_component id="oc-197">
         <name>.debug_line</name>
         <load_address>0xda7</load_address>
         <run_address>0xda7</run_address>
         <size>0x3c</size>
         <input_file_ref idref="fl-14"/>
      </object_component>
      <object_component id="oc-199">
         <name>.debug_line</name>
         <load_address>0xde3</load_address>
         <run_address>0xde3</run_address>
         <size>0x3c</size>
         <input_file_ref idref="fl-14"/>
      </object_component>
      <object_component id="oc-19b">
         <name>.debug_line</name>
         <load_address>0xe1f</load_address>
         <run_address>0xe1f</run_address>
         <size>0x3c</size>
         <input_file_ref idref="fl-14"/>
      </object_component>
      <object_component id="oc-19d">
         <name>.debug_line</name>
         <load_address>0xe5b</load_address>
         <run_address>0xe5b</run_address>
         <size>0x3c</size>
         <input_file_ref idref="fl-14"/>
      </object_component>
      <object_component id="oc-19f">
         <name>.debug_line</name>
         <load_address>0xe97</load_address>
         <run_address>0xe97</run_address>
         <size>0x3c</size>
         <input_file_ref idref="fl-14"/>
      </object_component>
      <object_component id="oc-193">
         <name>.debug_line</name>
         <load_address>0xed3</load_address>
         <run_address>0xed3</run_address>
         <size>0x3c</size>
         <input_file_ref idref="fl-14"/>
      </object_component>
      <object_component id="oc-87">
         <name>.debug_line</name>
         <load_address>0xf0f</load_address>
         <run_address>0xf0f</run_address>
         <size>0x2ba</size>
         <input_file_ref idref="fl-14"/>
      </object_component>
      <object_component id="oc-1a3">
         <name>.debug_line</name>
         <load_address>0x11c9</load_address>
         <run_address>0x11c9</run_address>
         <size>0x68</size>
         <input_file_ref idref="fl-18"/>
      </object_component>
      <object_component id="oc-91">
         <name>.debug_line</name>
         <load_address>0x1231</load_address>
         <run_address>0x1231</run_address>
         <size>0x525</size>
         <input_file_ref idref="fl-18"/>
      </object_component>
      <object_component id="oc-181">
         <name>.debug_line</name>
         <load_address>0x1756</load_address>
         <run_address>0x1756</run_address>
         <size>0xef</size>
         <input_file_ref idref="fl-1d"/>
      </object_component>
      <object_component id="oc-17b">
         <name>.debug_line</name>
         <load_address>0x1845</load_address>
         <run_address>0x1845</run_address>
         <size>0x39</size>
         <input_file_ref idref="fl-1d"/>
      </object_component>
      <object_component id="oc-17f">
         <name>.debug_line</name>
         <load_address>0x187e</load_address>
         <run_address>0x187e</run_address>
         <size>0x39</size>
         <input_file_ref idref="fl-1d"/>
      </object_component>
      <object_component id="oc-178">
         <name>.debug_line</name>
         <load_address>0x18b7</load_address>
         <run_address>0x18b7</run_address>
         <size>0x39</size>
         <input_file_ref idref="fl-1d"/>
      </object_component>
      <object_component id="oc-17d">
         <name>.debug_line</name>
         <load_address>0x18f0</load_address>
         <run_address>0x18f0</run_address>
         <size>0x39</size>
         <input_file_ref idref="fl-1d"/>
      </object_component>
      <object_component id="oc-78">
         <name>.debug_line</name>
         <load_address>0x1929</load_address>
         <run_address>0x1929</run_address>
         <size>0x977</size>
         <input_file_ref idref="fl-1d"/>
      </object_component>
      <object_component id="oc-184">
         <name>.debug_line</name>
         <load_address>0x22a0</load_address>
         <run_address>0x22a0</run_address>
         <size>0x39</size>
         <input_file_ref idref="fl-1d"/>
      </object_component>
      <object_component id="oc-1a9">
         <name>.debug_line</name>
         <load_address>0x22d9</load_address>
         <run_address>0x22d9</run_address>
         <size>0x68</size>
         <input_file_ref idref="fl-20"/>
      </object_component>
      <object_component id="oc-1a5">
         <name>.debug_line</name>
         <load_address>0x2341</load_address>
         <run_address>0x2341</run_address>
         <size>0x38</size>
         <input_file_ref idref="fl-20"/>
      </object_component>
      <object_component id="oc-1a7">
         <name>.debug_line</name>
         <load_address>0x2379</load_address>
         <run_address>0x2379</run_address>
         <size>0x38</size>
         <input_file_ref idref="fl-20"/>
      </object_component>
      <object_component id="oc-96">
         <name>.debug_line</name>
         <load_address>0x23b1</load_address>
         <run_address>0x23b1</run_address>
         <size>0x50a</size>
         <input_file_ref idref="fl-20"/>
      </object_component>
      <object_component id="oc-189">
         <name>.debug_line</name>
         <load_address>0x28bb</load_address>
         <run_address>0x28bb</run_address>
         <size>0x20</size>
         <input_file_ref idref="fl-25"/>
      </object_component>
      <object_component id="oc-187">
         <name>.debug_line</name>
         <load_address>0x28db</load_address>
         <run_address>0x28db</run_address>
         <size>0x38</size>
         <input_file_ref idref="fl-25"/>
      </object_component>
      <object_component id="oc-7e">
         <name>.debug_line</name>
         <load_address>0x2913</load_address>
         <run_address>0x2913</run_address>
         <size>0x86</size>
         <input_file_ref idref="fl-25"/>
      </object_component>
      <object_component id="oc-136">
         <name>.debug_line</name>
         <load_address>0x2999</load_address>
         <run_address>0x2999</run_address>
         <size>0x92</size>
         <input_file_ref idref="fl-105"/>
      </object_component>
      <object_component id="oc-51">
         <name>.debug_line</name>
         <load_address>0x2a2b</load_address>
         <run_address>0x2a2b</run_address>
         <size>0x4c</size>
         <input_file_ref idref="fl-105"/>
      </object_component>
      <object_component id="oc-bc">
         <name>.debug_line</name>
         <load_address>0x2a77</load_address>
         <run_address>0x2a77</run_address>
         <size>0x34</size>
         <input_file_ref idref="fl-105"/>
      </object_component>
      <object_component id="oc-133">
         <name>.debug_line</name>
         <load_address>0x2aab</load_address>
         <run_address>0x2aab</run_address>
         <size>0x92</size>
         <input_file_ref idref="fl-105"/>
      </object_component>
      <object_component id="oc-b7">
         <name>.debug_line</name>
         <load_address>0x2b3d</load_address>
         <run_address>0x2b3d</run_address>
         <size>0x20</size>
         <input_file_ref idref="fl-106"/>
      </object_component>
      <object_component id="oc-20">
         <name>.debug_line</name>
         <load_address>0x2b5d</load_address>
         <run_address>0x2b5d</run_address>
         <size>0x55</size>
         <input_file_ref idref="fl-106"/>
      </object_component>
      <object_component id="oc-4a">
         <name>.debug_line</name>
         <load_address>0x2bb2</load_address>
         <run_address>0x2bb2</run_address>
         <size>0x3a</size>
         <input_file_ref idref="fl-106"/>
      </object_component>
      <object_component id="oc-b4">
         <name>.debug_line</name>
         <load_address>0x2bec</load_address>
         <run_address>0x2bec</run_address>
         <size>0x92</size>
         <input_file_ref idref="fl-106"/>
      </object_component>
      <object_component id="oc-12f">
         <name>.debug_line</name>
         <load_address>0x2c7e</load_address>
         <run_address>0x2c7e</run_address>
         <size>0x20</size>
         <input_file_ref idref="fl-107"/>
      </object_component>
      <object_component id="oc-19">
         <name>.debug_line</name>
         <load_address>0x2c9e</load_address>
         <run_address>0x2c9e</run_address>
         <size>0xa9</size>
         <input_file_ref idref="fl-107"/>
      </object_component>
      <object_component id="oc-3a">
         <name>.debug_line</name>
         <load_address>0x2d47</load_address>
         <run_address>0x2d47</run_address>
         <size>0x3a</size>
         <input_file_ref idref="fl-107"/>
      </object_component>
      <object_component id="oc-12c">
         <name>.debug_line</name>
         <load_address>0x2d81</load_address>
         <run_address>0x2d81</run_address>
         <size>0x9a</size>
         <input_file_ref idref="fl-107"/>
      </object_component>
      <object_component id="oc-ad">
         <name>.debug_line</name>
         <load_address>0x2e1b</load_address>
         <run_address>0x2e1b</run_address>
         <size>0x96</size>
         <input_file_ref idref="fl-107"/>
      </object_component>
      <object_component id="oc-72">
         <name>.debug_line</name>
         <load_address>0x2eb1</load_address>
         <run_address>0x2eb1</run_address>
         <size>0x33</size>
         <input_file_ref idref="fl-108"/>
      </object_component>
      <object_component id="oc-64">
         <name>.debug_line</name>
         <load_address>0x2ee4</load_address>
         <run_address>0x2ee4</run_address>
         <size>0x45</size>
         <input_file_ref idref="fl-108"/>
      </object_component>
      <object_component id="oc-45">
         <name>.debug_line</name>
         <load_address>0x2f29</load_address>
         <run_address>0x2f29</run_address>
         <size>0x88</size>
         <input_file_ref idref="fl-109"/>
      </object_component>
      <object_component id="oc-1db">
         <name>.debug_line</name>
         <load_address>0x2fb1</load_address>
         <run_address>0x2fb1</run_address>
         <size>0xbf</size>
         <input_file_ref idref="fl-10b"/>
      </object_component>
      <object_component id="oc-14a">
         <name>.debug_line</name>
         <load_address>0x3070</load_address>
         <run_address>0x3070</run_address>
         <size>0x6f</size>
         <input_file_ref idref="fl-10b"/>
      </object_component>
      <object_component id="oc-1df">
         <name>.debug_line</name>
         <load_address>0x30df</load_address>
         <run_address>0x30df</run_address>
         <size>0x2e</size>
         <input_file_ref idref="fl-10b"/>
      </object_component>
      <object_component id="oc-1f3">
         <name>.debug_line</name>
         <load_address>0x310d</load_address>
         <run_address>0x310d</run_address>
         <size>0x9a</size>
         <input_file_ref idref="fl-10b"/>
      </object_component>
      <object_component id="oc-1e4">
         <name>.debug_line</name>
         <load_address>0x31a7</load_address>
         <run_address>0x31a7</run_address>
         <size>0x97</size>
         <input_file_ref idref="fl-10b"/>
      </object_component>
      <object_component id="oc-1e9">
         <name>.debug_line</name>
         <load_address>0x323e</load_address>
         <run_address>0x323e</run_address>
         <size>0x93</size>
         <input_file_ref idref="fl-10b"/>
      </object_component>
      <object_component id="oc-c9">
         <name>.debug_line</name>
         <load_address>0x32d1</load_address>
         <run_address>0x32d1</run_address>
         <size>0x40</size>
         <input_file_ref idref="fl-10c"/>
      </object_component>
      <object_component id="oc-13a">
         <name>.debug_line</name>
         <load_address>0x3311</load_address>
         <run_address>0x3311</run_address>
         <size>0x3c</size>
         <input_file_ref idref="fl-10e"/>
      </object_component>
      <object_component id="oc-31">
         <name>.debug_frame</name>
         <load_address>0x0</load_address>
         <run_address>0x0</run_address>
         <size>0xd8</size>
         <input_file_ref idref="fl-2"/>
      </object_component>
      <object_component id="oc-2c">
         <name>.debug_frame</name>
         <load_address>0xd8</load_address>
         <run_address>0xd8</run_address>
         <size>0x90</size>
         <input_file_ref idref="fl-3"/>
      </object_component>
      <object_component id="oc-de">
         <name>.debug_frame</name>
         <load_address>0x168</load_address>
         <run_address>0x168</run_address>
         <size>0xbc</size>
         <input_file_ref idref="fl-8"/>
      </object_component>
      <object_component id="oc-84">
         <name>.debug_frame</name>
         <load_address>0x224</load_address>
         <run_address>0x224</run_address>
         <size>0x564</size>
         <input_file_ref idref="fl-11"/>
      </object_component>
      <object_component id="oc-8b">
         <name>.debug_frame</name>
         <load_address>0x788</load_address>
         <run_address>0x788</run_address>
         <size>0x1d4</size>
         <input_file_ref idref="fl-14"/>
      </object_component>
      <object_component id="oc-90">
         <name>.debug_frame</name>
         <load_address>0x95c</load_address>
         <run_address>0x95c</run_address>
         <size>0x3e0</size>
         <input_file_ref idref="fl-18"/>
      </object_component>
      <object_component id="oc-79">
         <name>.debug_frame</name>
         <load_address>0xd3c</load_address>
         <run_address>0xd3c</run_address>
         <size>0x5a8</size>
         <input_file_ref idref="fl-1d"/>
      </object_component>
      <object_component id="oc-97">
         <name>.debug_frame</name>
         <load_address>0x12e4</load_address>
         <run_address>0x12e4</run_address>
         <size>0x3f8</size>
         <input_file_ref idref="fl-20"/>
      </object_component>
      <object_component id="oc-7f">
         <name>.debug_frame</name>
         <load_address>0x16dc</load_address>
         <run_address>0x16dc</run_address>
         <size>0x7c</size>
         <input_file_ref idref="fl-25"/>
      </object_component>
      <object_component id="oc-52">
         <name>.debug_frame</name>
         <load_address>0x1758</load_address>
         <run_address>0x1758</run_address>
         <size>0x54</size>
         <input_file_ref idref="fl-105"/>
      </object_component>
      <object_component id="oc-1c">
         <name>.debug_frame</name>
         <load_address>0x17ac</load_address>
         <run_address>0x17ac</run_address>
         <size>0x54</size>
         <input_file_ref idref="fl-106"/>
      </object_component>
      <object_component id="oc-1a">
         <name>.debug_frame</name>
         <load_address>0x1800</load_address>
         <run_address>0x1800</run_address>
         <size>0x60</size>
         <input_file_ref idref="fl-107"/>
      </object_component>
      <object_component id="oc-60">
         <name>.debug_frame</name>
         <load_address>0x1860</load_address>
         <run_address>0x1860</run_address>
         <size>0x50</size>
         <input_file_ref idref="fl-108"/>
      </object_component>
      <object_component id="oc-149">
         <name>.debug_frame</name>
         <load_address>0x18b0</load_address>
         <run_address>0x18b0</run_address>
         <size>0x5c</size>
         <input_file_ref idref="fl-10b"/>
      </object_component>
      <object_component id="oc-ca">
         <name>.debug_frame</name>
         <load_address>0x190c</load_address>
         <run_address>0x190c</run_address>
         <size>0x54</size>
         <input_file_ref idref="fl-10c"/>
      </object_component>
      <object_component id="oc-13b">
         <name>.debug_frame</name>
         <load_address>0x1960</load_address>
         <run_address>0x1960</run_address>
         <size>0x54</size>
         <input_file_ref idref="fl-10e"/>
      </object_component>
      <object_component id="oc-1aa">
         <name>.debug_abbrev</name>
         <load_address>0x0</load_address>
         <run_address>0x0</run_address>
         <size>0xe0</size>
         <input_file_ref idref="fl-2"/>
      </object_component>
      <object_component id="oc-98">
         <name>.debug_abbrev</name>
         <load_address>0xe0</load_address>
         <run_address>0xe0</run_address>
         <size>0x9b</size>
         <input_file_ref idref="fl-2"/>
      </object_component>
      <object_component id="oc-a7">
         <name>.debug_abbrev</name>
         <load_address>0x17b</load_address>
         <run_address>0x17b</run_address>
         <size>0x69</size>
         <input_file_ref idref="fl-2"/>
      </object_component>
      <object_component id="oc-9b">
         <name>.debug_abbrev</name>
         <load_address>0x1e4</load_address>
         <run_address>0x1e4</run_address>
         <size>0x1f</size>
         <input_file_ref idref="fl-2"/>
      </object_component>
      <object_component id="oc-124">
         <name>.debug_abbrev</name>
         <load_address>0x203</load_address>
         <run_address>0x203</run_address>
         <size>0x5c</size>
         <input_file_ref idref="fl-2"/>
      </object_component>
      <object_component id="oc-ed">
         <name>.debug_abbrev</name>
         <load_address>0x25f</load_address>
         <run_address>0x25f</run_address>
         <size>0x24</size>
         <input_file_ref idref="fl-2"/>
      </object_component>
      <object_component id="oc-a0">
         <name>.debug_abbrev</name>
         <load_address>0x283</load_address>
         <run_address>0x283</run_address>
         <size>0x24</size>
         <input_file_ref idref="fl-2"/>
      </object_component>
      <object_component id="oc-a3">
         <name>.debug_abbrev</name>
         <load_address>0x2a7</load_address>
         <run_address>0x2a7</run_address>
         <size>0x7c</size>
         <input_file_ref idref="fl-3"/>
      </object_component>
      <object_component id="oc-33">
         <name>.debug_abbrev</name>
         <load_address>0x323</load_address>
         <run_address>0x323</run_address>
         <size>0x29</size>
         <input_file_ref idref="fl-3"/>
      </object_component>
      <object_component id="oc-73">
         <name>.debug_abbrev</name>
         <load_address>0x34c</load_address>
         <run_address>0x34c</run_address>
         <size>0x79</size>
         <input_file_ref idref="fl-3"/>
      </object_component>
      <object_component id="oc-3e">
         <name>.debug_abbrev</name>
         <load_address>0x3c5</load_address>
         <run_address>0x3c5</run_address>
         <size>0x1f</size>
         <input_file_ref idref="fl-3"/>
      </object_component>
      <object_component id="oc-179">
         <name>.debug_abbrev</name>
         <load_address>0x3e4</load_address>
         <run_address>0x3e4</run_address>
         <size>0xca</size>
         <input_file_ref idref="fl-8"/>
      </object_component>
      <object_component id="oc-190">
         <name>.debug_abbrev</name>
         <load_address>0x4ae</load_address>
         <run_address>0x4ae</run_address>
         <size>0x76</size>
         <input_file_ref idref="fl-11"/>
      </object_component>
      <object_component id="oc-18a">
         <name>.debug_abbrev</name>
         <load_address>0x524</load_address>
         <run_address>0x524</run_address>
         <size>0x27</size>
         <input_file_ref idref="fl-11"/>
      </object_component>
      <object_component id="oc-18c">
         <name>.debug_abbrev</name>
         <load_address>0x54b</load_address>
         <run_address>0x54b</run_address>
         <size>0x27</size>
         <input_file_ref idref="fl-11"/>
      </object_component>
      <object_component id="oc-18e">
         <name>.debug_abbrev</name>
         <load_address>0x572</load_address>
         <run_address>0x572</run_address>
         <size>0x27</size>
         <input_file_ref idref="fl-11"/>
      </object_component>
      <object_component id="oc-ff">
         <name>.debug_abbrev</name>
         <load_address>0x599</load_address>
         <run_address>0x599</run_address>
         <size>0xd6</size>
         <input_file_ref idref="fl-11"/>
      </object_component>
      <object_component id="oc-1a0">
         <name>.debug_abbrev</name>
         <load_address>0x66f</load_address>
         <run_address>0x66f</run_address>
         <size>0x92</size>
         <input_file_ref idref="fl-14"/>
      </object_component>
      <object_component id="oc-194">
         <name>.debug_abbrev</name>
         <load_address>0x701</load_address>
         <run_address>0x701</run_address>
         <size>0x27</size>
         <input_file_ref idref="fl-14"/>
      </object_component>
      <object_component id="oc-196">
         <name>.debug_abbrev</name>
         <load_address>0x728</load_address>
         <run_address>0x728</run_address>
         <size>0x27</size>
         <input_file_ref idref="fl-14"/>
      </object_component>
      <object_component id="oc-198">
         <name>.debug_abbrev</name>
         <load_address>0x74f</load_address>
         <run_address>0x74f</run_address>
         <size>0x27</size>
         <input_file_ref idref="fl-14"/>
      </object_component>
      <object_component id="oc-19a">
         <name>.debug_abbrev</name>
         <load_address>0x776</load_address>
         <run_address>0x776</run_address>
         <size>0x27</size>
         <input_file_ref idref="fl-14"/>
      </object_component>
      <object_component id="oc-19c">
         <name>.debug_abbrev</name>
         <load_address>0x79d</load_address>
         <run_address>0x79d</run_address>
         <size>0x27</size>
         <input_file_ref idref="fl-14"/>
      </object_component>
      <object_component id="oc-19e">
         <name>.debug_abbrev</name>
         <load_address>0x7c4</load_address>
         <run_address>0x7c4</run_address>
         <size>0x27</size>
         <input_file_ref idref="fl-14"/>
      </object_component>
      <object_component id="oc-192">
         <name>.debug_abbrev</name>
         <load_address>0x7eb</load_address>
         <run_address>0x7eb</run_address>
         <size>0x29</size>
         <input_file_ref idref="fl-14"/>
      </object_component>
      <object_component id="oc-116">
         <name>.debug_abbrev</name>
         <load_address>0x814</load_address>
         <run_address>0x814</run_address>
         <size>0x101</size>
         <input_file_ref idref="fl-14"/>
      </object_component>
      <object_component id="oc-1a2">
         <name>.debug_abbrev</name>
         <load_address>0x915</load_address>
         <run_address>0x915</run_address>
         <size>0x5b</size>
         <input_file_ref idref="fl-18"/>
      </object_component>
      <object_component id="oc-118">
         <name>.debug_abbrev</name>
         <load_address>0x970</load_address>
         <run_address>0x970</run_address>
         <size>0x103</size>
         <input_file_ref idref="fl-18"/>
      </object_component>
      <object_component id="oc-180">
         <name>.debug_abbrev</name>
         <load_address>0xa73</load_address>
         <run_address>0xa73</run_address>
         <size>0xb4</size>
         <input_file_ref idref="fl-1d"/>
      </object_component>
      <object_component id="oc-17a">
         <name>.debug_abbrev</name>
         <load_address>0xb27</load_address>
         <run_address>0xb27</run_address>
         <size>0x27</size>
         <input_file_ref idref="fl-1d"/>
      </object_component>
      <object_component id="oc-17e">
         <name>.debug_abbrev</name>
         <load_address>0xb4e</load_address>
         <run_address>0xb4e</run_address>
         <size>0x27</size>
         <input_file_ref idref="fl-1d"/>
      </object_component>
      <object_component id="oc-177">
         <name>.debug_abbrev</name>
         <load_address>0xb75</load_address>
         <run_address>0xb75</run_address>
         <size>0x27</size>
         <input_file_ref idref="fl-1d"/>
      </object_component>
      <object_component id="oc-17c">
         <name>.debug_abbrev</name>
         <load_address>0xb9c</load_address>
         <run_address>0xb9c</run_address>
         <size>0x27</size>
         <input_file_ref idref="fl-1d"/>
      </object_component>
      <object_component id="oc-ea">
         <name>.debug_abbrev</name>
         <load_address>0xbc3</load_address>
         <run_address>0xbc3</run_address>
         <size>0x12e</size>
         <input_file_ref idref="fl-1d"/>
      </object_component>
      <object_component id="oc-183">
         <name>.debug_abbrev</name>
         <load_address>0xcf1</load_address>
         <run_address>0xcf1</run_address>
         <size>0x38</size>
         <input_file_ref idref="fl-1d"/>
      </object_component>
      <object_component id="oc-1a8">
         <name>.debug_abbrev</name>
         <load_address>0xd29</load_address>
         <run_address>0xd29</run_address>
         <size>0x76</size>
         <input_file_ref idref="fl-20"/>
      </object_component>
      <object_component id="oc-1a4">
         <name>.debug_abbrev</name>
         <load_address>0xd9f</load_address>
         <run_address>0xd9f</run_address>
         <size>0x27</size>
         <input_file_ref idref="fl-20"/>
      </object_component>
      <object_component id="oc-1a6">
         <name>.debug_abbrev</name>
         <load_address>0xdc6</load_address>
         <run_address>0xdc6</run_address>
         <size>0x27</size>
         <input_file_ref idref="fl-20"/>
      </object_component>
      <object_component id="oc-120">
         <name>.debug_abbrev</name>
         <load_address>0xded</load_address>
         <run_address>0xded</run_address>
         <size>0x10e</size>
         <input_file_ref idref="fl-20"/>
      </object_component>
      <object_component id="oc-188">
         <name>.debug_abbrev</name>
         <load_address>0xefb</load_address>
         <run_address>0xefb</run_address>
         <size>0x27</size>
         <input_file_ref idref="fl-25"/>
      </object_component>
      <object_component id="oc-186">
         <name>.debug_abbrev</name>
         <load_address>0xf22</load_address>
         <run_address>0xf22</run_address>
         <size>0x27</size>
         <input_file_ref idref="fl-25"/>
      </object_component>
      <object_component id="oc-f4">
         <name>.debug_abbrev</name>
         <load_address>0xf49</load_address>
         <run_address>0xf49</run_address>
         <size>0xaa</size>
         <input_file_ref idref="fl-25"/>
      </object_component>
      <object_component id="oc-135">
         <name>.debug_abbrev</name>
         <load_address>0xff3</load_address>
         <run_address>0xff3</run_address>
         <size>0x5d</size>
         <input_file_ref idref="fl-105"/>
      </object_component>
      <object_component id="oc-b8">
         <name>.debug_abbrev</name>
         <load_address>0x1050</load_address>
         <run_address>0x1050</run_address>
         <size>0x6f</size>
         <input_file_ref idref="fl-105"/>
      </object_component>
      <object_component id="oc-bb">
         <name>.debug_abbrev</name>
         <load_address>0x10bf</load_address>
         <run_address>0x10bf</run_address>
         <size>0x24</size>
         <input_file_ref idref="fl-105"/>
      </object_component>
      <object_component id="oc-132">
         <name>.debug_abbrev</name>
         <load_address>0x10e3</load_address>
         <run_address>0x10e3</run_address>
         <size>0x24</size>
         <input_file_ref idref="fl-105"/>
      </object_component>
      <object_component id="oc-b6">
         <name>.debug_abbrev</name>
         <load_address>0x1107</load_address>
         <run_address>0x1107</run_address>
         <size>0x37</size>
         <input_file_ref idref="fl-106"/>
      </object_component>
      <object_component id="oc-46">
         <name>.debug_abbrev</name>
         <load_address>0x113e</load_address>
         <run_address>0x113e</run_address>
         <size>0x74</size>
         <input_file_ref idref="fl-106"/>
      </object_component>
      <object_component id="oc-49">
         <name>.debug_abbrev</name>
         <load_address>0x11b2</load_address>
         <run_address>0x11b2</run_address>
         <size>0x24</size>
         <input_file_ref idref="fl-106"/>
      </object_component>
      <object_component id="oc-b3">
         <name>.debug_abbrev</name>
         <load_address>0x11d6</load_address>
         <run_address>0x11d6</run_address>
         <size>0x24</size>
         <input_file_ref idref="fl-106"/>
      </object_component>
      <object_component id="oc-12e">
         <name>.debug_abbrev</name>
         <load_address>0x11fa</load_address>
         <run_address>0x11fa</run_address>
         <size>0x37</size>
         <input_file_ref idref="fl-107"/>
      </object_component>
      <object_component id="oc-36">
         <name>.debug_abbrev</name>
         <load_address>0x1231</load_address>
         <run_address>0x1231</run_address>
         <size>0x6f</size>
         <input_file_ref idref="fl-107"/>
      </object_component>
      <object_component id="oc-39">
         <name>.debug_abbrev</name>
         <load_address>0x12a0</load_address>
         <run_address>0x12a0</run_address>
         <size>0x24</size>
         <input_file_ref idref="fl-107"/>
      </object_component>
      <object_component id="oc-12b">
         <name>.debug_abbrev</name>
         <load_address>0x12c4</load_address>
         <run_address>0x12c4</run_address>
         <size>0x35</size>
         <input_file_ref idref="fl-107"/>
      </object_component>
      <object_component id="oc-ac">
         <name>.debug_abbrev</name>
         <load_address>0x12f9</load_address>
         <run_address>0x12f9</run_address>
         <size>0x24</size>
         <input_file_ref idref="fl-107"/>
      </object_component>
      <object_component id="oc-71">
         <name>.debug_abbrev</name>
         <load_address>0x131d</load_address>
         <run_address>0x131d</run_address>
         <size>0x29</size>
         <input_file_ref idref="fl-108"/>
      </object_component>
      <object_component id="oc-ce">
         <name>.debug_abbrev</name>
         <load_address>0x1346</load_address>
         <run_address>0x1346</run_address>
         <size>0x55</size>
         <input_file_ref idref="fl-108"/>
      </object_component>
      <object_component id="oc-b0">
         <name>.debug_abbrev</name>
         <load_address>0x139b</load_address>
         <run_address>0x139b</run_address>
         <size>0x3e</size>
         <input_file_ref idref="fl-109"/>
      </object_component>
      <object_component id="oc-1da">
         <name>.debug_abbrev</name>
         <load_address>0x13d9</load_address>
         <run_address>0x13d9</run_address>
         <size>0xc0</size>
         <input_file_ref idref="fl-10b"/>
      </object_component>
      <object_component id="oc-1b6">
         <name>.debug_abbrev</name>
         <load_address>0x1499</load_address>
         <run_address>0x1499</run_address>
         <size>0x7e</size>
         <input_file_ref idref="fl-10b"/>
      </object_component>
      <object_component id="oc-1de">
         <name>.debug_abbrev</name>
         <load_address>0x1517</load_address>
         <run_address>0x1517</run_address>
         <size>0x24</size>
[...]
         <value>0x1dfb</value>
         <object_component_ref idref="oc-8c"/>
      </symbol>
      <symbol id="sm-2aa">
         <name>PWMSyncUpdate</name>
         <value>0x1f41</value>
         <object_component_ref idref="oc-8c"/>
      </symbol>
      <symbol id="sm-2ab">
         <name>PWMGenIntRegister</name>
         <value>0x212d</value>
         <object_component_ref idref="oc-8c"/>
      </symbol>
      <symbol id="sm-2ac">
         <name>PWMOutputState</name>
         <value>0x1f65</value>
         <object_component_ref idref="oc-8c"/>
      </symbol>
      <symbol id="sm-2ad">
         <name>PWMGenEnable</name>
         <value>0x1e25</value>
         <object_component_ref idref="oc-8c"/>
      </symbol>
      <symbol id="sm-2ae">
         <name>PWMFaultIntClear</name>
         <value>0x22a1</value>
         <object_component_ref idref="oc-8c"/>
      </symbol>
      <symbol id="sm-2af">
         <name>PWMIntStatus</name>
         <value>0x22b3</value>
         <object_component_ref idref="oc-8c"/>
      </symbol>
      <symbol id="sm-2b0">
         <name>PWMIntEnable</name>
         <value>0x2271</value>
         <object_component_ref idref="oc-8c"/>
      </symbol>
      <symbol id="sm-2b1">
         <name>PWMGenConfigure</name>
         <value>0x1d81</value>
         <object_component_ref idref="oc-8c"/>
      </symbol>
      <symbol id="sm-2b2">
         <name>PWMGenIntTrigDisable</name>
         <value>0x2211</value>
         <object_component_ref idref="oc-8c"/>
      </symbol>
      <symbol id="sm-2b3">
         <name>PWMPulseWidthGet</name>
         <value>0x1ea3</value>
         <object_component_ref idref="oc-8c"/>
      </symbol>
      <symbol id="sm-2b4">
         <name>PWMOutputInvert</name>
         <value>0x1f97</value>
         <object_component_ref idref="oc-8c"/>
      </symbol>
      <symbol id="sm-2b5">
         <name>PWMFaultIntUnregister</name>
         <value>0x21d9</value>
         <object_component_ref idref="oc-8c"/>
      </symbol>
      <symbol id="sm-3fa">
         <name>SysCtlGPIOAHBEnable</name>
         <value>0x1017</value>
         <object_component_ref idref="oc-74"/>
      </symbol>
      <symbol id="sm-3fb">
         <name>SysCtlIntRegister</name>
         <value>0x6f5</value>
         <object_component_ref idref="oc-74"/>
      </symbol>
      <symbol id="sm-3fc">
         <name>SysCtlFlashSizeGet</name>
         <value>0x337</value>
         <object_component_ref idref="oc-74"/>
      </symbol>
      <symbol id="sm-3fd">
         <name>SysCtlPeripheralDeepSleepEnable</name>
         <value>0x609</value>
         <object_component_ref idref="oc-74"/>
      </symbol>
      <symbol id="sm-3fe">
         <name>SysCtlLDODeepSleepGet</name>
         <value>0x79b</value>
         <object_component_ref idref="oc-74"/>
      </symbol>
      <symbol id="sm-3ff">
         <name>SysCtlFlashSectorSizeGet</name>
         <value>0x363</value>
         <object_component_ref idref="oc-74"/>
      </symbol>
      <symbol id="sm-400">
         <name>SysCtlIntDisable</name>
         <value>0x731</value>
         <object_component_ref idref="oc-74"/>
      </symbol>
      <symbol id="sm-401">
         <name>SysCtlResetBehaviorGet</name>
         <value>0x881</value>
         <object_component_ref idref="oc-74"/>
      </symbol>
      <symbol id="sm-402">
         <name>SysCtlPeripheralPresent</name>
         <value>0x389</value>
         <object_component_ref idref="oc-74"/>
      </symbol>
      <symbol id="sm-403">
         <name>SysCtlDeepSleepClockSet</name>
         <value>0xf3f</value>
         <object_component_ref idref="oc-74"/>
      </symbol>
      <symbol id="sm-404">
         <name>SysCtlClockSet</name>
         <value>0xbc9</value>
         <object_component_ref idref="oc-74"/>
      </symbol>
      <symbol id="sm-405">
         <name>SysCtlAltClkConfig</name>
         <value>0x11a9</value>
         <object_component_ref idref="oc-74"/>
      </symbol>
      <symbol id="sm-406">
         <name>SysCtlPeripheralClockGating</name>
         <value>0x6a1</value>
         <object_component_ref idref="oc-74"/>
      </symbol>
      <symbol id="sm-407">
         <name>SysCtlIntStatus</name>
         <value>0x759</value>
         <object_component_ref idref="oc-74"/>
      </symbol>
      <symbol id="sm-408">
         <name>SysCtlIntClear</name>
         <value>0x749</value>
         <object_component_ref idref="oc-74"/>
      </symbol>
      <symbol id="sm-409">
         <name>SysCtlVoltageEventStatus</name>
         <value>0x107d</value>
         <object_component_ref idref="oc-74"/>
      </symbol>
      <symbol id="sm-40a">
         <name>SysCtlVoltageEventConfig</name>
         <value>0x106d</value>
         <object_component_ref idref="oc-74"/>
      </symbol>
      <symbol id="sm-40b">
         <name>SysCtlResetCauseGet</name>
         <value>0x7f1</value>
         <object_component_ref idref="oc-74"/>
      </symbol>
      <symbol id="sm-40c">
         <name>SysCtlSleep</name>
         <value>0x7cd</value>
         <object_component_ref idref="oc-74"/>
      </symbol>
      <symbol id="sm-40d">
         <name>SysCtlPWMClockGet</name>
         <value>0x1001</value>
         <object_component_ref idref="oc-74"/>
      </symbol>
      <symbol id="sm-40e">
         <name>SysCtlDeepSleepPowerSet</name>
         <value>0x7b5</value>
         <object_component_ref idref="oc-74"/>
      </symbol>
      <symbol id="sm-40f">
         <name>SysCtlClockOutConfig</name>
         <value>0x118d</value>
         <object_component_ref idref="oc-74"/>
      </symbol>
      <symbol id="sm-410">
         <name>SysCtlNMIStatus</name>
         <value>0x115d</value>
         <object_component_ref idref="oc-74"/>
      </symbol>
      <symbol id="sm-411">
         <name>SysCtlDeepSleepClockConfigSet</name>
         <value>0xf5d</value>
         <object_component_ref idref="oc-74"/>
      </symbol>
      <symbol id="sm-412">
         <name>SysCtlDelay</name>
         <value>0x3393</value>
         <object_component_ref idref="oc-e9"/>
      </symbol>
      <symbol id="sm-413">
         <name>SysCtlVoltageEventClear</name>
         <value>0x1089</value>
         <object_component_ref idref="oc-74"/>
      </symbol>
      <symbol id="sm-414">
         <name>SysCtlLDOSleepSet</name>
         <value>0x775</value>
         <object_component_ref idref="oc-74"/>
      </symbol>
      <symbol id="sm-415">
         <name>SysCtlMOSCConfigSet</name>
         <value>0x80b</value>
         <object_component_ref idref="oc-74"/>
      </symbol>
      <symbol id="sm-416">
         <name>SysCtlPeripheralEnable</name>
         <value>0x509</value>
         <object_component_ref idref="oc-74"/>
      </symbol>
      <symbol id="sm-417">
         <name>SysCtlIntEnable</name>
         <value>0x71d</value>
         <object_component_ref idref="oc-74"/>
      </symbol>
      <symbol id="sm-418">
         <name>SysCtlNMIClear</name>
         <value>0x1171</value>
         <object_component_ref idref="oc-74"/>
      </symbol>
      <symbol id="sm-419">
         <name>SysCtlPeripheralPowerOff</name>
         <value>0x445</value>
         <object_component_ref idref="oc-74"/>
      </symbol>
      <symbol id="sm-41a">
         <name>SysCtlSleepPowerSet</name>
         <value>0x7a1</value>
         <object_component_ref idref="oc-74"/>
      </symbol>
      <symbol id="sm-41b">
         <name>SysCtlDeepSleep</name>
         <value>0x7d5</value>
         <object_component_ref idref="oc-74"/>
      </symbol>
      <symbol id="sm-41c">
         <name>SysCtlLDODeepSleepSet</name>
         <value>0x78b</value>
         <object_component_ref idref="oc-74"/>
      </symbol>
      <symbol id="sm-41d">
         <name>SysCtlPeripheralPowerOn</name>
         <value>0x409</value>
         <object_component_ref idref="oc-74"/>
      </symbol>
      <symbol id="sm-41e">
         <name>SysCtlPeripheralDeepSleepDisable</name>
         <value>0x659</value>
         <object_component_ref idref="oc-74"/>
      </symbol>
      <symbol id="sm-41f">
         <name>SysCtlPeripheralSleepDisable</name>
         <value>0x5cd</value>
         <object_component_ref idref="oc-74"/>
      </symbol>
      <symbol id="sm-420">
         <name>SysCtlVCOGet</name>
         <value>0x10a1</value>
         <object_component_ref idref="oc-74"/>
      </symbol>
      <symbol id="sm-421">
         <name>SysCtlResetBehaviorSet</name>
         <value>0x871</value>
         <object_component_ref idref="oc-74"/>
      </symbol>
      <symbol id="sm-422">
         <name>SysCtlReset</name>
         <value>0x7c5</value>
         <object_component_ref idref="oc-74"/>
      </symbol>
      <symbol id="sm-423">
         <name>SysCtlGPIOAHBDisable</name>
         <value>0x1033</value>
         <object_component_ref idref="oc-74"/>
      </symbol>
      <symbol id="sm-424">
         <name>SysCtlSRAMSizeGet</name>
         <value>0x32d</value>
         <object_component_ref idref="oc-74"/>
      </symbol>
      <symbol id="sm-425">
         <name>SysCtlClockGet</name>
         <value>0xd99</value>
         <object_component_ref idref="oc-74"/>
      </symbol>
      <symbol id="sm-426">
         <name>SysCtlPeripheralDisable</name>
         <value>0x545</value>
         <object_component_ref idref="oc-74"/>
      </symbol>
      <symbol id="sm-427">
         <name>SysCtlPWMClockSet</name>
         <value>0xfe7</value>
         <object_component_ref idref="oc-74"/>
      </symbol>
      <symbol id="sm-428">
         <name>SysCtlUSBPLLEnable</name>
         <value>0x104f</value>
         <object_component_ref idref="oc-74"/>
      </symbol>
      <symbol id="sm-429">
         <name>SysCtlPeripheralSleepEnable</name>
         <value>0x589</value>
         <object_component_ref idref="oc-74"/>
      </symbol>
      <symbol id="sm-42a">
         <name>SysCtlIntUnregister</name>
         <value>0x70d</value>
         <object_component_ref idref="oc-74"/>
      </symbol>
      <symbol id="sm-42b">
         <name>SysCtlUSBPLLDisable</name>
         <value>0x105b</value>
         <object_component_ref idref="oc-74"/>
      </symbol>
      <symbol id="sm-42c">
         <name>SysCtlPeripheralReady</name>
         <value>0x3c9</value>
         <object_component_ref idref="oc-74"/>
      </symbol>
      <symbol id="sm-42d">
         <name>SysCtlPIOSCCalibrate</name>
         <value>0x821</value>
         <object_component_ref idref="oc-74"/>
      </symbol>
      <symbol id="sm-42e">
         <name>SysCtlResetCauseClear</name>
         <value>0x7f7</value>
         <object_component_ref idref="oc-74"/>
      </symbol>
      <symbol id="sm-42f">
         <name>SysCtlLDOSleepGet</name>
         <value>0x785</value>
         <object_component_ref idref="oc-74"/>
      </symbol>
      <symbol id="sm-430">
         <name>SysCtlClockFreqSet</name>
         <value>0x8d1</value>
         <object_component_ref idref="oc-74"/>
      </symbol>
      <symbol id="sm-431">
         <name>SysCtlPeripheralReset</name>
         <value>0x481</value>
         <object_component_ref idref="oc-74"/>
      </symbol>
      <symbol id="sm-4ab">
         <name>TimerMatchSet</name>
         <value>0x28fd</value>
         <object_component_ref idref="oc-92"/>
      </symbol>
      <symbol id="sm-4ac">
         <name>TimerLoadSet</name>
         <value>0x281d</value>
         <object_component_ref idref="oc-92"/>
      </symbol>
      <symbol id="sm-4ad">
         <name>TimerDMAEventSet</name>
         <value>0x2a67</value>
         <object_component_ref idref="oc-92"/>
      </symbol>
      <symbol id="sm-4ae">
         <name>TimerADCEventSet</name>
         <value>0x2a47</value>
         <object_component_ref idref="oc-92"/>
      </symbol>
      <symbol id="sm-4af">
         <name>TimerPrescaleMatchGet</name>
         <value>0x2801</value>
         <object_component_ref idref="oc-92"/>
      </symbol>
      <symbol id="sm-4b0">
         <name>TimerPrescaleGet</name>
         <value>0x27b7</value>
         <object_component_ref idref="oc-92"/>
      </symbol>
      <symbol id="sm-4b1">
         <name>TimerControlLevel</name>
         <value>0x25c3</value>
         <object_component_ref idref="oc-92"/>
      </symbol>
      <symbol id="sm-4b2">
         <name>TimerDisable</name>
         <value>0x2529</value>
         <object_component_ref idref="oc-92"/>
      </symbol>
      <symbol id="sm-4b3">
         <name>TimerUpdateMode</name>
         <value>0x2a87</value>
         <object_component_ref idref="oc-92"/>
      </symbol>
      <symbol id="sm-4b4">
         <name>TimerIntRegister</name>
         <value>0x298f</value>
         <object_component_ref idref="oc-92"/>
      </symbol>
      <symbol id="sm-4b5">
         <name>TimerMatchSet64</name>
         <value>0x2943</value>
         <object_component_ref idref="oc-92"/>
      </symbol>
      <symbol id="sm-4b6">
         <name>TimerEnable</name>
         <value>0x250b</value>
         <object_component_ref idref="oc-92"/>
      </symbol>
      <symbol id="sm-4b7">
         <name>TimerLoadGet64</name>
         <value>0x287d</value>
         <object_component_ref idref="oc-92"/>
      </symbol>
      <symbol id="sm-4b8">
         <name>TimerIntUnregister</name>
         <value>0x29b7</value>
         <object_component_ref idref="oc-92"/>
      </symbol>
      <symbol id="sm-4b9">
         <name>TimerValueGet64</name>
         <value>0x28cb</value>
         <object_component_ref idref="oc-92"/>
      </symbol>
      <symbol id="sm-4ba">
         <name>TimerMatchGet</name>
         <value>0x2927</value>
         <object_component_ref idref="oc-92"/>
      </symbol>
      <symbol id="sm-4bb">
         <name>TimerIntStatus</name>
         <value>0x2a05</value>
         <object_component_ref idref="oc-92"/>
      </symbol>
      <symbol id="sm-4bc">
         <name>TimerClockSourceGet</name>
         <value>0x277d</value>
         <object_component_ref idref="oc-92"/>
      </symbol>
      <symbol id="sm-4bd">
         <name>TimerIntDisable</name>
         <value>0x29ed</value>
         <object_component_ref idref="oc-92"/>
      </symbol>
      <symbol id="sm-4be">
         <name>TimerValueGet</name>
         <value>0x28af</value>
         <object_component_ref idref="oc-92"/>
      </symbol>
      <symbol id="sm-4bf">
         <name>TimerControlTrigger</name>
         <value>0x25f9</value>
         <object_component_ref idref="oc-92"/>
      </symbol>
      <symbol id="sm-4c0">
         <name>TimerPrescaleSet</name>
         <value>0x278d</value>
         <object_component_ref idref="oc-92"/>
      </symbol>
      <symbol id="sm-4c1">
         <name>TimerControlStall</name>
         <value>0x2691</value>
         <object_component_ref idref="oc-92"/>
      </symbol>
      <symbol id="sm-4c2">
         <name>TimerMatchGet64</name>
         <value>0x295d</value>
         <object_component_ref idref="oc-92"/>
      </symbol>
      <symbol id="sm-4c3">
         <name>TimerRTCEnable</name>
         <value>0x2727</value>
         <object_component_ref idref="oc-92"/>
      </symbol>
      <symbol id="sm-4c4">
         <name>TimerLoadGet</name>
         <value>0x2847</value>
         <object_component_ref idref="oc-92"/>
      </symbol>
      <symbol id="sm-4c5">
         <name>TimerIntEnable</name>
         <value>0x29d5</value>
         <object_component_ref idref="oc-92"/>
      </symbol>
      <symbol id="sm-4c6">
         <name>TimerClockSourceSet</name>
         <value>0x2753</value>
         <object_component_ref idref="oc-92"/>
      </symbol>
      <symbol id="sm-4c7">
         <name>TimerLoadSet64</name>
         <value>0x2863</value>
         <object_component_ref idref="oc-92"/>
      </symbol>
      <symbol id="sm-4c8">
         <name>TimerDMAEventGet</name>
         <value>0x2a79</value>
         <object_component_ref idref="oc-92"/>
      </symbol>
      <symbol id="sm-4c9">
         <name>TimerRTCDisable</name>
         <value>0x273d</value>
         <object_component_ref idref="oc-92"/>
      </symbol>
      <symbol id="sm-4ca">
         <name>TimerADCEventGet</name>
         <value>0x2a59</value>
         <object_component_ref idref="oc-92"/>
      </symbol>
      <symbol id="sm-4cb">
         <name>TimerPrescaleMatchSet</name>
         <value>0x27d3</value>
         <object_component_ref idref="oc-92"/>
      </symbol>
      <symbol id="sm-4cc">
         <name>TimerControlWaitOnTrigger</name>
         <value>0x26c7</value>
         <object_component_ref idref="oc-92"/>
      </symbol>
      <symbol id="sm-4cd">
         <name>TimerConfigure</name>
         <value>0x2547</value>
         <object_component_ref idref="oc-92"/>
      </symbol>
      <symbol id="sm-4ce">
         <name>TimerControlEvent</name>
         <value>0x2667</value>
         <object_component_ref idref="oc-92"/>
      </symbol>
      <symbol id="sm-4cf">
         <name>TimerIntClear</name>
         <value>0x2a23</value>
         <object_component_ref idref="oc-92"/>
      </symbol>
      <symbol id="sm-4d0">
         <name>TimerSynchronize</name>
         <value>0x2a35</value>
         <object_component_ref idref="oc-92"/>
      </symbol>
      <symbol id="sm-4fa">
         <name>ButtonsInit</name>
         <value>0x311f</value>
         <object_component_ref idref="oc-7a"/>
      </symbol>
      <symbol id="sm-4fb">
         <name>ButtonsPoll</name>
         <value>0x3079</value>
         <object_component_ref idref="oc-7a"/>
      </symbol>
      <symbol id="sm-534">
         <name>__TI_zero_init_nomemset</name>
         <value>0x335d</value>
         <object_component_ref idref="oc-4d"/>
      </symbol>
      <symbol id="sm-54b">
         <name>__TI_decompress_none</name>
         <value>0x3379</value>
         <object_component_ref idref="oc-1b"/>
      </symbol>
      <symbol id="sm-56e">
         <name>__TI_decompress_lzss</name>
         <value>0x323d</value>
         <object_component_ref idref="oc-15"/>
      </symbol>
      <symbol id="sm-581">
         <name>__stack</name>
         <value>0x20000270</value>
         <object_component_ref idref="oc-24"/>
      </symbol>
      <symbol id="sm-582">
         <name>_c_int00_noargs</name>
         <value>0x3329</value>
         <object_component_ref idref="oc-5f"/>
      </symbol>
      <symbol id="sm-59d">
         <name>memcpy</name>
         <value>0x31a1</value>
         <object_component_ref idref="oc-41"/>
      </symbol>
      <symbol id="sm-59e">
         <name>__aeabi_memcpy</name>
         <value>0x31a1</value>
         <object_component_ref idref="oc-41"/>
      </symbol>
      <symbol id="sm-59f">
         <name>__aeabi_memcpy8</name>
         <value>0x31a1</value>
         <object_component_ref idref="oc-41"/>
      </symbol>
      <symbol id="sm-5a0">
         <name>__aeabi_memcpy4</name>
         <value>0x31a1</value>
         <object_component_ref idref="oc-41"/>
      </symbol>
      <symbol id="sm-5c9">
         <name>__TI_auto_init_nobinit_nopinit</name>
         <value>0x32a5</value>
         <object_component_ref idref="oc-145"/>
      </symbol>
      <symbol id="sm-5d3">
         <name>_system_pre_init</name>
         <value>0x3399</value>
         <object_component_ref idref="oc-c5"/>
      </symbol>
      <symbol id="sm-5df">
         <name>C$$EXIT</name>
         <value>0x339d</value>
         <object_component_ref idref="oc-139"/>
      </symbol>
      <symbol id="sm-5e0">
         <name>abort</name>
         <value>0x339d</value>
         <object_component_ref idref="oc-139"/>
      </symbol>
      <symbol id="sm-5e3">
         <name>__TI_static_base__</name>
         <value>0x0</value>
      </symbol>
      <symbol id="sm-5e6">
         <name>__mpu_init</name>
         <value>0x0</value>
      </symbol>
      <symbol id="sm-5e7">
         <name>_system_post_cinit</name>
         <value>0x0</value>
      </symbol>
   </symbol_table>
   <title>Link successful</title>
</link_info>
