******************************************************************************
                  TI ARM Linker PC v20.2.7                     
******************************************************************************
>> Linked Thu Oct 13 16:11:47 2022

OUTPUT FILE NAME:   <P1_MOTORES_2.out>
ENTRY POINT SYMBOL: "_c_int00_noargs"  address: 00003365


MEMORY CONFIGURATION

         name            origin    length      used     unused   attr    fill
----------------------  --------  ---------  --------  --------  ----  --------
  FLASH                 00000000   00040000  00003a44  0003c5bc  R  X
  SRAM                  20000000   00008000  00000471  00007b8f  RW X


SEGMENT ALLOCATION MAP

run origin  load origin   length   init length attrs members
----------  ----------- ---------- ----------- ----- -------
00000000    00000000    00003a48   00003a48    r-x
  00000000    00000000    0000026c   0000026c    r-- .intvecs
  0000026c    0000026c    00003170   00003170    r-x .text
  000033dc    000033dc    00000628   00000628    r-- .const
  00003a08    00003a08    00000040   00000040    r-- .cinit
20000000    20000000    00000472   00000000    rw-
  20000000    20000000    0000026c   00000000    rw- .vtable
  2000026c    2000026c    00000003   00000000    rw- .data
  20000270    20000270    00000200   00000000    rw- .stack
  20000470    20000470    00000002   00000000    rw- .bss


SECTION ALLOCATION MAP

 output                                  attributes/
section   page    origin      length       input sections
--------  ----  ----------  ----------   ----------------
.intvecs   0    00000000    0000026c     
                  00000000    0000026c     tm4c123gh6pm_startup_ccs.obj (.intvecs)

.text      0    0000026c    00003170     
                  0000026c    00000f80     sysctl.obj (.text)
                  000011ec    00000b94     gpio.obj (.text)
                  00001d80    00000718     pwm.obj (.text)
                  00002498    00000642     timer.obj (.text)
                  00002ada    00000002     --HOLE-- [fill = 0]
                  00002adc    000003c0     interrupt.obj (.text)
                  00002e9c    00000218     EJ3A_MOVREC.obj (.text)
                  000030b4    00000128     buttons.obj (.text)
                  000031dc    0000009c     rtsv7M4_T_le_v4SPD16_eabi.lib : memcpy_t2.asm.obj (.text)
                  00003278    00000068                                   : copy_decompress_lzss.c.obj (.text:decompress:lzss:__TI_decompress_lzss)
                  000032e0    00000044                                   : autoinit.c.obj (.text:__TI_auto_init_nobinit_nopinit:__TI_auto_init_nobinit_nopinit)
                  00003324    0000003e     cpu.obj (.text)
                  00003362    00000002     --HOLE-- [fill = 0]
                  00003364    00000034     rtsv7M4_T_le_v4SPD16_eabi.lib : boot_cortex_m.c.obj (.text:_c_int00_noargs:_c_int00_noargs)
                  00003398    0000001c                                   : copy_zero_init.c.obj (.text:decompress:ZI:__TI_zero_init_nomemset:__TI_zero_init_nomemset)
                  000033b4    0000000e                                   : copy_decompress_none.c.obj (.text:decompress:none:__TI_decompress_none)
                  000033c2    0000000c     tm4c123gh6pm_startup_ccs.obj (.text)
                  000033ce    00000006     sysctl.obj (.text:SysCtlDelay)
                  000033d4    00000004     rtsv7M4_T_le_v4SPD16_eabi.lib : pre_init.c.obj (.text:_system_pre_init)
                  000033d8    00000004                                   : exit.c.obj (.text:abort:abort)

.const     0    000033dc    00000628     
                  000033dc    000001b0     sysctl.obj (.const:g_pppui32XTALtoVCO)
                  0000358c    000000d8     gpio.obj (.const:g_ppui32GPIOIntMapSnowflake)
                  00003664    000000c0     gpio.obj (.const:g_ppui32GPIOIntMapBlizzard)
                  00003724    0000009c     interrupt.obj (.const:g_pui32Regs)
                  000037c0    00000090     gpio.obj (.const:g_pui32GPIOBaseAddrs)
                  00003850    0000006c     sysctl.obj (.const:g_pui32Xtals)
                  000038bc    00000060     timer.obj (.const:g_ppui32TimerIntMap)
                  0000391c    00000040     timer.obj (.const:g_ppui32TimerIntMapSnowflake)
                  0000395c    00000030     sysctl.obj (.const:g_sXTALtoMEMTIM)
                  0000398c    00000020     interrupt.obj (.const:g_pui32Priority)
                  000039ac    00000014     interrupt.obj (.const:g_pui32Dii16Regs)
                  000039c0    00000014     interrupt.obj (.const:g_pui32EnRegs)
                  000039d4    00000014     interrupt.obj (.const:g_pui32PendRegs)
                  000039e8    00000014     interrupt.obj (.const:g_pui32UnpendRegs)
                  000039fc    00000008     sysctl.obj (.const:g_pui32VCOFrequencies)

.cinit     0    00003a08    00000040     
                  00003a08    0000000c     (__TI_handler_table)
                  00003a14    00000004     --HOLE-- [fill = 0]
                  00003a18    00000008     (.cinit..bss.load) [load image, compression = zero_init]
                  00003a20    00000008     (.cinit..vtable.load) [load image, compression = zero_init]
                  00003a28    00000007     (.cinit..data.load) [load image, compression = lzss]
                  00003a2f    00000001     --HOLE-- [fill = 0]
                  00003a30    00000018     (__TI_cinit_table)

.init_array 
*          0    00000000    00000000     UNINITIALIZED

.vtable    0    20000000    0000026c     UNINITIALIZED
                  20000000    0000026c     interrupt.obj (.vtable)

.data      0    2000026c    00000003     UNINITIALIZED
                  2000026c    00000003     buttons.obj (.data)

.bss       0    20000470    00000002     UNINITIALIZED
                  20000470    00000002     (.common:ESTADO)

.stack     0    20000270    00000200     UNINITIALIZED
                  20000270    00000004     rtsv7M4_T_le_v4SPD16_eabi.lib : boot_cortex_m.c.obj (.stack)
                  20000274    000001fc     --HOLE--

__llvm_prf_cnts 
*          0    20000000    00000000     UNINITIALIZED

MODULE SUMMARY

       Module                         code    ro data   rw data
       ------                         ----    -------   -------
    .\
       tm4c123gh6pm_startup_ccs.obj   12      620       0      
       EJ3A_MOVREC.obj                536     0         2      
    +--+------------------------------+-------+---------+---------+
       Total:                         548     620       2      
                                                               
    .\driverlib\
       sysctl.obj                     3974    596       0      
       gpio.obj                       2964    552       0      
       interrupt.obj                  960     268       620    
       pwm.obj                        1816    0         0      
       timer.obj                      1602    160       0      
       cpu.obj                        62      0         0      
    +--+------------------------------+-------+---------+---------+
       Total:                         11378   1576      620    
                                                               
    .\drivers\
       buttons.obj                    296     0         3      
    +--+------------------------------+-------+---------+---------+
       Total:                         296     0         3      
                                                               
    C:\ti\ccs1110\ccs\tools\compiler\ti-cgt-arm_20.2.7.LTS\lib\rtsv7M4_T_le_v4SPD16_eabi.lib
       memcpy_t2.asm.obj              156     0         0      
       copy_decompress_lzss.c.obj     104     0         0      
       autoinit.c.obj                 68      0         0      
       boot_cortex_m.c.obj            52      0         0      
       copy_zero_init.c.obj           28      0         0      
       copy_decompress_none.c.obj     14      0         0      
       exit.c.obj                     4       0         0      
       pre_init.c.obj                 4       0         0      
    +--+------------------------------+-------+---------+---------+
       Total:                         430     0         0      
                                                               
       Stack:                         0       0         512    
       Linker Generated:              0       59        0      
    +--+------------------------------+-------+---------+---------+
       Grand Total:                   12652   2255      1137   


LINKER GENERATED COPY TABLES

__TI_cinit_table @ 00003a30 records: 3, size/record: 8, table size: 24
	.bss: load addr=00003a18, load size=00000008 bytes, run addr=20000470, run size=00000002 bytes, compression=zero_init
	.vtable: load addr=00003a20, load size=00000008 bytes, run addr=20000000, run size=0000026c bytes, compression=zero_init
	.data: load addr=00003a28, load size=00000007 bytes, run addr=2000026c, run size=00000003 bytes, compression=lzss


LINKER GENERATED HANDLER TABLE

__TI_handler_table @ 00003a08 records: 3, size/record: 4, table size: 12
	index: 0, handler: __TI_zero_init
	index: 1, handler: __TI_decompress_lzss
	index: 2, handler: __TI_decompress_none


GLOBAL SYMBOLS: SORTED ALPHABETICALLY BY Name 

address   name                            
-------   ----                            
0000315b  ButtonsInit                     
000030b5  ButtonsPoll                     
000033d9  C$$EXIT                         
00003359  CPUbasepriGet                   
0000334b  CPUbasepriSet                   
00003325  CPUcpsid                        
0000333b  CPUcpsie                        
00003331  CPUprimask                      
00003347  CPUwfi                          
00002eb3  ConfigButtons                   
00002edb  ConfigServos                    
00002f63  ConfigTimer                     
20000470  ESTADO                          
00001d59  GPIOADCTriggerDisable           
00001d3b  GPIOADCTriggerEnable            
00001d1d  GPIODMATriggerDisable           
00001cff  GPIODMATriggerEnable            
000012a7  GPIODirModeGet                  
0000124b  GPIODirModeSet                  
00002f99  GPIOFIntHandler                 
0000180f  GPIOIntClear                    
000017d3  GPIOIntDisable                  
000017b9  GPIOIntEnable                   
00001823  GPIOIntRegister                 
0000185b  GPIOIntRegisterPin              
000017ed  GPIOIntStatus                   
00001397  GPIOIntTypeGet                  
000012f3  GPIOIntTypeSet                  
00001841  GPIOIntUnregister               
00001889  GPIOIntUnregisterPin            
00001667  GPIOPadConfigGet                
0000142d  GPIOPadConfigSet                
00001ca1  GPIOPinConfigure                
000018ad  GPIOPinRead                     
000018e5  GPIOPinTypeADC                  
00001909  GPIOPinTypeCAN                  
0000192d  GPIOPinTypeComparator           
00001951  GPIOPinTypeComparatorOutput     
00001975  GPIOPinTypeDIVSCLK              
00001999  GPIOPinTypeEPI                  
000019bd  GPIOPinTypeEthernetLED          
000019e1  GPIOPinTypeEthernetMII          
00001a05  GPIOPinTypeGPIOInput            
00001a29  GPIOPinTypeGPIOOutput           
00001a4d  GPIOPinTypeGPIOOutputOD         
00001a71  GPIOPinTypeHibernateRTCCLK      
00001a95  GPIOPinTypeI2C                  
00001ab9  GPIOPinTypeI2CSCL               
00001add  GPIOPinTypeLCD                  
00001b01  GPIOPinTypeOneWire              
00001b25  GPIOPinTypePWM                  
00001b49  GPIOPinTypeQEI                  
00001b6d  GPIOPinTypeSSI                  
00001b91  GPIOPinTypeTimer                
00001bb5  GPIOPinTypeTrace                
00001bd9  GPIOPinTypeUART                 
00001bfd  GPIOPinTypeUSBAnalog            
00001c21  GPIOPinTypeUSBDigital           
00001c45  GPIOPinTypeWakeHigh             
00001c6b  GPIOPinTypeWakeLow              
00001c91  GPIOPinWakeStatus               
000018c5  GPIOPinWrite                    
00002c9d  IntDisable                      
00002c2b  IntEnable                       
00002d0f  IntIsEnabled                    
00002aef  IntMasterDisable                
00002adf  IntMasterEnable                 
00002e05  IntPendClear                    
00002d95  IntPendSet                      
00002c07  IntPriorityGet                  
00002b7f  IntPriorityGroupingGet          
00002b65  IntPriorityGroupingSet          
00002e5f  IntPriorityMaskGet              
00002e53  IntPriorityMaskSet              
00002bb7  IntPrioritySet                  
00002aff  IntRegister                     
00002e67  IntTrigger                      
00002b51  IntUnregister                   
000023fb  PWMClockGet                     
000023db  PWMClockSet                     
00001f25  PWMDeadBandDisable              
00001eed  PWMDeadBandEnable               
000022a1  PWMFaultIntClear                
000022d3  PWMFaultIntClearExt             
000021bb  PWMFaultIntRegister             
000021d9  PWMFaultIntUnregister           
00001d81  PWMGenConfigure                 
00001e3f  PWMGenDisable                   
00001e25  PWMGenEnable                    
000023a5  PWMGenFaultClear                
000022f1  PWMGenFaultConfigure            
0000236f  PWMGenFaultStatus               
0000234b  PWMGenFaultTriggerGet           
00002321  PWMGenFaultTriggerSet           
00002259  PWMGenIntClear                  
0000212d  PWMGenIntRegister               
0000222f  PWMGenIntStatus                 
00002211  PWMGenIntTrigDisable            
000021f3  PWMGenIntTrigEnable             
00002155  PWMGenIntUnregister             
00001dfb  PWMGenPeriodGet                 
00001dcb  PWMGenPeriodSet                 
00002289  PWMIntDisable                   
00002271  PWMIntEnable                    
000022b3  PWMIntStatus                    
00001ffb  PWMOutputFault                  
00001fc9  PWMOutputFaultLevel             
00001f97  PWMOutputInvert                 
00001f65  PWMOutputState                  
00002425  PWMOutputUpdateMode             
00001ea3  PWMPulseWidthGet                
00001e59  PWMPulseWidthSet                
00001f53  PWMSyncTimeBase                 
00001f41  PWMSyncUpdate                   
000033c3  ResetISR                        
000011a9  SysCtlAltClkConfig              
000008d1  SysCtlClockFreqSet              
00000d99  SysCtlClockGet                  
0000118d  SysCtlClockOutConfig            
00000bc9  SysCtlClockSet                  
000007d5  SysCtlDeepSleep                 
00000f5d  SysCtlDeepSleepClockConfigSet   
00000f3f  SysCtlDeepSleepClockSet         
000007b5  SysCtlDeepSleepPowerSet         
000033cf  SysCtlDelay                     
00000363  SysCtlFlashSectorSizeGet        
00000337  SysCtlFlashSizeGet              
00001033  SysCtlGPIOAHBDisable            
00001017  SysCtlGPIOAHBEnable             
00000749  SysCtlIntClear                  
00000731  SysCtlIntDisable                
0000071d  SysCtlIntEnable                 
000006f5  SysCtlIntRegister               
00000759  SysCtlIntStatus                 
0000070d  SysCtlIntUnregister             
0000079b  SysCtlLDODeepSleepGet           
0000078b  SysCtlLDODeepSleepSet           
00000785  SysCtlLDOSleepGet               
00000775  SysCtlLDOSleepSet               
0000080b  SysCtlMOSCConfigSet             
00001171  SysCtlNMIClear                  
0000115d  SysCtlNMIStatus                 
00000821  SysCtlPIOSCCalibrate            
00001001  SysCtlPWMClockGet               
00000fe7  SysCtlPWMClockSet               
000006a1  SysCtlPeripheralClockGating     
00000659  SysCtlPeripheralDeepSleepDisable
00000609  SysCtlPeripheralDeepSleepEnable 
00000545  SysCtlPeripheralDisable         
00000509  SysCtlPeripheralEnable          
00000445  SysCtlPeripheralPowerOff        
00000409  SysCtlPeripheralPowerOn         
00000389  SysCtlPeripheralPresent         
000003c9  SysCtlPeripheralReady           
00000481  SysCtlPeripheralReset           
000005cd  SysCtlPeripheralSleepDisable    
00000589  SysCtlPeripheralSleepEnable     
000007c5  SysCtlReset                     
00000881  SysCtlResetBehaviorGet          
00000871  SysCtlResetBehaviorSet          
000007f7  SysCtlResetCauseClear           
000007f1  SysCtlResetCauseGet             
0000032d  SysCtlSRAMSizeGet               
000007cd  SysCtlSleep                     
000007a1  SysCtlSleepPowerSet             
0000105b  SysCtlUSBPLLDisable             
0000104f  SysCtlUSBPLLEnable              
000010a1  SysCtlVCOGet                    
00001089  SysCtlVoltageEventClear         
0000106d  SysCtlVoltageEventConfig        
0000107d  SysCtlVoltageEventStatus        
00002fdf  Timer0IntHandler                
00002a59  TimerADCEventGet                
00002a47  TimerADCEventSet                
0000277d  TimerClockSourceGet             
00002753  TimerClockSourceSet             
00002547  TimerConfigure                  
00002667  TimerControlEvent               
000025c3  TimerControlLevel               
00002691  TimerControlStall               
000025f9  TimerControlTrigger             
000026c7  TimerControlWaitOnTrigger       
00002a79  TimerDMAEventGet                
00002a67  TimerDMAEventSet                
00002529  TimerDisable                    
0000250b  TimerEnable                     
00002a23  TimerIntClear                   
000029ed  TimerIntDisable                 
000029d5  TimerIntEnable                  
0000298f  TimerIntRegister                
00002a05  TimerIntStatus                  
000029b7  TimerIntUnregister              
00002847  TimerLoadGet                    
0000287d  TimerLoadGet64                  
0000281d  TimerLoadSet                    
00002863  TimerLoadSet64                  
00002927  TimerMatchGet                   
0000295d  TimerMatchGet64                 
000028fd  TimerMatchSet                   
00002943  TimerMatchSet64                 
000027b7  TimerPrescaleGet                
00002801  TimerPrescaleMatchGet           
000027d3  TimerPrescaleMatchSet           
0000278d  TimerPrescaleSet                
0000273d  TimerRTCDisable                 
00002727  TimerRTCEnable                  
00002a35  TimerSynchronize                
00002a87  TimerUpdateMode                 
000028af  TimerValueGet                   
000028cb  TimerValueGet64                 
20000470  __STACK_END                     
00000200  __STACK_SIZE                    
20000470  __STACK_TOP                     
00003a30  __TI_CINIT_Base                 
00003a48  __TI_CINIT_Limit                
00003a08  __TI_Handler_Table_Base         
00003a14  __TI_Handler_Table_Limit        
000032e1  __TI_auto_init_nobinit_nopinit  
00003279  __TI_decompress_lzss            
000033b5  __TI_decompress_none            
ffffffff  __TI_pprof_out_hndl             
ffffffff  __TI_prof_data_size             
ffffffff  __TI_prof_data_start            
00000000  __TI_static_base__              
00003399  __TI_zero_init_nomemset         
000031dd  __aeabi_memcpy                  
000031dd  __aeabi_memcpy4                 
000031dd  __aeabi_memcpy8                 
ffffffff  __binit__                       
ffffffff  __c_args__                      
UNDEFED   __mpu_init                      
20000270  __stack                         
20000000  __start___llvm_prf_cnts         
20000000  __stop___llvm_prf_cnts          
00003365  _c_int00_noargs                 
UNDEFED   _system_post_cinit              
000033d5  _system_pre_init                
000033d9  abort                           
ffffffff  binit                           
20000000  g_pfnRAMVectors                 
00000000  g_pfnVectors                    
00002e9d  main                            
000031dd  memcpy                          


GLOBAL SYMBOLS: SORTED BY Symbol Address 

address   name                            
-------   ----                            
00000000  __TI_static_base__              
00000000  g_pfnVectors                    
00000200  __STACK_SIZE                    
0000032d  SysCtlSRAMSizeGet               
00000337  SysCtlFlashSizeGet              
00000363  SysCtlFlashSectorSizeGet        
00000389  SysCtlPeripheralPresent         
000003c9  SysCtlPeripheralReady           
00000409  SysCtlPeripheralPowerOn         
00000445  SysCtlPeripheralPowerOff        
00000481  SysCtlPeripheralReset           
00000509  SysCtlPeripheralEnable          
00000545  SysCtlPeripheralDisable         
00000589  SysCtlPeripheralSleepEnable     
000005cd  SysCtlPeripheralSleepDisable    
00000609  SysCtlPeripheralDeepSleepEnable 
00000659  SysCtlPeripheralDeepSleepDisable
000006a1  SysCtlPeripheralClockGating     
000006f5  SysCtlIntRegister               
0000070d  SysCtlIntUnregister             
0000071d  SysCtlIntEnable                 
00000731  SysCtlIntDisable                
00000749  SysCtlIntClear                  
00000759  SysCtlIntStatus                 
00000775  SysCtlLDOSleepSet               
00000785  SysCtlLDOSleepGet               
0000078b  SysCtlLDODeepSleepSet           
0000079b  SysCtlLDODeepSleepGet           
000007a1  SysCtlSleepPowerSet             
000007b5  SysCtlDeepSleepPowerSet         
000007c5  SysCtlReset                     
000007cd  SysCtlSleep                     
000007d5  SysCtlDeepSleep                 
000007f1  SysCtlResetCauseGet             
000007f7  SysCtlResetCauseClear           
0000080b  SysCtlMOSCConfigSet             
00000821  SysCtlPIOSCCalibrate            
00000871  SysCtlResetBehaviorSet          
00000881  SysCtlResetBehaviorGet          
000008d1  SysCtlClockFreqSet              
00000bc9  SysCtlClockSet                  
00000d99  SysCtlClockGet                  
00000f3f  SysCtlDeepSleepClockSet         
00000f5d  SysCtlDeepSleepClockConfigSet   
00000fe7  SysCtlPWMClockSet               
00001001  SysCtlPWMClockGet               
00001017  SysCtlGPIOAHBEnable             
00001033  SysCtlGPIOAHBDisable            
0000104f  SysCtlUSBPLLEnable              
0000105b  SysCtlUSBPLLDisable             
0000106d  SysCtlVoltageEventConfig        
0000107d  SysCtlVoltageEventStatus        
00001089  SysCtlVoltageEventClear         
000010a1  SysCtlVCOGet                    
0000115d  SysCtlNMIStatus                 
00001171  SysCtlNMIClear                  
0000118d  SysCtlClockOutConfig            
000011a9  SysCtlAltClkConfig              
0000124b  GPIODirModeSet                  
000012a7  GPIODirModeGet                  
000012f3  GPIOIntTypeSet                  
00001397  GPIOIntTypeGet                  
0000142d  GPIOPadConfigSet                
00001667  GPIOPadConfigGet                
000017b9  GPIOIntEnable                   
000017d3  GPIOIntDisable                  
000017ed  GPIOIntStatus                   
0000180f  GPIOIntClear                    
00001823  GPIOIntRegister                 
00001841  GPIOIntUnregister               
0000185b  GPIOIntRegisterPin              
00001889  GPIOIntUnregisterPin            
000018ad  GPIOPinRead                     
000018c5  GPIOPinWrite                    
000018e5  GPIOPinTypeADC                  
00001909  GPIOPinTypeCAN                  
0000192d  GPIOPinTypeComparator           
00001951  GPIOPinTypeComparatorOutput     
00001975  GPIOPinTypeDIVSCLK              
00001999  GPIOPinTypeEPI                  
000019bd  GPIOPinTypeEthernetLED          
000019e1  GPIOPinTypeEthernetMII          
00001a05  GPIOPinTypeGPIOInput            
00001a29  GPIOPinTypeGPIOOutput           
00001a4d  GPIOPinTypeGPIOOutputOD         
00001a71  GPIOPinTypeHibernateRTCCLK      
00001a95  GPIOPinTypeI2C                  
00001ab9  GPIOPinTypeI2CSCL               
00001add  GPIOPinTypeLCD                  
00001b01  GPIOPinTypeOneWire              
00001b25  GPIOPinTypePWM                  
00001b49  GPIOPinTypeQEI                  
00001b6d  GPIOPinTypeSSI                  
00001b91  GPIOPinTypeTimer                
00001bb5  GPIOPinTypeTrace                
00001bd9  GPIOPinTypeUART                 
00001bfd  GPIOPinTypeUSBAnalog            
00001c21  GPIOPinTypeUSBDigital           
00001c45  GPIOPinTypeWakeHigh             
00001c6b  GPIOPinTypeWakeLow              
00001c91  GPIOPinWakeStatus               
00001ca1  GPIOPinConfigure                
00001cff  GPIODMATriggerEnable            
00001d1d  GPIODMATriggerDisable           
00001d3b  GPIOADCTriggerEnable            
00001d59  GPIOADCTriggerDisable           
00001d81  PWMGenConfigure                 
00001dcb  PWMGenPeriodSet                 
00001dfb  PWMGenPeriodGet                 
00001e25  PWMGenEnable                    
00001e3f  PWMGenDisable                   
00001e59  PWMPulseWidthSet                
00001ea3  PWMPulseWidthGet                
00001eed  PWMDeadBandEnable               
00001f25  PWMDeadBandDisable              
00001f41  PWMSyncUpdate                   
00001f53  PWMSyncTimeBase                 
00001f65  PWMOutputState                  
00001f97  PWMOutputInvert                 
00001fc9  PWMOutputFaultLevel             
00001ffb  PWMOutputFault                  
0000212d  PWMGenIntRegister               
00002155  PWMGenIntUnregister             
000021bb  PWMFaultIntRegister             
000021d9  PWMFaultIntUnregister           
000021f3  PWMGenIntTrigEnable             
00002211  PWMGenIntTrigDisable            
0000222f  PWMGenIntStatus                 
00002259  PWMGenIntClear                  
00002271  PWMIntEnable                    
00002289  PWMIntDisable                   
000022a1  PWMFaultIntClear                
000022b3  PWMIntStatus                    
000022d3  PWMFaultIntClearExt             
000022f1  PWMGenFaultConfigure            
00002321  PWMGenFaultTriggerSet           
0000234b  PWMGenFaultTriggerGet           
0000236f  PWMGenFaultStatus               
000023a5  PWMGenFaultClear                
000023db  PWMClockSet                     
000023fb  PWMClockGet                     
00002425  PWMOutputUpdateMode             
0000250b  TimerEnable                     
00002529  TimerDisable                    
00002547  TimerConfigure                  
000025c3  TimerControlLevel               
000025f9  TimerControlTrigger             
00002667  TimerControlEvent               
00002691  TimerControlStall               
000026c7  TimerControlWaitOnTrigger       
00002727  TimerRTCEnable                  
0000273d  TimerRTCDisable                 
00002753  TimerClockSourceSet             
0000277d  TimerClockSourceGet             
0000278d  TimerPrescaleSet                
000027b7  TimerPrescaleGet                
000027d3  TimerPrescaleMatchSet           
00002801  TimerPrescaleMatchGet           
0000281d  TimerLoadSet                    
00002847  TimerLoadGet                    
00002863  TimerLoadSet64                  
0000287d  TimerLoadGet64                  
000028af  TimerValueGet                   
000028cb  TimerValueGet64                 
000028fd  TimerMatchSet                   
00002927  TimerMatchGet                   
00002943  TimerMatchSet64                 
0000295d  TimerMatchGet64                 
0000298f  TimerIntRegister                
000029b7  TimerIntUnregister              
000029d5  TimerIntEnable                  
000029ed  TimerIntDisable                 
00002a05  TimerIntStatus                  
00002a23  TimerIntClear                   
00002a35  TimerSynchronize                
00002a47  TimerADCEventSet                
00002a59  TimerADCEventGet                
00002a67  TimerDMAEventSet                
00002a79  TimerDMAEventGet                
00002a87  TimerUpdateMode                 
00002adf  IntMasterEnable                 
00002aef  IntMasterDisable                
00002aff  IntRegister                     
00002b51  IntUnregister                   
00002b65  IntPriorityGroupingSet          
00002b7f  IntPriorityGroupingGet          
00002bb7  IntPrioritySet                  
00002c07  IntPriorityGet                  
00002c2b  IntEnable                       
00002c9d  IntDisable                      
00002d0f  IntIsEnabled                    
00002d95  IntPendSet                      
00002e05  IntPendClear                    
00002e53  IntPriorityMaskSet              
00002e5f  IntPriorityMaskGet              
00002e67  IntTrigger                      
00002e9d  main                            
00002eb3  ConfigButtons                   
00002edb  ConfigServos                    
00002f63  ConfigTimer                     
00002f99  GPIOFIntHandler                 
00002fdf  Timer0IntHandler                
000030b5  ButtonsPoll                     
0000315b  ButtonsInit                     
000031dd  __aeabi_memcpy                  
000031dd  __aeabi_memcpy4                 
000031dd  __aeabi_memcpy8                 
000031dd  memcpy                          
00003279  __TI_decompress_lzss            
000032e1  __TI_auto_init_nobinit_nopinit  
00003325  CPUcpsid                        
00003331  CPUprimask                      
0000333b  CPUcpsie                        
00003347  CPUwfi                          
0000334b  CPUbasepriSet                   
00003359  CPUbasepriGet                   
00003365  _c_int00_noargs                 
00003399  __TI_zero_init_nomemset         
000033b5  __TI_decompress_none            
000033c3  ResetISR                        
000033cf  SysCtlDelay                     
000033d5  _system_pre_init                
000033d9  C$$EXIT                         
000033d9  abort                           
00003a08  __TI_Handler_Table_Base         
00003a14  __TI_Handler_Table_Limit        
00003a30  __TI_CINIT_Base                 
00003a48  __TI_CINIT_Limit                
20000000  __start___llvm_prf_cnts         
20000000  __stop___llvm_prf_cnts          
20000000  g_pfnRAMVectors                 
20000270  __stack                         
20000470  ESTADO                          
20000470  __STACK_END                     
20000470  __STACK_TOP                     
ffffffff  __TI_pprof_out_hndl             
ffffffff  __TI_prof_data_size             
ffffffff  __TI_prof_data_start            
ffffffff  __binit__                       
ffffffff  __c_args__                      
ffffffff  binit                           
UNDEFED   __mpu_init                      
UNDEFED   _system_post_cinit              

[243 symbols]
