******************************************************************************
                  TI ARM Linker PC v20.2.7                     
******************************************************************************
>> Linked Thu Nov  3 12:16:07 2022

OUTPUT FILE NAME:   <P2_SENSORES.out>
ENTRY POINT SYMBOL: "_c_int00_noargs"  address: 0000e315


MEMORY CONFIGURATION

         name            origin    length      used     unused   attr    fill
----------------------  --------  ---------  --------  --------  ----  --------
  FLASH                 00000000   00040000  0000ed6e  00031292  R  X
  SRAM                  20000000   00008000  00005b9c  00002464  RW X


SEGMENT ALLOCATION MAP

run origin  load origin   length   init length attrs members
----------  ----------- ---------- ----------- ----- -------
00000000    00000000    0000ed70   0000ed70    r-x
  00000000    00000000    0000026c   0000026c    r-- .intvecs
  0000026c    0000026c    0000e25a   0000e25a    r-x .text
  0000e4c8    0000e4c8    00000820   00000820    r-- .const
  0000ece8    0000ece8    00000088   00000088    r-- .cinit
20000000    20000000    00005b9c   00000000    rw-
  20000000    20000000    0000026c   00000000    rw- .vtable
  2000026c    2000026c    00005664   00000000    rw- .bss
  200058d0    200058d0    00000200   00000000    rw- .stack
  20005ad0    20005ad0    000000cc   00000000    rw- .data


SECTION ALLOCATION MAP

 output                                  attributes/
section   page    origin      length       input sections
--------  ----  ----------  ----------   ----------------
.intvecs   0    00000000    0000026c     
                  00000000    0000026c     startup_ccs.obj (.intvecs)

.text      0    0000026c    0000e25a     
                  0000026c    000019b4     tasks.obj (.text)
                  00001c20    000015b6     usb.obj (.text)
                  000031d6    00000002     rtsv7M4_T_le_v4SPD16_eabi.lib : div0.asm.obj (.text)
                  000031d8    0000134c     usbdenum.obj (.text)
                  00004524    00000f80     sysctl.obj (.text)
                  000054a4    00000f20     usbdma.obj (.text)
                  000063c4    00000ba0     queue.obj (.text)
                  00006f64    00000b94     gpio.obj (.text)
                  00007af8    00000ab0     uartstdioMod.obj (.text)
                  000085a8    00000a4e     rtsv7M4_T_le_v4SPD16_eabi.lib : _printfi.c.obj (.text:__TI_printfi)
                  00008ff6    00000002     --HOLE-- [fill = 0]
                  00008ff8    0000083a     adc.obj (.text)
                  00009832    00000002     --HOLE-- [fill = 0]
                  00009834    00000718     pwm.obj (.text)
                  00009f4c    000006f0     timers.obj (.text)
                  0000a63c    00000642     timer.obj (.text)
                  0000ac7e    00000002     --HOLE-- [fill = 0]
                  0000ac80    0000062e     uart.obj (.text)
                  0000b2ae    00000002     --HOLE-- [fill = 0]
                  0000b2b0    000004a8     ENCONDERS_1_2.obj (.text)
                  0000b758    000003c0     interrupt.obj (.text)
                  0000bb18    00000388     usbdconfig.obj (.text)
                  0000bea0    00000378     heap_4.obj (.text)
                  0000c218    000002de     usbdcdesc.obj (.text)
                  0000c4f6    00000002     --HOLE-- [fill = 0]
                  0000c4f8    00000270     rtsv7M4_T_le_v4SPD16_eabi.lib : _printfi.c.obj (.text:_pconv_a)
                  0000c768    000001d2     usbdesc.obj (.text)
                  0000c93a    00000002     --HOLE-- [fill = 0]
                  0000c93c    000001d0     rtsv7M4_T_le_v4SPD16_eabi.lib : _printfi.c.obj (.text:_pconv_g)
                  0000cb0c    000001b6                                   : fd_add_t2.asm.obj (.text)
                  0000ccc2    00000002     --HOLE-- [fill = 0]
                  0000ccc4    0000016c     configADC.obj (.text)
                  0000ce30    00000150     port.obj (.text)
                  0000cf80    0000013c     rtsv7M4_T_le_v4SPD16_eabi.lib : _printfi.c.obj (.text:_pconv_e)
                  0000d0bc    00000136                                   : fd_div_t2.asm.obj (.text)
                  0000d1f2    0000012a     list.obj (.text)
                  0000d31c    00000128     buttons.obj (.text)
                  0000d444    00000124     rtsv7M4_T_le_v4SPD16_eabi.lib : _printfi.c.obj (.text:fcvt)
                  0000d568    00000110                                   : s_scalbn.c.obj (.text:scalbn)
                  0000d678    000000fc                                   : fd_mul_t2.asm.obj (.text)
                  0000d774    000000f0     cpu_usage.obj (.text)
                  0000d864    000000ec     usbtick.obj (.text)
                  0000d950    000000da     portasm.obj (.text)
                  0000da2a    000000c8     usbulpi.obj (.text)
                  0000daf2    00000002     --HOLE-- [fill = 0]
                  0000daf4    000000b1     rtsv7M4_T_le_v4SPD16_eabi.lib : _printfi.c.obj (.text:_ltostr)
                  0000dba5    00000001     --HOLE-- [fill = 0]
                  0000dba6    0000009c                                   : memcpy_t2.asm.obj (.text)
                  0000dc42    00000096                                   : ull_div_t2.asm.obj (.text)
                  0000dcd8    00000086                                   : fd_cmp_t2.asm.obj (.text:__aeabi_cdcmple)
                  0000dd5e    00000086                                   : fd_cmp_t2.asm.obj (.text:__aeabi_cdrcmple)
                  0000dde4    0000007a                                   : memset_t2.asm.obj (.text)
                  0000de5e    0000006e                                   : _printfi.c.obj (.text:_mcpy)
                  0000decc    00000068     RunTimeStatsConfig.obj (.text)
                  0000df34    00000068     rtsv7M4_T_le_v4SPD16_eabi.lib : copy_decompress_lzss.c.obj (.text:decompress:lzss:__TI_decompress_lzss)
                  0000df9c    00000064                                   : s_frexp.c.obj (.text:frexp)
                  0000e000    00000056                                   : _printfi.c.obj (.text:_pconv_f)
                  0000e056    00000054                                   : _ltoa.c.obj (.text:__TI_ltoa)
                  0000e0aa    00000052                                   : _printfi.c.obj (.text:_ecpy)
                  0000e0fc    0000004c                                   : atoi.c.obj (.text:atoi)
                  0000e148    00000048                                   : fd_toi_t2.asm.obj (.text)
                  0000e190    00000044                                   : autoinit.c.obj (.text:__TI_auto_init_nobinit_nopinit:__TI_auto_init_nobinit_nopinit)
                  0000e1d4    00000044                                   : fd_tou_t2.asm.obj (.text)
                  0000e218    00000040                                   : u_divt2.asm.obj (.text)
                  0000e258    00000040                                   : sprintf.c.obj (.text:sprintf)
                  0000e298    0000003e                                   : _printfi.c.obj (.text:_fcpy)
                  0000e2d6    0000003e     cpu.obj (.text)
                  0000e314    00000034     rtsv7M4_T_le_v4SPD16_eabi.lib : boot_cortex_m.c.obj (.text:_c_int00_noargs:_c_int00_noargs)
                  0000e348    0000002e                                   : i_tofd_t2.asm.obj (.text)
                  0000e376    00000002     --HOLE-- [fill = 0]
                  0000e378    00000024     RunTimeStatsConfig.obj (.text:GetOverflowCounts)
                  0000e39c    00000024     usbdhandler.obj (.text)
                  0000e3c0    00000020     rtsv7M4_T_le_v4SPD16_eabi.lib : u_tofd_t2.asm.obj (.text)
                  0000e3e0    0000001c                                   : memccpy.c.obj (.text:memccpy)
                  0000e3fc    0000001a                                   : s_copysign.c.obj (.text:copysign)
                  0000e416    00000018                                   : sprintf.c.obj (.text:_outs)
                  0000e42e    00000016                                   : strchr.c.obj (.text:strchr)
                  0000e444    00000014                                   : strcpy.c.obj (.text:strcpy)
                  0000e458    00000014                                   : strlen.c.obj (.text:strlen)
                  0000e46c    00000012                                   : wcslen.c.obj (.text:wcslen)
                  0000e47e    0000000e                                   : copy_decompress_none.c.obj (.text:decompress:none:__TI_decompress_none)
                  0000e48c    0000000c                                   : copy_zero_init.c.obj (.text:decompress:ZI:__TI_zero_init)
                  0000e498    0000000c     startup_ccs.obj (.text)
                  0000e4a4    0000000a     rtsv7M4_T_le_v4SPD16_eabi.lib : sprintf.c.obj (.text:_outc)
                  0000e4ae    00000002     --HOLE-- [fill = 0]
                  0000e4b0    00000008                                   : errno.c.obj (.text:__aeabi_errno_addr)
                  0000e4b8    00000006     sysctl.obj (.text:SysCtlDelay)
                  0000e4be    00000004     rtsv7M4_T_le_v4SPD16_eabi.lib : pre_init.c.obj (.text:_system_pre_init)
                  0000e4c2    00000004                                   : exit.c.obj (.text:abort:abort)

.const     0    0000e4c8    00000820     
                  0000e4c8    000001b0     sysctl.obj (.const:g_pppui32XTALtoVCO)
                  0000e678    00000101     rtsv7M4_T_le_v4SPD16_eabi.lib : ctype.c.obj (.const:.string:_ctypes_)
                  0000e779    00000003     --HOLE-- [fill = 0]
                  0000e77c    000000d8     gpio.obj (.const:g_ppui32GPIOIntMapSnowflake)
                  0000e854    000000c0     gpio.obj (.const:g_ppui32GPIOIntMapBlizzard)
                  0000e914    0000009c     interrupt.obj (.const:g_pui32Regs)
                  0000e9b0    00000090     gpio.obj (.const:g_pui32GPIOBaseAddrs)
                  0000ea40    0000006c     sysctl.obj (.const:g_pui32Xtals)
                  0000eaac    00000060     timer.obj (.const:g_ppui32TimerIntMap)
                  0000eb0c    00000040     timer.obj (.const:g_ppui32TimerIntMapSnowflake)
                  0000eb4c    00000040     uart.obj (.const:g_ppui32UARTIntMap)
                  0000eb8c    00000040     uart.obj (.const:g_ppui32UARTIntMapSnowflake)
                  0000ebcc    00000034     usbdenum.obj (.const:g_psUSBDStdRequests)
                  0000ec00    00000030     sysctl.obj (.const:g_sXTALtoMEMTIM)
                  0000ec30    00000020     interrupt.obj (.const:g_pui32Priority)
                  0000ec50    00000014     interrupt.obj (.const:g_pui32Dii16Regs)
                  0000ec64    00000014     interrupt.obj (.const:g_pui32EnRegs)
                  0000ec78    00000014     interrupt.obj (.const:g_pui32PendRegs)
                  0000ec8c    00000014     interrupt.obj (.const:g_pui32UnpendRegs)
                  0000eca0    00000012     uartstdioMod.obj (.const:.string)
                  0000ecb2    00000002     --HOLE-- [fill = 0]
                  0000ecb4    0000000c     uartstdioMod.obj (.const:g_ui32UARTBase)
                  0000ecc0    0000000c     uartstdioMod.obj (.const:g_ui32UARTInt)
                  0000eccc    0000000c     uartstdioMod.obj (.const:g_ui32UARTPeriph)
                  0000ecd8    00000008     sysctl.obj (.const:g_pui32VCOFrequencies)
                  0000ece0    00000004     port.obj (.const)
                  0000ece4    00000004     uartstdioMod.obj (.const)

.cinit     0    0000ece8    00000088     
                  0000ece8    0000004f     (.cinit..data.load) [load image, compression = lzss]
                  0000ed37    00000001     --HOLE-- [fill = 0]
                  0000ed38    0000000c     (__TI_handler_table)
                  0000ed44    00000004     --HOLE-- [fill = 0]
                  0000ed48    00000008     (.cinit..bss.load) [load image, compression = zero_init]
                  0000ed50    00000008     (.cinit..vtable.load) [load image, compression = zero_init]
                  0000ed58    00000018     (__TI_cinit_table)

.init_array 
*          0    00000000    00000000     UNINITIALIZED

.vtable    0    20000000    0000026c     UNINITIALIZED
                  20000000    0000026c     interrupt.obj (.vtable)

.bss       0    2000026c    00005664     UNINITIALIZED
                  2000026c    00005000     heap_4.obj (.bss:ucHeap)
                  2000526c    00000200     uartstdioMod.obj (.bss:g_pcUARTRxHistoryBuffer)
                  2000546c    00000140     tasks.obj (.bss:pxReadyTasksLists)
                  200055ac    00000110     usbdma.obj (.bss:g_psUSBDMAInst)
                  200056bc    00000050     (.common:g_psDCDInst)
                  2000570c    00000050     (.common:xQueueRegistry)
                  2000575c    00000040     usbdenum.obj (.bss:g_pui8DataBufferIn)
                  2000579c    00000020     uartstdioMod.obj (.bss:g_usUARTRxHistoryOffset)
                  200057bc    00000018     (.common:g_pfnTickHandlers)
                  200057d4    00000018     (.common:g_pvTickInstance)
                  200057ec    00000014     timers.obj (.bss:xActiveTimerList1)
                  20005800    00000014     timers.obj (.bss:xActiveTimerList2)
                  20005814    00000014     tasks.obj (.bss:xDelayedTaskList1)
                  20005828    00000014     tasks.obj (.bss:xDelayedTaskList2)
                  2000583c    00000014     tasks.obj (.bss:xPendingReadyList)
                  20005850    00000014     tasks.obj (.bss:xSuspendedTaskList)
                  20005864    00000014     tasks.obj (.bss:xTasksWaitingTermination)
                  20005878    00000010     uartstdioMod.obj (.bss)
                  20005888    0000000c     cpu_usage.obj (.bss)
                  20005894    00000008     adc.obj (.bss:g_pui8OversampleFactor)
                  2000589c    00000008     tasks.obj (.bss)
                  200058a4    00000008     timers.obj (.bss)
                  200058ac    00000008     heap_4.obj (.bss:xStart)
                  200058b4    00000004     configADC.obj (.bss)
                  200058b8    00000004     usbdenum.obj (.bss)
                  200058bc    00000004     (.common:g_ppsDevInfo)
                  200058c0    00000004     (.common:g_ui32CPUUsage)
                  200058c4    00000004     (.common:g_ui32SystemClock)
                  200058c8    00000004     (.common:semaforo_adc)
                  200058cc    00000004     (.common:semaforo_motor)

.data      0    20005ad0    000000cc     UNINITIALIZED
                  20005ad0    0000003c     tasks.obj (.data)
                  20005b0c    00000018     cpu_usage.obj (.data:g_pui32CPUUsageTimerBase)
                  20005b24    00000018     cpu_usage.obj (.data:g_pui32CPUUsageTimerPeriph)
                  20005b3c    00000018     heap_4.obj (.data)
                  20005b54    0000000c     timers.obj (.data)
                  20005b60    0000000c     uartstdioMod.obj (.data)
                  20005b6c    0000000c     usbtick.obj (.data)
                  20005b78    00000009     usbmode.obj (.data)
                  20005b81    00000003     buttons.obj (.data)
                  20005b84    00000008     usbdenum.obj (.data)
                  20005b8c    00000007     ENCONDERS_1_2.obj (.data)
                  20005b93    00000001     --HOLE--
                  20005b94    00000004     port.obj (.data)
                  20005b98    00000004     rtsv7M4_T_le_v4SPD16_eabi.lib : errno.c.obj (.data)

.stack     0    200058d0    00000200     UNINITIALIZED
                  200058d0    00000004     rtsv7M4_T_le_v4SPD16_eabi.lib : boot_cortex_m.c.obj (.stack)
                  200058d4    000001fc     --HOLE--

__llvm_prf_cnts 
*          0    20000000    00000000     UNINITIALIZED

MODULE SUMMARY

       Module                       code    ro data   rw data
       ------                       ----    -------   -------
    .\
       ENCONDERS_1_2.obj            1192    0         23     
       startup_ccs.obj              12      620       0      
    +--+----------------------------+-------+---------+---------+
       Total:                       1204    620       23     
                                                             
    .\FreeRTOS\Source\
       tasks.obj                    6580    0         488    
       queue.obj                    2976    0         80     
       timers.obj                   1776    0         60     
       list.obj                     298     0         0      
    +--+----------------------------+-------+---------+---------+
       Total:                       11630   0         628    
                                                             
    .\FreeRTOS\Source\portable\CCS\ARM_CM4F\
       port.obj                     336     4         4      
       portasm.obj                  218     0         0      
    +--+----------------------------+-------+---------+---------+
       Total:                       554     4         4      
                                                             
    .\FreeRTOS\Source\portable\MemMang\
       heap_4.obj                   888     0         20512  
    +--+----------------------------+-------+---------+---------+
       Total:                       888     0         20512  
                                                             
    .\driverlib\
       usb.obj                      5558    0         0      
       sysctl.obj                   3974    596       0      
       gpio.obj                     2964    552       0      
       adc.obj                      2106    0         8      
       interrupt.obj                960     268       620    
       pwm.obj                      1816    0         0      
       timer.obj                    1602    160       0      
       uart.obj                     1582    128       0      
       cpu.obj                      62      0         0      
    +--+----------------------------+-------+---------+---------+
       Total:                       20624   1704      628    
                                                             
    .\drivers\
       configADC.obj                364     0         4      
       buttons.obj                  296     0         3      
    +--+----------------------------+-------+---------+---------+
       Total:                       660     0         7      
                                                             
    .\usblib\
       usbdma.obj                   3872    0         272    
       usbdesc.obj                  466     0         0      
       usbtick.obj                  236     0         60     
       usbulpi.obj                  200     0         0      
       usbmode.obj                  0       0         9      
    +--+----------------------------+-------+---------+---------+
       Total:                       4774    0         341    
                                                             
    .\usblib\device\
       usbdenum.obj                 4940    52        160    
       usbdconfig.obj               904     0         0      
       usbdcdesc.obj                734     0         0      
       usbdhandler.obj              36      0         0      
    +--+----------------------------+-------+---------+---------+
       Total:                       6614    52        160    
                                                             
    .\utils\
       uartstdioMod.obj             2736    58        572    
       cpu_usage.obj                240     0         60     
       RunTimeStatsConfig.obj       140     0         0      
    +--+----------------------------+-------+---------+---------+
       Total:                       3116    58        632    
                                                             
    C:\ti\ccs1110\ccs\tools\compiler\ti-cgt-arm_20.2.7.LTS\lib\rtsv7M4_T_le_v4SPD16_eabi.lib
       _printfi.c.obj               4851    0         0      
       fd_add_t2.asm.obj            438     0         0      
       fd_div_t2.asm.obj            310     0         0      
       s_scalbn.c.obj               272     0         0      
       fd_cmp_t2.asm.obj            268     0         0      
       ctype.c.obj                  0       257       0      
       fd_mul_t2.asm.obj            252     0         0      
       memcpy_t2.asm.obj            156     0         0      
       ull_div_t2.asm.obj           150     0         0      
       memset_t2.asm.obj            122     0         0      
       copy_decompress_lzss.c.obj   104     0         0      
       s_frexp.c.obj                100     0         0      
       sprintf.c.obj                98      0         0      
       _ltoa.c.obj                  84      0         0      
       atoi.c.obj                   76      0         0      
       fd_toi_t2.asm.obj            72      0         0      
       autoinit.c.obj               68      0         0      
       fd_tou_t2.asm.obj            68      0         0      
       u_divt2.asm.obj              64      0         0      
       boot_cortex_m.c.obj          52      0         0      
       i_tofd_t2.asm.obj            46      0         0      
       u_tofd_t2.asm.obj            32      0         0      
       memccpy.c.obj                28      0         0      
       s_copysign.c.obj             26      0         0      
       strchr.c.obj                 22      0         0      
       strcpy.c.obj                 20      0         0      
       strlen.c.obj                 20      0         0      
       wcslen.c.obj                 18      0         0      
       copy_decompress_none.c.obj   14      0         0      
       copy_zero_init.c.obj         12      0         0      
       errno.c.obj                  8       0         4      
       exit.c.obj                   4       0         0      
       pre_init.c.obj               4       0         0      
       div0.asm.obj                 2       0         0      
    +--+----------------------------+-------+---------+---------+
       Total:                       7861    257       4      
                                                             
       Stack:                       0       0         512    
       Linker Generated:            0       131       0      
    +--+----------------------------+-------+---------+---------+
       Grand Total:                 57925   2826      23451  


LINKER GENERATED COPY TABLES

__TI_cinit_table @ 0000ed58 records: 3, size/record: 8, table size: 24
	.data: load addr=0000ece8, load size=0000004f bytes, run addr=20005ad0, run size=000000cc bytes, compression=lzss
	.bss: load addr=0000ed48, load size=00000008 bytes, run addr=2000026c, run size=00005664 bytes, compression=zero_init
	.vtable: load addr=0000ed50, load size=00000008 bytes, run addr=20000000, run size=0000026c bytes, compression=zero_init


LINKER GENERATED HANDLER TABLE

__TI_handler_table @ 0000ed38 records: 3, size/record: 4, table size: 12
	index: 0, handler: __TI_zero_init
	index: 1, handler: __TI_decompress_lzss
	index: 2, handler: __TI_decompress_none


GLOBAL SYMBOLS: SORTED ALPHABETICALLY BY Name 

address   name                                 
-------   ----                                 
000097a9  ADCBusy                              
000097f1  ADCClockConfigGet                    
000097c7  ADCClockConfigSet                    
000095c3  ADCComparatorConfigure               
0000969d  ADCComparatorIntClear                
00009649  ADCComparatorIntDisable              
00009667  ADCComparatorIntEnable               
00009689  ADCComparatorIntStatus               
000095df  ADCComparatorRegionSet               
00009603  ADCComparatorReset                   
00009591  ADCHardwareOversampleConfigure       
00009133  ADCIntClear                          
00009711  ADCIntClearEx                        
00009099  ADCIntDisable                        
000096af  ADCIntDisableEx                      
000090b5  ADCIntEnable                         
000096c7  ADCIntEnableEx                       
00009053  ADCIntRegister                       
000090db  ADCIntStatus                         
000096df  ADCIntStatusEx                       
0000907b  ADCIntUnregister                     
00009763  ADCPhaseDelayGet                     
00009751  ADCPhaseDelaySet                     
000093a5  ADCProcessorTrigger                  
0000973f  ADCReferenceGet                      
00009723  ADCReferenceSet                      
0000917d  ADCSequenceConfigure                 
0000978d  ADCSequenceDMADisable                
00009771  ADCSequenceDMAEnable                 
00009363  ADCSequenceDataGet                   
00009163  ADCSequenceDisable                   
00009149  ADCSequenceEnable                    
00009307  ADCSequenceOverflow                  
0000931f  ADCSequenceOverflowClear             
00009219  ADCSequenceStepConfigure             
00009335  ADCSequenceUnderflow                 
0000934d  ADCSequenceUnderflowClear            
000093c9  ADCSoftwareOversampleConfigure       
000094fd  ADCSoftwareOversampleDataGet         
0000941b  ADCSoftwareOversampleStepConfigure   
0000d3c3  ButtonsInit                          
0000d31d  ButtonsPoll                          
0000e4c3  C$$EXIT                              
0000d7b3  CPUUsageInit                         
0000d775  CPUUsageTick                         
0000e30b  CPUbasepriGet                        
0000e2fd  CPUbasepriSet                        
0000e2d7  CPUcpsid                             
0000e2ed  CPUcpsie                             
0000e2e3  CPUprimask                           
0000e2f9  CPUwfi                               
0000b315  Configuracion                        
00007ad1  GPIOADCTriggerDisable                
00007ab3  GPIOADCTriggerEnable                 
00007a95  GPIODMATriggerDisable                
00007a77  GPIODMATriggerEnable                 
0000701f  GPIODirModeGet                       
00006fc3  GPIODirModeSet                       
00007587  GPIOIntClear                         
0000754b  GPIOIntDisable                       
00007531  GPIOIntEnable                        
0000759b  GPIOIntRegister                      
000075d3  GPIOIntRegisterPin                   
00007565  GPIOIntStatus                        
0000710f  GPIOIntTypeGet                       
0000706b  GPIOIntTypeSet                       
000075b9  GPIOIntUnregister                    
00007601  GPIOIntUnregisterPin                 
000073df  GPIOPadConfigGet                     
000071a5  GPIOPadConfigSet                     
00007a19  GPIOPinConfigure                     
00007625  GPIOPinRead                          
0000765d  GPIOPinTypeADC                       
00007681  GPIOPinTypeCAN                       
000076a5  GPIOPinTypeComparator                
000076c9  GPIOPinTypeComparatorOutput          
000076ed  GPIOPinTypeDIVSCLK                   
00007711  GPIOPinTypeEPI                       
00007735  GPIOPinTypeEthernetLED               
00007759  GPIOPinTypeEthernetMII               
0000777d  GPIOPinTypeGPIOInput                 
000077a1  GPIOPinTypeGPIOOutput                
000077c5  GPIOPinTypeGPIOOutputOD              
000077e9  GPIOPinTypeHibernateRTCCLK           
0000780d  GPIOPinTypeI2C                       
00007831  GPIOPinTypeI2CSCL                    
00007855  GPIOPinTypeLCD                       
00007879  GPIOPinTypeOneWire                   
0000789d  GPIOPinTypePWM                       
000078c1  GPIOPinTypeQEI                       
000078e5  GPIOPinTypeSSI                       
00007909  GPIOPinTypeTimer                     
0000792d  GPIOPinTypeTrace                     
00007951  GPIOPinTypeUART                      
00007975  GPIOPinTypeUSBAnalog                 
00007999  GPIOPinTypeUSBDigital                
000079bd  GPIOPinTypeWakeHigh                  
000079e3  GPIOPinTypeWakeLow                   
00007a09  GPIOPinWakeStatus                    
0000763d  GPIOPinWrite                         
0000e379  GetOverflowCounts                    
0000b635  INT_SENSOR                           
0000cd93  ISR_SensorML                         
0000b919  IntDisable                           
0000b8a7  IntEnable                            
0000b98b  IntIsEnabled                         
0000b76b  IntMasterDisable                     
0000b75b  IntMasterEnable                      
0000ba81  IntPendClear                         
0000ba11  IntPendSet                           
0000b883  IntPriorityGet                       
0000b7fb  IntPriorityGroupingGet               
0000b7e1  IntPriorityGroupingSet               
0000badb  IntPriorityMaskGet                   
0000bacf  IntPriorityMaskSet                   
0000b833  IntPrioritySet                       
0000b77b  IntRegister                          
0000bae3  IntTrigger                           
0000b7cd  IntUnregister                        
0000d8ab  InternalUSBRegisterTickHandler       
0000d8fb  InternalUSBStartOfFrameTick          
0000d865  InternalUSBTickInit                  
0000d8a3  InternalUSBTickReset                 
0000b6c7  PERIOD_TIMER2_A                      
0000b699  PERIOD_TIMER_ADC                     
00009eaf  PWMClockGet                          
00009e8f  PWMClockSet                          
000099d9  PWMDeadBandDisable                   
000099a1  PWMDeadBandEnable                    
00009d55  PWMFaultIntClear                     
00009d87  PWMFaultIntClearExt                  
00009c6f  PWMFaultIntRegister                  
00009c8d  PWMFaultIntUnregister                
00009835  PWMGenConfigure                      
000098f3  PWMGenDisable                        
000098d9  PWMGenEnable                         
00009e59  PWMGenFaultClear                     
00009da5  PWMGenFaultConfigure                 
00009e23  PWMGenFaultStatus                    
00009dff  PWMGenFaultTriggerGet                
00009dd5  PWMGenFaultTriggerSet                
00009d0d  PWMGenIntClear                       
00009be1  PWMGenIntRegister                    
00009ce3  PWMGenIntStatus                      
00009cc5  PWMGenIntTrigDisable                 
00009ca7  PWMGenIntTrigEnable                  
00009c09  PWMGenIntUnregister                  
000098af  PWMGenPeriodGet                      
0000987f  PWMGenPeriodSet                      
00009d3d  PWMIntDisable                        
00009d25  PWMIntEnable                         
00009d67  PWMIntStatus                         
00009aaf  PWMOutputFault                       
00009a7d  PWMOutputFaultLevel                  
00009a4b  PWMOutputInvert                      
00009a19  PWMOutputState                       
00009ed9  PWMOutputUpdateMode                  
00009957  PWMPulseWidthGet                     
0000990d  PWMPulseWidthSet                     
00009a07  PWMSyncTimeBase                      
000099f5  PWMSyncUpdate                        
0000e499  ResetISR                             
0000b685  STOP_MOVE                            
00005461  SysCtlAltClkConfig                   
00004b89  SysCtlClockFreqSet                   
00005051  SysCtlClockGet                       
00005445  SysCtlClockOutConfig                 
00004e81  SysCtlClockSet                       
00004a8d  SysCtlDeepSleep                      
00005215  SysCtlDeepSleepClockConfigSet        
000051f7  SysCtlDeepSleepClockSet              
00004a6d  SysCtlDeepSleepPowerSet              
0000e4b9  SysCtlDelay                          
0000461b  SysCtlFlashSectorSizeGet             
000045ef  SysCtlFlashSizeGet                   
000052eb  SysCtlGPIOAHBDisable                 
000052cf  SysCtlGPIOAHBEnable                  
00004a01  SysCtlIntClear                       
000049e9  SysCtlIntDisable                     
000049d5  SysCtlIntEnable                      
000049ad  SysCtlIntRegister                    
00004a11  SysCtlIntStatus                      
000049c5  SysCtlIntUnregister                  
00004a53  SysCtlLDODeepSleepGet                
00004a43  SysCtlLDODeepSleepSet                
00004a3d  SysCtlLDOSleepGet                    
00004a2d  SysCtlLDOSleepSet                    
00004ac3  SysCtlMOSCConfigSet                  
00005429  SysCtlNMIClear                       
00005415  SysCtlNMIStatus                      
00004ad9  SysCtlPIOSCCalibrate                 
000052b9  SysCtlPWMClockGet                    
0000529f  SysCtlPWMClockSet                    
00004959  SysCtlPeripheralClockGating          
00004911  SysCtlPeripheralDeepSleepDisable     
000048c1  SysCtlPeripheralDeepSleepEnable      
000047fd  SysCtlPeripheralDisable              
000047c1  SysCtlPeripheralEnable               
000046fd  SysCtlPeripheralPowerOff             
000046c1  SysCtlPeripheralPowerOn              
00004641  SysCtlPeripheralPresent              
00004681  SysCtlPeripheralReady                
00004739  SysCtlPeripheralReset                
00004885  SysCtlPeripheralSleepDisable         
00004841  SysCtlPeripheralSleepEnable          
00004a7d  SysCtlReset                          
00004b39  SysCtlResetBehaviorGet               
00004b29  SysCtlResetBehaviorSet               
00004aaf  SysCtlResetCauseClear                
00004aa9  SysCtlResetCauseGet                  
000045e5  SysCtlSRAMSizeGet                    
00004a85  SysCtlSleep                          
00004a59  SysCtlSleepPowerSet                  
00005313  SysCtlUSBPLLDisable                  
00005307  SysCtlUSBPLLEnable                   
00005359  SysCtlVCOGet                         
00005341  SysCtlVoltageEventClear              
00005325  SysCtlVoltageEventConfig             
00005335  SysCtlVoltageEventStatus             
0000abfd  TimerADCEventGet                     
0000abeb  TimerADCEventSet                     
0000a921  TimerClockSourceGet                  
0000a8f7  TimerClockSourceSet                  
0000a6eb  TimerConfigure                       
0000a80b  TimerControlEvent                    
0000a767  TimerControlLevel                    
0000a835  TimerControlStall                    
0000a79d  TimerControlTrigger                  
0000a86b  TimerControlWaitOnTrigger            
0000ac1d  TimerDMAEventGet                     
0000ac0b  TimerDMAEventSet                     
0000a6cd  TimerDisable                         
0000a6af  TimerEnable                          
0000abc7  TimerIntClear                        
0000ab91  TimerIntDisable                      
0000ab79  TimerIntEnable                       
0000ab33  TimerIntRegister                     
0000aba9  TimerIntStatus                       
0000ab5b  TimerIntUnregister                   
0000a9eb  TimerLoadGet                         
0000aa21  TimerLoadGet64                       
0000a9c1  TimerLoadSet                         
0000aa07  TimerLoadSet64                       
0000aacb  TimerMatchGet                        
0000ab01  TimerMatchGet64                      
0000aaa1  TimerMatchSet                        
0000aae7  TimerMatchSet64                      
0000a95b  TimerPrescaleGet                     
0000a9a5  TimerPrescaleMatchGet                
0000a977  TimerPrescaleMatchSet                
0000a931  TimerPrescaleSet                     
0000a8e1  TimerRTCDisable                      
0000a8cb  TimerRTCEnable                       
0000abd9  TimerSynchronize                     
0000ac2b  TimerUpdateMode                      
0000aa53  TimerValueGet                        
0000aa6f  TimerValueGet64                      
0000b251  UART9BitAddrSend                     
0000b22b  UART9BitAddrSet                      
0000b215  UART9BitDisable                      
0000b1ff  UART9BitEnable                       
0000b0a3  UARTBreakCtl                         
0000b0cd  UARTBusy                             
0000b04b  UARTCharGet                          
0000b02f  UARTCharGetNonBlocking               
0000b085  UARTCharPut                          
0000b061  UARTCharPutNonBlocking               
0000aff3  UARTCharsAvail                       
0000b1ef  UARTClockSourceGet                   
0000b1db  UARTClockSourceSet                   
0000adc3  UARTConfigGetExpClk                  
0000ad4d  UARTConfigSetExpClk                  
0000b1a1  UARTDMADisable                       
0000b189  UARTDMAEnable                        
0000ae33  UARTDisable                          
0000aeb7  UARTDisableSIR                       
00008477  UARTEchoSet                          
0000ae0f  UARTEnable                           
0000ae89  UARTEnableSIR                        
0000ae73  UARTFIFODisable                      
0000ae5d  UARTFIFOEnable                       
0000ad25  UARTFIFOLevelGet                     
0000ad0d  UARTFIFOLevelSet                     
0000afb3  UARTFlowControlGet                   
0000af97  UARTFlowControlSet                   
00008443  UARTFlushRx                          
00008451  UARTFlushTx                          
0000b177  UARTIntClear                         
0000b141  UARTIntDisable                       
0000b129  UARTIntEnable                        
0000b0eb  UARTIntRegister                      
0000b159  UARTIntStatus                        
0000b109  UARTIntUnregister                    
0000b299  UARTLoopbackEnable                   
0000af4d  UARTModemControlClear                
0000af71  UARTModemControlGet                  
0000af15  UARTModemControlSet                  
0000af83  UARTModemStatusGet                   
0000acfb  UARTParityModeGet                    
0000acdf  UARTParityModeSet                    
0000842b  UARTRxBytesAvail                     
0000b1cb  UARTRxErrorClear                     
0000b1b9  UARTRxErrorGet                       
0000aeff  UARTSmartCardDisable                 
0000aecd  UARTSmartCardEnable                  
0000b011  UARTSpaceAvail                       
00007b53  UARTStdioConfig                      
0000849f  UARTStdioIntHandler                  
00008437  UARTTxBytesFree                      
0000afe1  UARTTxIntModeGet                     
0000afc5  UARTTxIntModeSet                     
000080e5  UARTgetc                             
00007ccd  UARTgets                             
00008407  UARTprintf                           
0000810d  UARTvprintf                          
00007c39  UARTwrite                            
0000da2b  ULPIConfigSet                        
0000dacd  ULPIPowerTransceiver                 
0000e39d  USB0DeviceIntHandler                 
00002e13  USBClockDisable                      
00002df7  USBClockEnable                       
00002de3  USBControllerVersion                 
0000c371  USBDCDConfigDescGet                  
0000c323  USBDCDConfigDescGetNum               
0000c2eb  USBDCDConfigDescGetSize              
0000c453  USBDCDConfigGetInterface             
0000c489  USBDCDConfigGetInterfaceEndpoint     
0000c3ff  USBDCDConfigGetNumAlternateInterfaces
000031d9  USBDCDDeviceInfoInit                 
00003611  USBDCDFeatureGet                     
00003555  USBDCDFeatureSet                     
00003229  USBDCDInit                           
000034e5  USBDCDPowerStatusSet                 
00003649  USBDCDRemoteWakeLPM                  
00003663  USBDCDRemoteWakeupRequest            
0000345f  USBDCDRequestDataEP0                 
00003485  USBDCDSendDataEP0                    
000034a7  USBDCDSetDefaultConfiguration        
000034b9  USBDCDStallEP0                       
000033e7  USBDCDTerm                           
00002f4b  USBDMAChannelAddressGet              
00002f2f  USBDMAChannelAddressSet              
00002eb5  USBDMAChannelConfigSet               
00002f7f  USBDMAChannelCountGet                
00002f63  USBDMAChannelCountSet                
00002e95  USBDMAChannelDisable                 
00002e75  USBDMAChannelEnable                  
00002e45  USBDMAChannelIntDisable              
00002e25  USBDMAChannelIntEnable               
00002e65  USBDMAChannelIntStatus               
00002ee5  USBDMAChannelStatus                  
00002f05  USBDMAChannelStatusClear             
00002f97  USBDMANumChannels                    
0000c7c5  USBDescGet                           
0000c8e9  USBDescGetInterface                  
0000c917  USBDescGetInterfaceEndpoint          
0000c769  USBDescGetNum                        
0000c82f  USBDescGetNumAlternateInterfaces     
00002251  USBDevAddrGet                        
0000223d  USBDevAddrSet                        
00002211  USBDevConnect                        
00002227  USBDevDisconnect                     
00002587  USBDevEndpointConfigGet              
00002495  USBDevEndpointConfigSet              
00002911  USBDevEndpointDataAck                
0000213b  USBDevEndpointStall                  
0000219d  USBDevEndpointStallClear             
00001fb5  USBDevEndpointStatusClear            
00003103  USBDevLPMConfig                      
00003131  USBDevLPMDisable                     
00003119  USBDevLPMEnable                      
000030eb  USBDevLPMRemoteWake                  
00002d4b  USBDevMode                           
00001d7b  USBDevSpeedGet                       
0000bbdf  USBDeviceConfig                      
0000bdd5  USBDeviceConfigAlternate             
00003799  USBDeviceEnumHandler                 
000038e9  USBDeviceEnumResetHandler            
00004335  USBDeviceIntHandlerInternal          
0000369d  USBDeviceResumeTickHandler           
00002cfd  USBEndpointDMAChannel                
00002743  USBEndpointDMAConfigSet              
00002815  USBEndpointDMADisable                
000027db  USBEndpointDMAEnable                 
0000284f  USBEndpointDataAvail                 
00002887  USBEndpointDataGet                   
00002981  USBEndpointDataPut                   
000029e5  USBEndpointDataSend                  
000020d5  USBEndpointDataToggleClear           
00002daf  USBEndpointPacketCountSet            
00001f41  USBEndpointStatus                    
00002cd3  USBFIFOAddrGet                       
000026dd  USBFIFOConfigGet                     
00002677  USBFIFOConfigSet                     
00002a3d  USBFIFOFlush                         
00002c97  USBFrameNumberGet                    
00001ce9  USBHighSpeed                         
00002b4d  USBHostAddrGet                       
00002b15  USBHostAddrSet                       
00002265  USBHostEndpointConfig                
0000294f  USBHostEndpointDataAck               
00002039  USBHostEndpointDataToggle            
0000210f  USBHostEndpointPing                  
000023ff  USBHostEndpointSpeed                 
00001f6d  USBHostEndpointStatusClear           
00002bdf  USBHostHubAddrGet                    
00002b7b  USBHostHubAddrSet                    
000030af  USBHostLPMConfig                     
000030d3  USBHostLPMResume                     
00003067  USBHostLPMSend                       
00002d39  USBHostMode                          
00002c0d  USBHostPwrConfig                     
00002c7f  USBHostPwrDisable                    
00002c67  USBHostPwrEnable                     
00002c4f  USBHostPwrFaultDisable               
00002c37  USBHostPwrFaultEnable                
00002aad  USBHostRequestIN                     
00002ad5  USBHostRequestINClear                
00002b03  USBHostRequestStatus                 
00001cbb  USBHostReset                         
00001d17  USBHostResume                        
00001d45  USBHostSpeedGet                      
00001ca5  USBHostSuspend                       
00001d93  USBIntDisableControl                 
00001e57  USBIntDisableEndpoint                
00001dd1  USBIntEnableControl                  
00001e85  USBIntEnableEndpoint                 
00001f09  USBIntRegister                       
00001e0b  USBIntStatusControl                  
00001eb3  USBIntStatusEndpoint                 
00001f27  USBIntUnregister                     
0000315d  USBLPMEndpointGet                    
000031bd  USBLPMIntDisable                     
000031a3  USBLPMIntEnable                      
00003193  USBLPMIntStatus                      
00003149  USBLPMLinkStateGet                   
00003179  USBLPMRemoteWakeEnabled              
000061c1  USBLibDMAAddrGet                     
000061f1  USBLibDMAInit                        
000061d9  USBLibDMASizeGet                     
00002d6f  USBModeConfig                        
00002ce9  USBModeGet                           
00002dcf  USBNumEndpointsGet                   
00002d5d  USBOTGMode                           
00002ca5  USBOTGSessionRequest                 
00002d83  USBPHYPowerOff                       
00002d99  USBPHYPowerOn                        
00002fa9  USBULPIConfig                        
00002fd7  USBULPIDisable                       
00002fbf  USBULPIEnable                        
00002fef  USBULPIRegRead                       
00003027  USBULPIRegWrite                      
20005ad0  __STACK_END                          
00000200  __STACK_SIZE                         
20005ad0  __STACK_TOP                          
0000ed58  __TI_CINIT_Base                      
0000ed70  __TI_CINIT_Limit                     
0000ed38  __TI_Handler_Table_Base              
0000ed44  __TI_Handler_Table_Limit             
0000e191  __TI_auto_init_nobinit_nopinit       
0000df35  __TI_decompress_lzss                 
0000e47f  __TI_decompress_none                 
0000e057  __TI_ltoa                            
ffffffff  __TI_pprof_out_hndl                  
000085a9  __TI_printfi                         
ffffffff  __TI_prof_data_size                  
ffffffff  __TI_prof_data_start                 
00000000  __TI_static_base__                   
0000e48d  __TI_zero_init                       
0000dcd9  __aeabi_cdcmpeq                      
0000dcd9  __aeabi_cdcmple                      
0000dd5f  __aeabi_cdrcmple                     
0000e149  __aeabi_d2iz                         
0000e1d5  __aeabi_d2uiz                        
0000cb17  __aeabi_dadd                         
0000d0bd  __aeabi_ddiv                         
0000d679  __aeabi_dmul                         
0000cb0d  __aeabi_dsub                         
0000e4b1  __aeabi_errno_addr                   
0000e349  __aeabi_i2d                          
000031d7  __aeabi_idiv0                        
000031d7  __aeabi_ldiv0                        
0000dde5  __aeabi_memclr                       
0000dde5  __aeabi_memclr4                      
0000dde5  __aeabi_memclr8                      
0000dba7  __aeabi_memcpy                       
0000dba7  __aeabi_memcpy4                      
0000dba7  __aeabi_memcpy8                      
0000dde7  __aeabi_memset                       
0000dde7  __aeabi_memset4                      
0000dde7  __aeabi_memset8                      
0000e3c1  __aeabi_ui2d                         
0000e219  __aeabi_uidiv                        
0000e219  __aeabi_uidivmod                     
0000dc43  __aeabi_uldivmod                     
ffffffff  __binit__                            
ffffffff  __c_args__                           
UNDEFED   __mpu_init                           
200058d0  __stack                              
20000000  __start___llvm_prf_cnts              
20000000  __stop___llvm_prf_cnts               
0000e315  _c_int00_noargs                      
0000e678  _ctypes_                             
UNDEFED   _system_post_cinit                   
0000e4bf  _system_pre_init                     
0000e4c3  abort                                
0000e0fd  atoi                                 
ffffffff  binit                                
0000b2b1  buscar_indice_medida                 
20005b90  c_vueltas_drc                        
20005b91  c_vueltas_izq                        
0000ccc5  configADC_DisparaSensorM             
0000ccd1  configADC_IniciaSensorML             
0000cd7f  configADC_LeeSensorM                 
0000e3fd  copysign                             
0000e3fd  copysignl                            
000005e9  eTaskGetState                        
20005b98  errno                                
20005b8c  estado                               
0000df9d  frexp                                
0000df9d  frexpl                               
20005b6c  g_bUSBTimerInitialized               
20005b78  g_iUSBMode                           
20000000  g_pfnRAMVectors                      
200057bc  g_pfnTickHandlers                    
00000000  g_pfnVectors                         
200058bc  g_ppsDevInfo                         
200056bc  g_psDCDInst                          
200057d4  g_pvTickInstance                     
200058c0  g_ui32CPUUsage                       
20005b70  g_ui32CurrentUSBTick                 
200058c4  g_ui32SystemClock                    
20005b74  g_ui32USBSOFCount                    
20005b7c  g_ui32WaitTicks                      
0000d569  ldexp                                
0000d569  ldexpl                               
0000b589  main                                 
0000e3e1  memccpy                              
0000dba7  memcpy                               
0000dded  memset                               
0000b309  mover_robot                          
00006e7d  pcQueueGetName                       
00000bd9  pcTaskGetName                        
0000a0f9  pcTimerGetName                       
0000bea1  pvPortMalloc                         
0000a561  pvTimerGetTimerID                    
20005ad0  pxCurrentTCB                         
0000ce31  pxPortInitialiseStack                
0000d569  scalbn                               
0000d569  scalbnl                              
200058c8  semaforo_adc                         
200058cc  semaforo_motor                       
0000e259  sprintf                              
0000e42f  strchr                               
0000e445  strcpy                               
0000e459  strlen                               
00006c0b  ucQueueGetQueueType                  
0000ece0  ulMaxSyscallInterruptPriority        
0000d961  ulPortGetIPSR                        
00001705  ulTaskNotifyTake                     
00001b23  ulTaskNotifyValueClear               
0000d2d5  uxListRemove                         
00006beb  uxQueueGetQueueNumber                
00006b89  uxQueueMessagesWaiting               
00006bbf  uxQueueMessagesWaitingFromISR        
00006b9f  uxQueueSpacesAvailable               
00000bcd  uxTaskGetNumberOfTasks               
000013dd  uxTaskGetStackHighWaterMark          
00000bf9  uxTaskGetSystemState                 
0000114f  uxTaskGetTaskNumber                  
00000699  uxTaskPriorityGet                    
000006c5  uxTaskPriorityGetFromISR             
000016d9  uxTaskResetEventItemValue            
0000a0bb  uxTimerGetReloadMode                 
0000a601  uxTimerGetTimerNumber                
0000b543  vApplicationIdleHook                 
0000b54b  vApplicationMallocFailedHook         
0000b519  vApplicationStackOverflowHook        
0000b523  vApplicationTickHook                 
0000decd  vConfigureTimerForRunTimeStats       
0000d1f3  vListInitialise                      
0000d223  vListInitialiseItem                  
0000d26f  vListInsert                          
0000d233  vListInsertEnd                       
0000da1d  vPortEnableVFP                       
0000ced1  vPortEndScheduler                    
0000ced3  vPortEnterCritical                   
0000cef3  vPortExitCritical                    
0000bfa7  vPortFree                            
0000c159  vPortGetHeapStats                    
0000c00d  vPortInitialiseBlocks                
0000d9d9  vPortSVCHandler                      
0000cf2f  vPortSetupTimerInterrupt             
0000d9f9  vPortStartFirstTask                  
00006e3b  vQueueAddToRegistry                  
00006bd5  vQueueDelete                         
00006bf9  vQueueSetQueueNumber                 
00006ebd  vQueueUnregisterQueue                
00006f01  vQueueWaitForMessageRestricted       
000005a9  vTaskDelay                           
00000519  vTaskDelayUntil                      
0000046b  vTaskDelete                          
00000a91  vTaskEndScheduler                    
0000124d  vTaskGetInfo                         
00001601  vTaskGetRunTimeStats                 
0000109f  vTaskInternalSetTimeOutState         
000014e9  vTaskList                            
00001147  vTaskMissedYield                     
00001a3d  vTaskNotifyGiveFromISR               
00000f0d  vTaskPlaceOnEventList                
00000f61  vTaskPlaceOnEventListRestricted      
00000f31  vTaskPlaceOnUnorderedEventList       
0000070d  vTaskPrioritySet                     
00001015  vTaskRemoveFromUnorderedEventList    
00000929  vTaskResume                          
00001175  vTaskSetTaskNumber                   
00001081  vTaskSetTimeOutState                 
00000a31  vTaskStartScheduler                  
00000815  vTaskSuspend                         
00000aad  vTaskSuspendAll                      
00000e2d  vTaskSwitchContext                   
0000a085  vTimerSetReloadMode                  
0000a57b  vTimerSetTimerID                     
0000a60f  vTimerSetTimerNumber                 
0000e46d  wcslen                               
0000c001  xPortGetFreeHeapSize                 
0000c007  xPortGetMinimumEverFreeHeapSize      
0000d979  xPortPendSVHandler                   
0000ce9b  xPortStartScheduler                  
0000cf09  xPortSysTickHandler                  
00006465  xQueueGenericCreate                  
000063c5  xQueueGenericReset                   
000064ef  xQueueGenericSend                    
00006619  xQueueGenericSendFromISR             
000066c1  xQueueGiveFromISR                    
00006dcf  xQueueIsQueueEmptyFromISR            
00006e15  xQueueIsQueueFullFromISR             
0000697b  xQueuePeek                           
00006b37  xQueuePeekFromISR                    
00006755  xQueueReceive                        
00006a9d  xQueueReceiveFromISR                 
2000570c  xQueueRegistry                       
0000686d  xQueueSemaphoreTake                  
00000cd5  xTaskCatchUpTicks                    
000010c9  xTaskCheckForTimeOut                 
0000026d  xTaskCreate                          
00001831  xTaskGenericNotify                   
00001935  xTaskGenericNotifyFromISR            
00001461  xTaskGetSchedulerState               
00000ba9  xTaskGetTickCount                    
00000bb9  xTaskGetTickCountFromISR             
00000d19  xTaskIncrementTick                   
00001ae9  xTaskNotifyStateClear                
00001781  xTaskNotifyWait                      
00000f91  xTaskRemoveFromEventList             
00000ac1  xTaskResumeAll                       
000009a1  xTaskResumeFromISR                   
00009f79  xTimerCreate                         
00009f4d  xTimerCreateTimerTask                
0000a001  xTimerGenericCommand                 
0000a0e3  xTimerGetExpiryTime                  
0000a073  xTimerGetPeriod                      
0000a06d  xTimerGetTimerDaemonTaskHandle       
0000a539  xTimerIsTimerActive                  
0000a5cb  xTimerPendFunctionCall               
0000a595  xTimerPendFunctionCallFromISR        


GLOBAL SYMBOLS: SORTED BY Symbol Address 

address   name                                 
-------   ----                                 
00000000  __TI_static_base__                   
00000000  g_pfnVectors                         
00000200  __STACK_SIZE                         
0000026d  xTaskCreate                          
0000046b  vTaskDelete                          
00000519  vTaskDelayUntil                      
000005a9  vTaskDelay                           
000005e9  eTaskGetState                        
00000699  uxTaskPriorityGet                    
000006c5  uxTaskPriorityGetFromISR             
0000070d  vTaskPrioritySet                     
00000815  vTaskSuspend                         
00000929  vTaskResume                          
000009a1  xTaskResumeFromISR                   
00000a31  vTaskStartScheduler                  
00000a91  vTaskEndScheduler                    
00000aad  vTaskSuspendAll                      
00000ac1  xTaskResumeAll                       
00000ba9  xTaskGetTickCount                    
00000bb9  xTaskGetTickCountFromISR             
00000bcd  uxTaskGetNumberOfTasks               
00000bd9  pcTaskGetName                        
00000bf9  uxTaskGetSystemState                 
00000cd5  xTaskCatchUpTicks                    
00000d19  xTaskIncrementTick                   
00000e2d  vTaskSwitchContext                   
00000f0d  vTaskPlaceOnEventList                
00000f31  vTaskPlaceOnUnorderedEventList       
00000f61  vTaskPlaceOnEventListRestricted      
00000f91  xTaskRemoveFromEventList             
00001015  vTaskRemoveFromUnorderedEventList    
00001081  vTaskSetTimeOutState                 
0000109f  vTaskInternalSetTimeOutState         
000010c9  xTaskCheckForTimeOut                 
00001147  vTaskMissedYield                     
0000114f  uxTaskGetTaskNumber                  
00001175  vTaskSetTaskNumber                   
0000124d  vTaskGetInfo                         
000013dd  uxTaskGetStackHighWaterMark          
00001461  xTaskGetSchedulerState               
000014e9  vTaskList                            
00001601  vTaskGetRunTimeStats                 
000016d9  uxTaskResetEventItemValue            
00001705  ulTaskNotifyTake                     
00001781  xTaskNotifyWait                      
00001831  xTaskGenericNotify                   
00001935  xTaskGenericNotifyFromISR            
00001a3d  vTaskNotifyGiveFromISR               
00001ae9  xTaskNotifyStateClear                
00001b23  ulTaskNotifyValueClear               
00001ca5  USBHostSuspend                       
00001cbb  USBHostReset                         
00001ce9  USBHighSpeed                         
00001d17  USBHostResume                        
00001d45  USBHostSpeedGet                      
00001d7b  USBDevSpeedGet                       
00001d93  USBIntDisableControl                 
00001dd1  USBIntEnableControl                  
00001e0b  USBIntStatusControl                  
00001e57  USBIntDisableEndpoint                
00001e85  USBIntEnableEndpoint                 
00001eb3  USBIntStatusEndpoint                 
00001f09  USBIntRegister                       
00001f27  USBIntUnregister                     
00001f41  USBEndpointStatus                    
00001f6d  USBHostEndpointStatusClear           
00001fb5  USBDevEndpointStatusClear            
00002039  USBHostEndpointDataToggle            
000020d5  USBEndpointDataToggleClear           
0000210f  USBHostEndpointPing                  
0000213b  USBDevEndpointStall                  
0000219d  USBDevEndpointStallClear             
00002211  USBDevConnect                        
00002227  USBDevDisconnect                     
0000223d  USBDevAddrSet                        
00002251  USBDevAddrGet                        
00002265  USBHostEndpointConfig                
000023ff  USBHostEndpointSpeed                 
00002495  USBDevEndpointConfigSet              
00002587  USBDevEndpointConfigGet              
00002677  USBFIFOConfigSet                     
000026dd  USBFIFOConfigGet                     
00002743  USBEndpointDMAConfigSet              
000027db  USBEndpointDMAEnable                 
00002815  USBEndpointDMADisable                
0000284f  USBEndpointDataAvail                 
00002887  USBEndpointDataGet                   
00002911  USBDevEndpointDataAck                
0000294f  USBHostEndpointDataAck               
00002981  USBEndpointDataPut                   
000029e5  USBEndpointDataSend                  
00002a3d  USBFIFOFlush                         
00002aad  USBHostRequestIN                     
00002ad5  USBHostRequestINClear                
00002b03  USBHostRequestStatus                 
00002b15  USBHostAddrSet                       
00002b4d  USBHostAddrGet                       
00002b7b  USBHostHubAddrSet                    
00002bdf  USBHostHubAddrGet                    
00002c0d  USBHostPwrConfig                     
00002c37  USBHostPwrFaultEnable                
00002c4f  USBHostPwrFaultDisable               
00002c67  USBHostPwrEnable                     
00002c7f  USBHostPwrDisable                    
00002c97  USBFrameNumberGet                    
00002ca5  USBOTGSessionRequest                 
00002cd3  USBFIFOAddrGet                       
00002ce9  USBModeGet                           
00002cfd  USBEndpointDMAChannel                
00002d39  USBHostMode                          
00002d4b  USBDevMode                           
00002d5d  USBOTGMode                           
00002d6f  USBModeConfig                        
00002d83  USBPHYPowerOff                       
00002d99  USBPHYPowerOn                        
00002daf  USBEndpointPacketCountSet            
00002dcf  USBNumEndpointsGet                   
00002de3  USBControllerVersion                 
00002df7  USBClockEnable                       
00002e13  USBClockDisable                      
00002e25  USBDMAChannelIntEnable               
00002e45  USBDMAChannelIntDisable              
00002e65  USBDMAChannelIntStatus               
00002e75  USBDMAChannelEnable                  
00002e95  USBDMAChannelDisable                 
00002eb5  USBDMAChannelConfigSet               
00002ee5  USBDMAChannelStatus                  
00002f05  USBDMAChannelStatusClear             
00002f2f  USBDMAChannelAddressSet              
00002f4b  USBDMAChannelAddressGet              
00002f63  USBDMAChannelCountSet                
00002f7f  USBDMAChannelCountGet                
00002f97  USBDMANumChannels                    
00002fa9  USBULPIConfig                        
00002fbf  USBULPIEnable                        
00002fd7  USBULPIDisable                       
00002fef  USBULPIRegRead                       
00003027  USBULPIRegWrite                      
00003067  USBHostLPMSend                       
000030af  USBHostLPMConfig                     
000030d3  USBHostLPMResume                     
000030eb  USBDevLPMRemoteWake                  
00003103  USBDevLPMConfig                      
00003119  USBDevLPMEnable                      
00003131  USBDevLPMDisable                     
00003149  USBLPMLinkStateGet                   
0000315d  USBLPMEndpointGet                    
00003179  USBLPMRemoteWakeEnabled              
00003193  USBLPMIntStatus                      
000031a3  USBLPMIntEnable                      
000031bd  USBLPMIntDisable                     
000031d7  __aeabi_idiv0                        
000031d7  __aeabi_ldiv0                        
000031d9  USBDCDDeviceInfoInit                 
00003229  USBDCDInit                           
000033e7  USBDCDTerm                           
0000345f  USBDCDRequestDataEP0                 
00003485  USBDCDSendDataEP0                    
000034a7  USBDCDSetDefaultConfiguration        
000034b9  USBDCDStallEP0                       
000034e5  USBDCDPowerStatusSet                 
00003555  USBDCDFeatureSet                     
00003611  USBDCDFeatureGet                     
00003649  USBDCDRemoteWakeLPM                  
00003663  USBDCDRemoteWakeupRequest            
0000369d  USBDeviceResumeTickHandler           
00003799  USBDeviceEnumHandler                 
000038e9  USBDeviceEnumResetHandler            
00004335  USBDeviceIntHandlerInternal          
000045e5  SysCtlSRAMSizeGet                    
000045ef  SysCtlFlashSizeGet                   
0000461b  SysCtlFlashSectorSizeGet             
00004641  SysCtlPeripheralPresent              
00004681  SysCtlPeripheralReady                
000046c1  SysCtlPeripheralPowerOn              
000046fd  SysCtlPeripheralPowerOff             
00004739  SysCtlPeripheralReset                
000047c1  SysCtlPeripheralEnable               
000047fd  SysCtlPeripheralDisable              
00004841  SysCtlPeripheralSleepEnable          
00004885  SysCtlPeripheralSleepDisable         
000048c1  SysCtlPeripheralDeepSleepEnable      
00004911  SysCtlPeripheralDeepSleepDisable     
00004959  SysCtlPeripheralClockGating          
000049ad  SysCtlIntRegister                    
000049c5  SysCtlIntUnregister                  
000049d5  SysCtlIntEnable                      
000049e9  SysCtlIntDisable                     
00004a01  SysCtlIntClear                       
00004a11  SysCtlIntStatus                      
00004a2d  SysCtlLDOSleepSet                    
00004a3d  SysCtlLDOSleepGet                    
00004a43  SysCtlLDODeepSleepSet                
00004a53  SysCtlLDODeepSleepGet                
00004a59  SysCtlSleepPowerSet                  
00004a6d  SysCtlDeepSleepPowerSet              
00004a7d  SysCtlReset                          
00004a85  SysCtlSleep                          
00004a8d  SysCtlDeepSleep                      
00004aa9  SysCtlResetCauseGet                  
00004aaf  SysCtlResetCauseClear                
00004ac3  SysCtlMOSCConfigSet                  
00004ad9  SysCtlPIOSCCalibrate                 
00004b29  SysCtlResetBehaviorSet               
00004b39  SysCtlResetBehaviorGet               
00004b89  SysCtlClockFreqSet                   
00004e81  SysCtlClockSet                       
00005051  SysCtlClockGet                       
000051f7  SysCtlDeepSleepClockSet              
00005215  SysCtlDeepSleepClockConfigSet        
0000529f  SysCtlPWMClockSet                    
000052b9  SysCtlPWMClockGet                    
000052cf  SysCtlGPIOAHBEnable                  
000052eb  SysCtlGPIOAHBDisable                 
00005307  SysCtlUSBPLLEnable                   
00005313  SysCtlUSBPLLDisable                  
00005325  SysCtlVoltageEventConfig             
00005335  SysCtlVoltageEventStatus             
00005341  SysCtlVoltageEventClear              
00005359  SysCtlVCOGet                         
00005415  SysCtlNMIStatus                      
00005429  SysCtlNMIClear                       
00005445  SysCtlClockOutConfig                 
00005461  SysCtlAltClkConfig                   
000061c1  USBLibDMAAddrGet                     
000061d9  USBLibDMASizeGet                     
000061f1  USBLibDMAInit                        
000063c5  xQueueGenericReset                   
00006465  xQueueGenericCreate                  
000064ef  xQueueGenericSend                    
00006619  xQueueGenericSendFromISR             
000066c1  xQueueGiveFromISR                    
00006755  xQueueReceive                        
0000686d  xQueueSemaphoreTake                  
0000697b  xQueuePeek                           
00006a9d  xQueueReceiveFromISR                 
00006b37  xQueuePeekFromISR                    
00006b89  uxQueueMessagesWaiting               
00006b9f  uxQueueSpacesAvailable               
00006bbf  uxQueueMessagesWaitingFromISR        
00006bd5  vQueueDelete                         
00006beb  uxQueueGetQueueNumber                
00006bf9  vQueueSetQueueNumber                 
00006c0b  ucQueueGetQueueType                  
00006dcf  xQueueIsQueueEmptyFromISR            
00006e15  xQueueIsQueueFullFromISR             
00006e3b  vQueueAddToRegistry                  
00006e7d  pcQueueGetName                       
00006ebd  vQueueUnregisterQueue                
00006f01  vQueueWaitForMessageRestricted       
00006fc3  GPIODirModeSet                       
0000701f  GPIODirModeGet                       
0000706b  GPIOIntTypeSet                       
0000710f  GPIOIntTypeGet                       
000071a5  GPIOPadConfigSet                     
000073df  GPIOPadConfigGet                     
00007531  GPIOIntEnable                        
0000754b  GPIOIntDisable                       
00007565  GPIOIntStatus                        
00007587  GPIOIntClear                         
0000759b  GPIOIntRegister                      
000075b9  GPIOIntUnregister                    
000075d3  GPIOIntRegisterPin                   
00007601  GPIOIntUnregisterPin                 
00007625  GPIOPinRead                          
0000763d  GPIOPinWrite                         
0000765d  GPIOPinTypeADC                       
00007681  GPIOPinTypeCAN                       
000076a5  GPIOPinTypeComparator                
000076c9  GPIOPinTypeComparatorOutput          
000076ed  GPIOPinTypeDIVSCLK                   
00007711  GPIOPinTypeEPI                       
00007735  GPIOPinTypeEthernetLED               
00007759  GPIOPinTypeEthernetMII               
0000777d  GPIOPinTypeGPIOInput                 
000077a1  GPIOPinTypeGPIOOutput                
000077c5  GPIOPinTypeGPIOOutputOD              
000077e9  GPIOPinTypeHibernateRTCCLK           
0000780d  GPIOPinTypeI2C                       
00007831  GPIOPinTypeI2CSCL                    
00007855  GPIOPinTypeLCD                       
00007879  GPIOPinTypeOneWire                   
0000789d  GPIOPinTypePWM                       
000078c1  GPIOPinTypeQEI                       
000078e5  GPIOPinTypeSSI                       
00007909  GPIOPinTypeTimer                     
0000792d  GPIOPinTypeTrace                     
00007951  GPIOPinTypeUART                      
00007975  GPIOPinTypeUSBAnalog                 
00007999  GPIOPinTypeUSBDigital                
000079bd  GPIOPinTypeWakeHigh                  
000079e3  GPIOPinTypeWakeLow                   
00007a09  GPIOPinWakeStatus                    
00007a19  GPIOPinConfigure                     
00007a77  GPIODMATriggerEnable                 
00007a95  GPIODMATriggerDisable                
00007ab3  GPIOADCTriggerEnable                 
00007ad1  GPIOADCTriggerDisable                
00007b53  UARTStdioConfig                      
00007c39  UARTwrite                            
00007ccd  UARTgets                             
000080e5  UARTgetc                             
0000810d  UARTvprintf                          
00008407  UARTprintf                           
0000842b  UARTRxBytesAvail                     
00008437  UARTTxBytesFree                      
00008443  UARTFlushRx                          
00008451  UARTFlushTx                          
00008477  UARTEchoSet                          
0000849f  UARTStdioIntHandler                  
000085a9  __TI_printfi                         
00009053  ADCIntRegister                       
0000907b  ADCIntUnregister                     
00009099  ADCIntDisable                        
000090b5  ADCIntEnable                         
000090db  ADCIntStatus                         
00009133  ADCIntClear                          
00009149  ADCSequenceEnable                    
00009163  ADCSequenceDisable                   
0000917d  ADCSequenceConfigure                 
00009219  ADCSequenceStepConfigure             
00009307  ADCSequenceOverflow                  
0000931f  ADCSequenceOverflowClear             
00009335  ADCSequenceUnderflow                 
0000934d  ADCSequenceUnderflowClear            
00009363  ADCSequenceDataGet                   
000093a5  ADCProcessorTrigger                  
000093c9  ADCSoftwareOversampleConfigure       
0000941b  ADCSoftwareOversampleStepConfigure   
000094fd  ADCSoftwareOversampleDataGet         
00009591  ADCHardwareOversampleConfigure       
000095c3  ADCComparatorConfigure               
000095df  ADCComparatorRegionSet               
00009603  ADCComparatorReset                   
00009649  ADCComparatorIntDisable              
00009667  ADCComparatorIntEnable               
00009689  ADCComparatorIntStatus               
0000969d  ADCComparatorIntClear                
000096af  ADCIntDisableEx                      
000096c7  ADCIntEnableEx                       
000096df  ADCIntStatusEx                       
00009711  ADCIntClearEx                        
00009723  ADCReferenceSet                      
0000973f  ADCReferenceGet                      
00009751  ADCPhaseDelaySet                     
00009763  ADCPhaseDelayGet                     
00009771  ADCSequenceDMAEnable                 
0000978d  ADCSequenceDMADisable                
000097a9  ADCBusy                              
000097c7  ADCClockConfigSet                    
000097f1  ADCClockConfigGet                    
00009835  PWMGenConfigure                      
0000987f  PWMGenPeriodSet                      
000098af  PWMGenPeriodGet                      
000098d9  PWMGenEnable                         
000098f3  PWMGenDisable                        
0000990d  PWMPulseWidthSet                     
00009957  PWMPulseWidthGet                     
000099a1  PWMDeadBandEnable                    
000099d9  PWMDeadBandDisable                   
000099f5  PWMSyncUpdate                        
00009a07  PWMSyncTimeBase                      
00009a19  PWMOutputState                       
00009a4b  PWMOutputInvert                      
00009a7d  PWMOutputFaultLevel                  
00009aaf  PWMOutputFault                       
00009be1  PWMGenIntRegister                    
00009c09  PWMGenIntUnregister                  
00009c6f  PWMFaultIntRegister                  
00009c8d  PWMFaultIntUnregister                
00009ca7  PWMGenIntTrigEnable                  
00009cc5  PWMGenIntTrigDisable                 
00009ce3  PWMGenIntStatus                      
00009d0d  PWMGenIntClear                       
00009d25  PWMIntEnable                         
00009d3d  PWMIntDisable                        
00009d55  PWMFaultIntClear                     
00009d67  PWMIntStatus                         
00009d87  PWMFaultIntClearExt                  
00009da5  PWMGenFaultConfigure                 
00009dd5  PWMGenFaultTriggerSet                
00009dff  PWMGenFaultTriggerGet                
00009e23  PWMGenFaultStatus                    
00009e59  PWMGenFaultClear                     
00009e8f  PWMClockSet                          
00009eaf  PWMClockGet                          
00009ed9  PWMOutputUpdateMode                  
00009f4d  xTimerCreateTimerTask                
00009f79  xTimerCreate                         
0000a001  xTimerGenericCommand                 
0000a06d  xTimerGetTimerDaemonTaskHandle       
0000a073  xTimerGetPeriod                      
0000a085  vTimerSetReloadMode                  
0000a0bb  uxTimerGetReloadMode                 
0000a0e3  xTimerGetExpiryTime                  
0000a0f9  pcTimerGetName                       
0000a539  xTimerIsTimerActive                  
0000a561  pvTimerGetTimerID                    
0000a57b  vTimerSetTimerID                     
0000a595  xTimerPendFunctionCallFromISR        
0000a5cb  xTimerPendFunctionCall               
0000a601  uxTimerGetTimerNumber                
0000a60f  vTimerSetTimerNumber                 
0000a6af  TimerEnable                          
0000a6cd  TimerDisable                         
0000a6eb  TimerConfigure                       
0000a767  TimerControlLevel                    
0000a79d  TimerControlTrigger                  
0000a80b  TimerControlEvent                    
0000a835  TimerControlStall                    
0000a86b  TimerControlWaitOnTrigger            
0000a8cb  TimerRTCEnable                       
0000a8e1  TimerRTCDisable                      
0000a8f7  TimerClockSourceSet                  
0000a921  TimerClockSourceGet                  
0000a931  TimerPrescaleSet                     
0000a95b  TimerPrescaleGet                     
0000a977  TimerPrescaleMatchSet                
0000a9a5  TimerPrescaleMatchGet                
0000a9c1  TimerLoadSet                         
0000a9eb  TimerLoadGet                         
0000aa07  TimerLoadSet64                       
0000aa21  TimerLoadGet64                       
0000aa53  TimerValueGet                        
0000aa6f  TimerValueGet64                      
0000aaa1  TimerMatchSet                        
0000aacb  TimerMatchGet                        
0000aae7  TimerMatchSet64                      
0000ab01  TimerMatchGet64                      
0000ab33  TimerIntRegister                     
0000ab5b  TimerIntUnregister                   
0000ab79  TimerIntEnable                       
0000ab91  TimerIntDisable                      
0000aba9  TimerIntStatus                       
0000abc7  TimerIntClear                        
0000abd9  TimerSynchronize                     
0000abeb  TimerADCEventSet                     
0000abfd  TimerADCEventGet                     
0000ac0b  TimerDMAEventSet                     
0000ac1d  TimerDMAEventGet                     
0000ac2b  TimerUpdateMode                      
0000acdf  UARTParityModeSet                    
0000acfb  UARTParityModeGet                    
0000ad0d  UARTFIFOLevelSet                     
0000ad25  UARTFIFOLevelGet                     
0000ad4d  UARTConfigSetExpClk                  
0000adc3  UARTConfigGetExpClk                  
0000ae0f  UARTEnable                           
0000ae33  UARTDisable                          
0000ae5d  UARTFIFOEnable                       
0000ae73  UARTFIFODisable                      
0000ae89  UARTEnableSIR                        
0000aeb7  UARTDisableSIR                       
0000aecd  UARTSmartCardEnable                  
0000aeff  UARTSmartCardDisable                 
0000af15  UARTModemControlSet                  
0000af4d  UARTModemControlClear                
0000af71  UARTModemControlGet                  
0000af83  UARTModemStatusGet                   
0000af97  UARTFlowControlSet                   
0000afb3  UARTFlowControlGet                   
0000afc5  UARTTxIntModeSet                     
0000afe1  UARTTxIntModeGet                     
0000aff3  UARTCharsAvail                       
0000b011  UARTSpaceAvail                       
0000b02f  UARTCharGetNonBlocking               
0000b04b  UARTCharGet                          
0000b061  UARTCharPutNonBlocking               
0000b085  UARTCharPut                          
0000b0a3  UARTBreakCtl                         
0000b0cd  UARTBusy                             
0000b0eb  UARTIntRegister                      
0000b109  UARTIntUnregister                    
0000b129  UARTIntEnable                        
0000b141  UARTIntDisable                       
0000b159  UARTIntStatus                        
0000b177  UARTIntClear                         
0000b189  UARTDMAEnable                        
0000b1a1  UARTDMADisable                       
0000b1b9  UARTRxErrorGet                       
0000b1cb  UARTRxErrorClear                     
0000b1db  UARTClockSourceSet                   
0000b1ef  UARTClockSourceGet                   
0000b1ff  UART9BitEnable                       
0000b215  UART9BitDisable                      
0000b22b  UART9BitAddrSet                      
0000b251  UART9BitAddrSend                     
0000b299  UARTLoopbackEnable                   
0000b2b1  buscar_indice_medida                 
0000b309  mover_robot                          
0000b315  Configuracion                        
0000b519  vApplicationStackOverflowHook        
0000b523  vApplicationTickHook                 
0000b543  vApplicationIdleHook                 
0000b54b  vApplicationMallocFailedHook         
0000b589  main                                 
0000b635  INT_SENSOR                           
0000b685  STOP_MOVE                            
0000b699  PERIOD_TIMER_ADC                     
0000b6c7  PERIOD_TIMER2_A                      
0000b75b  IntMasterEnable                      
0000b76b  IntMasterDisable                     
0000b77b  IntRegister                          
0000b7cd  IntUnregister                        
0000b7e1  IntPriorityGroupingSet               
0000b7fb  IntPriorityGroupingGet               
0000b833  IntPrioritySet                       
0000b883  IntPriorityGet                       
0000b8a7  IntEnable                            
0000b919  IntDisable                           
0000b98b  IntIsEnabled                         
0000ba11  IntPendSet                           
0000ba81  IntPendClear                         
0000bacf  IntPriorityMaskSet                   
0000badb  IntPriorityMaskGet                   
0000bae3  IntTrigger                           
0000bbdf  USBDeviceConfig                      
0000bdd5  USBDeviceConfigAlternate             
0000bea1  pvPortMalloc                         
0000bfa7  vPortFree                            
0000c001  xPortGetFreeHeapSize                 
0000c007  xPortGetMinimumEverFreeHeapSize      
0000c00d  vPortInitialiseBlocks                
0000c159  vPortGetHeapStats                    
0000c2eb  USBDCDConfigDescGetSize              
0000c323  USBDCDConfigDescGetNum               
0000c371  USBDCDConfigDescGet                  
0000c3ff  USBDCDConfigGetNumAlternateInterfaces
0000c453  USBDCDConfigGetInterface             
0000c489  USBDCDConfigGetInterfaceEndpoint     
0000c769  USBDescGetNum                        
0000c7c5  USBDescGet                           
0000c82f  USBDescGetNumAlternateInterfaces     
0000c8e9  USBDescGetInterface                  
0000c917  USBDescGetInterfaceEndpoint          
0000cb0d  __aeabi_dsub                         
0000cb17  __aeabi_dadd                         
0000ccc5  configADC_DisparaSensorM             
0000ccd1  configADC_IniciaSensorML             
0000cd7f  configADC_LeeSensorM                 
0000cd93  ISR_SensorML                         
0000ce31  pxPortInitialiseStack                
0000ce9b  xPortStartScheduler                  
0000ced1  vPortEndScheduler                    
0000ced3  vPortEnterCritical                   
0000cef3  vPortExitCritical                    
0000cf09  xPortSysTickHandler                  
0000cf2f  vPortSetupTimerInterrupt             
0000d0bd  __aeabi_ddiv                         
0000d1f3  vListInitialise                      
0000d223  vListInitialiseItem                  
0000d233  vListInsertEnd                       
0000d26f  vListInsert                          
0000d2d5  uxListRemove                         
0000d31d  ButtonsPoll                          
0000d3c3  ButtonsInit                          
0000d569  ldexp                                
0000d569  ldexpl                               
0000d569  scalbn                               
0000d569  scalbnl                              
0000d679  __aeabi_dmul                         
0000d775  CPUUsageTick                         
0000d7b3  CPUUsageInit                         
0000d865  InternalUSBTickInit                  
0000d8a3  InternalUSBTickReset                 
0000d8ab  InternalUSBRegisterTickHandler       
0000d8fb  InternalUSBStartOfFrameTick          
0000d961  ulPortGetIPSR                        
0000d979  xPortPendSVHandler                   
0000d9d9  vPortSVCHandler                      
0000d9f9  vPortStartFirstTask                  
0000da1d  vPortEnableVFP                       
0000da2b  ULPIConfigSet                        
0000dacd  ULPIPowerTransceiver                 
0000dba7  __aeabi_memcpy                       
0000dba7  __aeabi_memcpy4                      
0000dba7  __aeabi_memcpy8                      
0000dba7  memcpy                               
0000dc43  __aeabi_uldivmod                     
0000dcd9  __aeabi_cdcmpeq                      
0000dcd9  __aeabi_cdcmple                      
0000dd5f  __aeabi_cdrcmple                     
0000dde5  __aeabi_memclr                       
0000dde5  __aeabi_memclr4                      
0000dde5  __aeabi_memclr8                      
0000dde7  __aeabi_memset                       
0000dde7  __aeabi_memset4                      
0000dde7  __aeabi_memset8                      
0000dded  memset                               
0000decd  vConfigureTimerForRunTimeStats       
0000df35  __TI_decompress_lzss                 
0000df9d  frexp                                
0000df9d  frexpl                               
0000e057  __TI_ltoa                            
0000e0fd  atoi                                 
0000e149  __aeabi_d2iz                         
0000e191  __TI_auto_init_nobinit_nopinit       
0000e1d5  __aeabi_d2uiz                        
0000e219  __aeabi_uidiv                        
0000e219  __aeabi_uidivmod                     
0000e259  sprintf                              
0000e2d7  CPUcpsid                             
0000e2e3  CPUprimask                           
0000e2ed  CPUcpsie                             
0000e2f9  CPUwfi                               
0000e2fd  CPUbasepriSet                        
0000e30b  CPUbasepriGet                        
0000e315  _c_int00_noargs                      
0000e349  __aeabi_i2d                          
0000e379  GetOverflowCounts                    
0000e39d  USB0DeviceIntHandler                 
0000e3c1  __aeabi_ui2d                         
0000e3e1  memccpy                              
0000e3fd  copysign                             
0000e3fd  copysignl                            
0000e42f  strchr                               
0000e445  strcpy                               
0000e459  strlen                               
0000e46d  wcslen                               
0000e47f  __TI_decompress_none                 
0000e48d  __TI_zero_init                       
0000e499  ResetISR                             
0000e4b1  __aeabi_errno_addr                   
0000e4b9  SysCtlDelay                          
0000e4bf  _system_pre_init                     
0000e4c3  C$$EXIT                              
0000e4c3  abort                                
0000e678  _ctypes_                             
0000ece0  ulMaxSyscallInterruptPriority        
0000ed38  __TI_Handler_Table_Base              
0000ed44  __TI_Handler_Table_Limit             
0000ed58  __TI_CINIT_Base                      
0000ed70  __TI_CINIT_Limit                     
20000000  __start___llvm_prf_cnts              
20000000  __stop___llvm_prf_cnts               
20000000  g_pfnRAMVectors                      
200056bc  g_psDCDInst                          
2000570c  xQueueRegistry                       
200057bc  g_pfnTickHandlers                    
200057d4  g_pvTickInstance                     
200058bc  g_ppsDevInfo                         
200058c0  g_ui32CPUUsage                       
200058c4  g_ui32SystemClock                    
200058c8  semaforo_adc                         
200058cc  semaforo_motor                       
200058d0  __stack                              
20005ad0  __STACK_END                          
20005ad0  __STACK_TOP                          
20005ad0  pxCurrentTCB                         
20005b6c  g_bUSBTimerInitialized               
20005b70  g_ui32CurrentUSBTick                 
20005b74  g_ui32USBSOFCount                    
20005b78  g_iUSBMode                           
20005b7c  g_ui32WaitTicks                      
20005b8c  estado                               
20005b90  c_vueltas_drc                        
20005b91  c_vueltas_izq                        
20005b98  errno                                
ffffffff  __TI_pprof_out_hndl                  
ffffffff  __TI_prof_data_size                  
ffffffff  __TI_prof_data_start                 
ffffffff  __binit__                            
ffffffff  __c_args__                           
ffffffff  binit                                
UNDEFED   __mpu_init                           
UNDEFED   _system_post_cinit                   

[666 symbols]
