<?xml version="1.0" encoding="ISO-8859-1" ?>
<link_info>
   <banner>TI ARM Linker PC v20.2.7.LTS</banner>
   <copyright>Copyright (c) 1996-2018 Texas Instruments Incorporated</copyright>
   <link_time>0x6363a2f7</link_time>
   <link_errors>0x0</link_errors>
   <output_file>P2_SENSORES.out</output_file>
   <entry_point>
      <name>_c_int00_noargs</name>
      <address>0xe315</address>
   </entry_point>
   <input_file_list>
      <input_file id="fl-2">
         <path>.\</path>
         <kind>object</kind>
         <file>ENCONDERS_1_2.obj</file>
         <name>ENCONDERS_1_2.obj</name>
      </input_file>
      <input_file id="fl-3">
         <path>.\</path>
         <kind>object</kind>
         <file>commands.obj</file>
         <name>commands.obj</name>
      </input_file>
      <input_file id="fl-4">
         <path>.\</path>
         <kind>object</kind>
         <file>startup_ccs.obj</file>
         <name>startup_ccs.obj</name>
      </input_file>
      <input_file id="fl-5">
         <path>.\FreeRTOS\Source\</path>
         <kind>object</kind>
         <file>croutine.obj</file>
         <name>croutine.obj</name>
      </input_file>
      <input_file id="fl-6">
         <path>.\FreeRTOS\Source\</path>
         <kind>object</kind>
         <file>event_groups.obj</file>
         <name>event_groups.obj</name>
      </input_file>
      <input_file id="fl-7">
         <path>.\FreeRTOS\Source\</path>
         <kind>object</kind>
         <file>list.obj</file>
         <name>list.obj</name>
      </input_file>
      <input_file id="fl-8">
         <path>.\FreeRTOS\Source\</path>
         <kind>object</kind>
         <file>queue.obj</file>
         <name>queue.obj</name>
      </input_file>
      <input_file id="fl-9">
         <path>.\FreeRTOS\Source\</path>
         <kind>object</kind>
         <file>stream_buffer.obj</file>
         <name>stream_buffer.obj</name>
      </input_file>
      <input_file id="fl-a">
         <path>.\FreeRTOS\Source\</path>
         <kind>object</kind>
         <file>tasks.obj</file>
         <name>tasks.obj</name>
      </input_file>
      <input_file id="fl-b">
         <path>.\FreeRTOS\Source\</path>
         <kind>object</kind>
         <file>timers.obj</file>
         <name>timers.obj</name>
      </input_file>
      <input_file id="fl-c">
         <path>.\FreeRTOS\Source\portable\CCS\ARM_CM4F\</path>
         <kind>object</kind>
         <file>port.obj</file>
         <name>port.obj</name>
      </input_file>
      <input_file id="fl-d">
         <path>.\FreeRTOS\Source\portable\CCS\ARM_CM4F\</path>
         <kind>object</kind>
         <file>portasm.obj</file>
         <name>portasm.obj</name>
      </input_file>
      <input_file id="fl-e">
         <path>.\FreeRTOS\Source\portable\MemMang\</path>
         <kind>object</kind>
         <file>heap_4.obj</file>
         <name>heap_4.obj</name>
      </input_file>
      <input_file id="fl-f">
         <path>.\driverlib\</path>
         <kind>object</kind>
         <file>adc.obj</file>
         <name>adc.obj</name>
      </input_file>
      <input_file id="fl-10">
         <path>.\driverlib\</path>
         <kind>object</kind>
         <file>aes.obj</file>
         <name>aes.obj</name>
      </input_file>
      <input_file id="fl-11">
         <path>.\driverlib\</path>
         <kind>object</kind>
         <file>can.obj</file>
         <name>can.obj</name>
      </input_file>
      <input_file id="fl-12">
         <path>.\driverlib\</path>
         <kind>object</kind>
         <file>comp.obj</file>
         <name>comp.obj</name>
      </input_file>
      <input_file id="fl-13">
         <path>.\driverlib\</path>
         <kind>object</kind>
         <file>cpu.obj</file>
         <name>cpu.obj</name>
      </input_file>
      <input_file id="fl-14">
         <path>.\driverlib\</path>
         <kind>object</kind>
         <file>crc.obj</file>
         <name>crc.obj</name>
      </input_file>
      <input_file id="fl-15">
         <path>.\driverlib\</path>
         <kind>object</kind>
         <file>des.obj</file>
         <name>des.obj</name>
      </input_file>
      <input_file id="fl-16">
         <path>.\driverlib\</path>
         <kind>object</kind>
         <file>eeprom.obj</file>
         <name>eeprom.obj</name>
      </input_file>
      <input_file id="fl-17">
         <path>.\driverlib\</path>
         <kind>object</kind>
         <file>emac.obj</file>
         <name>emac.obj</name>
      </input_file>
      <input_file id="fl-18">
         <path>.\driverlib\</path>
         <kind>object</kind>
         <file>epi.obj</file>
         <name>epi.obj</name>
      </input_file>
      <input_file id="fl-19">
         <path>.\driverlib\</path>
         <kind>object</kind>
         <file>epi_workaround_ccs.obj</file>
         <name>epi_workaround_ccs.obj</name>
      </input_file>
      <input_file id="fl-1a">
         <path>.\driverlib\</path>
         <kind>object</kind>
         <file>flash.obj</file>
         <name>flash.obj</name>
      </input_file>
      <input_file id="fl-1b">
         <path>.\driverlib\</path>
         <kind>object</kind>
         <file>fpu.obj</file>
         <name>fpu.obj</name>
      </input_file>
      <input_file id="fl-1c">
         <path>.\driverlib\</path>
         <kind>object</kind>
         <file>gpio.obj</file>
         <name>gpio.obj</name>
      </input_file>
      <input_file id="fl-1d">
         <path>.\driverlib\</path>
         <kind>object</kind>
         <file>hibernate.obj</file>
         <name>hibernate.obj</name>
      </input_file>
      <input_file id="fl-1e">
         <path>.\driverlib\</path>
         <kind>object</kind>
         <file>i2c.obj</file>
         <name>i2c.obj</name>
      </input_file>
      <input_file id="fl-1f">
         <path>.\driverlib\</path>
         <kind>object</kind>
         <file>interrupt.obj</file>
         <name>interrupt.obj</name>
      </input_file>
      <input_file id="fl-20">
         <path>.\driverlib\</path>
         <kind>object</kind>
         <file>lcd.obj</file>
         <name>lcd.obj</name>
      </input_file>
      <input_file id="fl-21">
         <path>.\driverlib\</path>
         <kind>object</kind>
         <file>mpu.obj</file>
         <name>mpu.obj</name>
      </input_file>
      <input_file id="fl-22">
         <path>.\driverlib\</path>
         <kind>object</kind>
         <file>onewire.obj</file>
         <name>onewire.obj</name>
      </input_file>
      <input_file id="fl-23">
         <path>.\driverlib\</path>
         <kind>object</kind>
         <file>pwm.obj</file>
         <name>pwm.obj</name>
      </input_file>
      <input_file id="fl-24">
         <path>.\driverlib\</path>
         <kind>object</kind>
         <file>qei.obj</file>
         <name>qei.obj</name>
      </input_file>
      <input_file id="fl-25">
         <path>.\driverlib\</path>
         <kind>object</kind>
         <file>shamd5.obj</file>
         <name>shamd5.obj</name>
      </input_file>
      <input_file id="fl-26">
         <path>.\driverlib\</path>
         <kind>object</kind>
         <file>ssi.obj</file>
         <name>ssi.obj</name>
      </input_file>
      <input_file id="fl-27">
         <path>.\driverlib\</path>
         <kind>object</kind>
         <file>sw_crc.obj</file>
         <name>sw_crc.obj</name>
      </input_file>
      <input_file id="fl-28">
         <path>.\driverlib\</path>
         <kind>object</kind>
         <file>sysctl.obj</file>
         <name>sysctl.obj</name>
      </input_file>
      <input_file id="fl-29">
         <path>.\driverlib\</path>
         <kind>object</kind>
         <file>sysexc.obj</file>
         <name>sysexc.obj</name>
      </input_file>
      <input_file id="fl-2a">
         <path>.\driverlib\</path>
         <kind>object</kind>
         <file>systick.obj</file>
         <name>systick.obj</name>
      </input_file>
      <input_file id="fl-2b">
         <path>.\driverlib\</path>
         <kind>object</kind>
         <file>timer.obj</file>
         <name>timer.obj</name>
      </input_file>
      <input_file id="fl-2c">
         <path>.\driverlib\</path>
         <kind>object</kind>
         <file>uart.obj</file>
         <name>uart.obj</name>
      </input_file>
      <input_file id="fl-2d">
         <path>.\driverlib\</path>
         <kind>object</kind>
         <file>udma.obj</file>
         <name>udma.obj</name>
      </input_file>
      <input_file id="fl-2e">
         <path>.\driverlib\</path>
         <kind>object</kind>
         <file>usb.obj</file>
         <name>usb.obj</name>
      </input_file>
      <input_file id="fl-2f">
         <path>.\driverlib\</path>
         <kind>object</kind>
         <file>watchdog.obj</file>
         <name>watchdog.obj</name>
      </input_file>
      <input_file id="fl-30">
         <path>.\drivers\</path>
         <kind>object</kind>
         <file>buttons.obj</file>
         <name>buttons.obj</name>
      </input_file>
      <input_file id="fl-31">
         <path>.\drivers\</path>
         <kind>object</kind>
         <file>configADC.obj</file>
         <name>configADC.obj</name>
      </input_file>
      <input_file id="fl-32">
         <path>.\drivers\</path>
         <kind>object</kind>
         <file>rgb.obj</file>
         <name>rgb.obj</name>
      </input_file>
      <input_file id="fl-33">
         <path>.\usblib\device\</path>
         <kind>object</kind>
         <file>usbdaudio.obj</file>
         <name>usbdaudio.obj</name>
      </input_file>
      <input_file id="fl-34">
         <path>.\usblib\device\</path>
         <kind>object</kind>
         <file>usbdbulk.obj</file>
         <name>usbdbulk.obj</name>
      </input_file>
      <input_file id="fl-35">
         <path>.\usblib\device\</path>
         <kind>object</kind>
         <file>usbdcdc.obj</file>
         <name>usbdcdc.obj</name>
      </input_file>
      <input_file id="fl-36">
         <path>.\usblib\device\</path>
         <kind>object</kind>
         <file>usbdcdesc.obj</file>
         <name>usbdcdesc.obj</name>
      </input_file>
      <input_file id="fl-37">
         <path>.\usblib\device\</path>
         <kind>object</kind>
         <file>usbdcomp.obj</file>
         <name>usbdcomp.obj</name>
      </input_file>
      <input_file id="fl-38">
         <path>.\usblib\device\</path>
         <kind>object</kind>
         <file>usbdconfig.obj</file>
         <name>usbdconfig.obj</name>
      </input_file>
      <input_file id="fl-39">
         <path>.\usblib\device\</path>
         <kind>object</kind>
         <file>usbddfu-rt.obj</file>
         <name>usbddfu-rt.obj</name>
      </input_file>
      <input_file id="fl-3a">
         <path>.\usblib\device\</path>
         <kind>object</kind>
         <file>usbdenum.obj</file>
         <name>usbdenum.obj</name>
      </input_file>
      <input_file id="fl-3b">
         <path>.\usblib\device\</path>
         <kind>object</kind>
         <file>usbdhandler.obj</file>
         <name>usbdhandler.obj</name>
      </input_file>
      <input_file id="fl-3c">
         <path>.\usblib\device\</path>
         <kind>object</kind>
         <file>usbdhid.obj</file>
         <name>usbdhid.obj</name>
      </input_file>
      <input_file id="fl-3d">
         <path>.\usblib\device\</path>
         <kind>object</kind>
         <file>usbdhidgamepad.obj</file>
         <name>usbdhidgamepad.obj</name>
      </input_file>
      <input_file id="fl-3e">
         <path>.\usblib\device\</path>
         <kind>object</kind>
         <file>usbdhidkeyb.obj</file>
         <name>usbdhidkeyb.obj</name>
      </input_file>
      <input_file id="fl-3f">
         <path>.\usblib\device\</path>
         <kind>object</kind>
         <file>usbdhidmouse.obj</file>
         <name>usbdhidmouse.obj</name>
      </input_file>
      <input_file id="fl-40">
         <path>.\usblib\device\</path>
         <kind>object</kind>
         <file>usbdmsc.obj</file>
         <name>usbdmsc.obj</name>
      </input_file>
      <input_file id="fl-41">
         <path>.\usblib\host\</path>
         <kind>object</kind>
         <file>usbhaudio.obj</file>
         <name>usbhaudio.obj</name>
      </input_file>
      <input_file id="fl-42">
         <path>.\usblib\host\</path>
         <kind>object</kind>
         <file>usbhhid.obj</file>
         <name>usbhhid.obj</name>
      </input_file>
      <input_file id="fl-43">
         <path>.\usblib\host\</path>
         <kind>object</kind>
         <file>usbhhidkeyboard.obj</file>
         <name>usbhhidkeyboard.obj</name>
      </input_file>
      <input_file id="fl-44">
         <path>.\usblib\host\</path>
         <kind>object</kind>
         <file>usbhhidmouse.obj</file>
         <name>usbhhidmouse.obj</name>
      </input_file>
      <input_file id="fl-45">
         <path>.\usblib\host\</path>
         <kind>object</kind>
         <file>usbhhub.obj</file>
         <name>usbhhub.obj</name>
      </input_file>
      <input_file id="fl-46">
         <path>.\usblib\host\</path>
         <kind>object</kind>
         <file>usbhmsc.obj</file>
         <name>usbhmsc.obj</name>
      </input_file>
      <input_file id="fl-47">
         <path>.\usblib\host\</path>
         <kind>object</kind>
         <file>usbhostenum.obj</file>
         <name>usbhostenum.obj</name>
      </input_file>
      <input_file id="fl-48">
         <path>.\usblib\host\</path>
         <kind>object</kind>
         <file>usbhscsi.obj</file>
         <name>usbhscsi.obj</name>
      </input_file>
      <input_file id="fl-49">
         <path>.\usblib\</path>
         <kind>object</kind>
         <file>usbbuffer.obj</file>
         <name>usbbuffer.obj</name>
      </input_file>
      <input_file id="fl-4a">
         <path>.\usblib\</path>
         <kind>object</kind>
         <file>usbdesc.obj</file>
         <name>usbdesc.obj</name>
      </input_file>
      <input_file id="fl-4b">
         <path>.\usblib\</path>
         <kind>object</kind>
         <file>usbdma.obj</file>
         <name>usbdma.obj</name>
      </input_file>
      <input_file id="fl-4c">
         <path>.\usblib\</path>
         <kind>object</kind>
         <file>usbkeyboardmap.obj</file>
         <name>usbkeyboardmap.obj</name>
      </input_file>
      <input_file id="fl-4d">
         <path>.\usblib\</path>
         <kind>object</kind>
         <file>usbmode.obj</file>
         <name>usbmode.obj</name>
      </input_file>
      <input_file id="fl-4e">
         <path>.\usblib\</path>
         <kind>object</kind>
         <file>usbringbuf.obj</file>
         <name>usbringbuf.obj</name>
      </input_file>
      <input_file id="fl-4f">
         <path>.\usblib\</path>
         <kind>object</kind>
         <file>usbtick.obj</file>
         <name>usbtick.obj</name>
      </input_file>
      <input_file id="fl-50">
         <path>.\usblib\</path>
         <kind>object</kind>
         <file>usbulpi.obj</file>
         <name>usbulpi.obj</name>
      </input_file>
      <input_file id="fl-51">
         <path>.\utils\</path>
         <kind>object</kind>
         <file>RunTimeStatsConfig.obj</file>
         <name>RunTimeStatsConfig.obj</name>
      </input_file>
      <input_file id="fl-52">
         <path>.\utils\</path>
         <kind>object</kind>
         <file>cmdline.obj</file>
         <name>cmdline.obj</name>
      </input_file>
      <input_file id="fl-53">
         <path>.\utils\</path>
         <kind>object</kind>
         <file>cpu_usage.obj</file>
         <name>cpu_usage.obj</name>
      </input_file>
      <input_file id="fl-54">
         <path>.\utils\</path>
         <kind>object</kind>
         <file>uartstdioMod.obj</file>
         <name>uartstdioMod.obj</name>
      </input_file>
      <input_file id="fl-5d">
         <kind>object</kind>
         <file>&lt;internal&gt;</file>
         <name>&lt;internal&gt;</name>
      </input_file>
      <input_file id="fl-113">
         <path>C:\ti\ccs1110\ccs\tools\compiler\ti-cgt-arm_20.2.7.LTS\lib\</path>
         <kind>archive</kind>
         <file>rtsv7M4_T_le_v4SPD16_eabi.lib</file>
         <name>sprintf.c.obj</name>
      </input_file>
      <input_file id="fl-114">
         <path>C:\ti\ccs1110\ccs\tools\compiler\ti-cgt-arm_20.2.7.LTS\lib\</path>
         <kind>archive</kind>
         <file>rtsv7M4_T_le_v4SPD16_eabi.lib</file>
         <name>fd_mul_t2.asm.obj</name>
      </input_file>
      <input_file id="fl-115">
         <path>C:\ti\ccs1110\ccs\tools\compiler\ti-cgt-arm_20.2.7.LTS\lib\</path>
         <kind>archive</kind>
         <file>rtsv7M4_T_le_v4SPD16_eabi.lib</file>
         <name>fd_tou_t2.asm.obj</name>
      </input_file>
      <input_file id="fl-116">
         <path>C:\ti\ccs1110\ccs\tools\compiler\ti-cgt-arm_20.2.7.LTS\lib\</path>
         <kind>archive</kind>
         <file>rtsv7M4_T_le_v4SPD16_eabi.lib</file>
         <name>fs_toull_t2.asm.obj</name>
      </input_file>
      <input_file id="fl-117">
         <path>C:\ti\ccs1110\ccs\tools\compiler\ti-cgt-arm_20.2.7.LTS\lib\</path>
         <kind>archive</kind>
         <file>rtsv7M4_T_le_v4SPD16_eabi.lib</file>
         <name>memcpy_t2.asm.obj</name>
      </input_file>
      <input_file id="fl-118">
         <path>C:\ti\ccs1110\ccs\tools\compiler\ti-cgt-arm_20.2.7.LTS\lib\</path>
         <kind>archive</kind>
         <file>rtsv7M4_T_le_v4SPD16_eabi.lib</file>
         <name>u_tofd_t2.asm.obj</name>
      </input_file>
      <input_file id="fl-119">
         <path>C:\ti\ccs1110\ccs\tools\compiler\ti-cgt-arm_20.2.7.LTS\lib\</path>
         <kind>archive</kind>
         <file>rtsv7M4_T_le_v4SPD16_eabi.lib</file>
         <name>memset_t2.asm.obj</name>
      </input_file>
      <input_file id="fl-11a">
         <path>C:\ti\ccs1110\ccs\tools\compiler\ti-cgt-arm_20.2.7.LTS\lib\</path>
         <kind>archive</kind>
         <file>rtsv7M4_T_le_v4SPD16_eabi.lib</file>
         <name>u_divt2.asm.obj</name>
      </input_file>
      <input_file id="fl-11b">
         <path>C:\ti\ccs1110\ccs\tools\compiler\ti-cgt-arm_20.2.7.LTS\lib\</path>
         <kind>archive</kind>
         <file>rtsv7M4_T_le_v4SPD16_eabi.lib</file>
         <name>copy_zero_init.c.obj</name>
      </input_file>
      <input_file id="fl-11c">
         <path>C:\ti\ccs1110\ccs\tools\compiler\ti-cgt-arm_20.2.7.LTS\lib\</path>
         <kind>archive</kind>
         <file>rtsv7M4_T_le_v4SPD16_eabi.lib</file>
         <name>copy_decompress_none.c.obj</name>
      </input_file>
      <input_file id="fl-11d">
         <path>C:\ti\ccs1110\ccs\tools\compiler\ti-cgt-arm_20.2.7.LTS\lib\</path>
         <kind>archive</kind>
         <file>rtsv7M4_T_le_v4SPD16_eabi.lib</file>
         <name>copy_decompress_lzss.c.obj</name>
      </input_file>
      <input_file id="fl-11e">
         <path>C:\ti\ccs1110\ccs\tools\compiler\ti-cgt-arm_20.2.7.LTS\lib\</path>
         <kind>archive</kind>
         <file>rtsv7M4_T_le_v4SPD16_eabi.lib</file>
         <name>strcmp.c.obj</name>
      </input_file>
      <input_file id="fl-11f">
         <path>C:\ti\ccs1110\ccs\tools\compiler\ti-cgt-arm_20.2.7.LTS\lib\</path>
         <kind>archive</kind>
         <file>rtsv7M4_T_le_v4SPD16_eabi.lib</file>
         <name>strcpy.c.obj</name>
      </input_file>
      <input_file id="fl-120">
         <path>C:\ti\ccs1110\ccs\tools\compiler\ti-cgt-arm_20.2.7.LTS\lib\</path>
         <kind>archive</kind>
         <file>rtsv7M4_T_le_v4SPD16_eabi.lib</file>
         <name>strlen.c.obj</name>
      </input_file>
      <input_file id="fl-121">
         <path>C:\ti\ccs1110\ccs\tools\compiler\ti-cgt-arm_20.2.7.LTS\lib\</path>
         <kind>archive</kind>
         <file>rtsv7M4_T_le_v4SPD16_eabi.lib</file>
         <name>boot_cortex_m.c.obj</name>
      </input_file>
      <input_file id="fl-122">
         <path>C:\ti\ccs1110\ccs\tools\compiler\ti-cgt-arm_20.2.7.LTS\lib\</path>
         <kind>archive</kind>
         <file>rtsv7M4_T_le_v4SPD16_eabi.lib</file>
         <name>_printfi.c.obj</name>
      </input_file>
      <input_file id="fl-123">
         <path>C:\ti\ccs1110\ccs\tools\compiler\ti-cgt-arm_20.2.7.LTS\lib\</path>
         <kind>archive</kind>
         <file>rtsv7M4_T_le_v4SPD16_eabi.lib</file>
         <name>div0.asm.obj</name>
      </input_file>
      <input_file id="fl-124">
         <path>C:\ti\ccs1110\ccs\tools\compiler\ti-cgt-arm_20.2.7.LTS\lib\</path>
         <kind>archive</kind>
         <file>rtsv7M4_T_le_v4SPD16_eabi.lib</file>
         <name>fd_add_t2.asm.obj</name>
      </input_file>
      <input_file id="fl-125">
         <path>C:\ti\ccs1110\ccs\tools\compiler\ti-cgt-arm_20.2.7.LTS\lib\</path>
         <kind>archive</kind>
         <file>rtsv7M4_T_le_v4SPD16_eabi.lib</file>
         <name>fd_cmp_t2.asm.obj</name>
      </input_file>
      <input_file id="fl-126">
         <path>C:\ti\ccs1110\ccs\tools\compiler\ti-cgt-arm_20.2.7.LTS\lib\</path>
         <kind>archive</kind>
         <file>rtsv7M4_T_le_v4SPD16_eabi.lib</file>
         <name>fd_div_t2.asm.obj</name>
      </input_file>
      <input_file id="fl-127">
         <path>C:\ti\ccs1110\ccs\tools\compiler\ti-cgt-arm_20.2.7.LTS\lib\</path>
         <kind>archive</kind>
         <file>rtsv7M4_T_le_v4SPD16_eabi.lib</file>
         <name>fd_toi_t2.asm.obj</name>
      </input_file>
      <input_file id="fl-128">
         <path>C:\ti\ccs1110\ccs\tools\compiler\ti-cgt-arm_20.2.7.LTS\lib\</path>
         <kind>archive</kind>
         <file>rtsv7M4_T_le_v4SPD16_eabi.lib</file>
         <name>i_tofd_t2.asm.obj</name>
      </input_file>
      <input_file id="fl-129">
         <path>C:\ti\ccs1110\ccs\tools\compiler\ti-cgt-arm_20.2.7.LTS\lib\</path>
         <kind>archive</kind>
         <file>rtsv7M4_T_le_v4SPD16_eabi.lib</file>
         <name>ull_div_t2.asm.obj</name>
      </input_file>
      <input_file id="fl-12a">
         <path>C:\ti\ccs1110\ccs\tools\compiler\ti-cgt-arm_20.2.7.LTS\lib\</path>
         <kind>archive</kind>
         <file>rtsv7M4_T_le_v4SPD16_eabi.lib</file>
         <name>autoinit.c.obj</name>
      </input_file>
      <input_file id="fl-12b">
         <path>C:\ti\ccs1110\ccs\tools\compiler\ti-cgt-arm_20.2.7.LTS\lib\</path>
         <kind>archive</kind>
         <file>rtsv7M4_T_le_v4SPD16_eabi.lib</file>
         <name>pre_init.c.obj</name>
      </input_file>
      <input_file id="fl-12c">
         <path>C:\ti\ccs1110\ccs\tools\compiler\ti-cgt-arm_20.2.7.LTS\lib\</path>
         <kind>archive</kind>
         <file>rtsv7M4_T_le_v4SPD16_eabi.lib</file>
         <name>cpy_tbl.c.obj</name>
      </input_file>
      <input_file id="fl-12d">
         <path>C:\ti\ccs1110\ccs\tools\compiler\ti-cgt-arm_20.2.7.LTS\lib\</path>
         <kind>archive</kind>
         <file>rtsv7M4_T_le_v4SPD16_eabi.lib</file>
         <name>exit.c.obj</name>
      </input_file>
      <input_file id="fl-12e">
         <path>C:\ti\ccs1110\ccs\tools\compiler\ti-cgt-arm_20.2.7.LTS\lib\</path>
         <kind>archive</kind>
         <file>rtsv7M4_T_le_v4SPD16_eabi.lib</file>
         <name>_lock.c.obj</name>
      </input_file>
      <input_file id="fl-12f">
         <path>C:\ti\ccs1110\ccs\tools\compiler\ti-cgt-arm_20.2.7.LTS\lib\</path>
         <kind>archive</kind>
         <file>rtsv7M4_T_le_v4SPD16_eabi.lib</file>
         <name>_ltoa.c.obj</name>
      </input_file>
      <input_file id="fl-130">
         <path>C:\ti\ccs1110\ccs\tools\compiler\ti-cgt-arm_20.2.7.LTS\lib\</path>
         <kind>archive</kind>
         <file>rtsv7M4_T_le_v4SPD16_eabi.lib</file>
         <name>args_main.c.obj</name>
      </input_file>
      <input_file id="fl-131">
         <path>C:\ti\ccs1110\ccs\tools\compiler\ti-cgt-arm_20.2.7.LTS\lib\</path>
         <kind>archive</kind>
         <file>rtsv7M4_T_le_v4SPD16_eabi.lib</file>
         <name>atoi.c.obj</name>
      </input_file>
      <input_file id="fl-132">
         <path>C:\ti\ccs1110\ccs\tools\compiler\ti-cgt-arm_20.2.7.LTS\lib\</path>
         <kind>archive</kind>
         <file>rtsv7M4_T_le_v4SPD16_eabi.lib</file>
         <name>ctype.c.obj</name>
      </input_file>
      <input_file id="fl-133">
         <path>C:\ti\ccs1110\ccs\tools\compiler\ti-cgt-arm_20.2.7.LTS\lib\</path>
         <kind>archive</kind>
         <file>rtsv7M4_T_le_v4SPD16_eabi.lib</file>
         <name>memccpy.c.obj</name>
      </input_file>
      <input_file id="fl-134">
         <path>C:\ti\ccs1110\ccs\tools\compiler\ti-cgt-arm_20.2.7.LTS\lib\</path>
         <kind>archive</kind>
         <file>rtsv7M4_T_le_v4SPD16_eabi.lib</file>
         <name>strchr.c.obj</name>
      </input_file>
      <input_file id="fl-135">
         <path>C:\ti\ccs1110\ccs\tools\compiler\ti-cgt-arm_20.2.7.LTS\lib\</path>
         <kind>archive</kind>
         <file>rtsv7M4_T_le_v4SPD16_eabi.lib</file>
         <name>errno.c.obj</name>
      </input_file>
      <input_file id="fl-136">
         <path>C:\ti\ccs1110\ccs\tools\compiler\ti-cgt-arm_20.2.7.LTS\lib\</path>
         <kind>archive</kind>
         <file>rtsv7M4_T_le_v4SPD16_eabi.lib</file>
         <name>wcslen.c.obj</name>
      </input_file>
      <input_file id="fl-137">
         <path>C:\ti\ccs1110\ccs\tools\compiler\ti-cgt-arm_20.2.7.LTS\lib\</path>
         <kind>archive</kind>
         <file>rtsv7M4_T_le_v4SPD16_eabi.lib</file>
         <name>s_frexp.c.obj</name>
      </input_file>
      <input_file id="fl-138">
         <path>C:\ti\ccs1110\ccs\tools\compiler\ti-cgt-arm_20.2.7.LTS\lib\</path>
         <kind>archive</kind>
         <file>rtsv7M4_T_le_v4SPD16_eabi.lib</file>
         <name>s_scalbn.c.obj</name>
      </input_file>
      <input_file id="fl-139">
         <path>C:\ti\ccs1110\ccs\tools\compiler\ti-cgt-arm_20.2.7.LTS\lib\</path>
         <kind>archive</kind>
         <file>rtsv7M4_T_le_v4SPD16_eabi.lib</file>
         <name>s_copysign.c.obj</name>
      </input_file>
   </input_file_list>
   <object_component_list>
      <object_component id="oc-12">
         <name>.intvecs</name>
         <load_address>0x0</load_address>
         <run_address>0x0</run_address>
         <size>0x26c</size>
         <input_file_ref idref="fl-4"/>
      </object_component>
      <object_component id="oc-97">
         <name>.text</name>
         <load_address>0x26c</load_address>
         <run_address>0x26c</run_address>
         <size>0x19b4</size>
         <input_file_ref idref="fl-a"/>
      </object_component>
      <object_component id="oc-281">
         <name>.text</name>
         <load_address>0x1c20</load_address>
         <run_address>0x1c20</run_address>
         <size>0x15b6</size>
         <input_file_ref idref="fl-2e"/>
      </object_component>
      <object_component id="oc-26d">
         <name>.text</name>
         <load_address>0x31d6</load_address>
         <run_address>0x31d6</run_address>
         <size>0x2</size>
         <input_file_ref idref="fl-123"/>
      </object_component>
      <object_component id="oc-13f">
         <name>.text</name>
         <load_address>0x31d8</load_address>
         <run_address>0x31d8</run_address>
         <size>0x134c</size>
         <input_file_ref idref="fl-3a"/>
      </object_component>
      <object_component id="oc-bf">
         <name>.text</name>
         <load_address>0x4524</load_address>
         <run_address>0x4524</run_address>
         <size>0xf80</size>
         <input_file_ref idref="fl-28"/>
      </object_component>
      <object_component id="oc-28d">
         <name>.text</name>
         <load_address>0x54a4</load_address>
         <run_address>0x54a4</run_address>
         <size>0xf20</size>
         <input_file_ref idref="fl-4b"/>
      </object_component>
      <object_component id="oc-e6">
         <name>.text</name>
         <load_address>0x63c4</load_address>
         <run_address>0x63c4</run_address>
         <size>0xba0</size>
         <input_file_ref idref="fl-8"/>
      </object_component>
      <object_component id="oc-b3">
         <name>.text</name>
         <load_address>0x6f64</load_address>
         <run_address>0x6f64</run_address>
         <size>0xb94</size>
         <input_file_ref idref="fl-1c"/>
      </object_component>
      <object_component id="oc-3e">
         <name>.text</name>
         <load_address>0x7af8</load_address>
         <run_address>0x7af8</run_address>
         <size>0xab0</size>
         <input_file_ref idref="fl-54"/>
      </object_component>
      <object_component id="oc-35d">
         <name>.text:__TI_printfi</name>
         <load_address>0x85a8</load_address>
         <run_address>0x85a8</run_address>
         <size>0xa4e</size>
         <input_file_ref idref="fl-122"/>
      </object_component>
      <object_component id="oc-12f">
         <name>.text</name>
         <load_address>0x8ff8</load_address>
         <run_address>0x8ff8</run_address>
         <size>0x83a</size>
         <input_file_ref idref="fl-f"/>
      </object_component>
      <object_component id="oc-c5">
         <name>.text</name>
         <load_address>0x9834</load_address>
         <run_address>0x9834</run_address>
         <size>0x718</size>
         <input_file_ref idref="fl-23"/>
      </object_component>
      <object_component id="oc-19c">
         <name>.text</name>
         <load_address>0x9f4c</load_address>
         <run_address>0x9f4c</run_address>
         <size>0x6f0</size>
         <input_file_ref idref="fl-b"/>
      </object_component>
      <object_component id="oc-cb">
         <name>.text</name>
         <load_address>0xa63c</load_address>
         <run_address>0xa63c</run_address>
         <size>0x642</size>
         <input_file_ref idref="fl-2b"/>
      </object_component>
      <object_component id="oc-105">
         <name>.text</name>
         <load_address>0xac80</load_address>
         <run_address>0xac80</run_address>
         <size>0x62e</size>
         <input_file_ref idref="fl-2c"/>
      </object_component>
      <object_component id="oc-38">
         <name>.text</name>
         <load_address>0xb2b0</load_address>
         <run_address>0xb2b0</run_address>
         <size>0x4a8</size>
         <input_file_ref idref="fl-2"/>
      </object_component>
      <object_component id="oc-b9">
         <name>.text</name>
         <load_address>0xb758</load_address>
         <run_address>0xb758</run_address>
         <size>0x3c0</size>
         <input_file_ref idref="fl-1f"/>
      </object_component>
      <object_component id="oc-2b2">
         <name>.text</name>
         <load_address>0xbb18</load_address>
         <run_address>0xbb18</run_address>
         <size>0x388</size>
         <input_file_ref idref="fl-38"/>
      </object_component>
      <object_component id="oc-184">
         <name>.text</name>
         <load_address>0xbea0</load_address>
         <run_address>0xbea0</run_address>
         <size>0x378</size>
         <input_file_ref idref="fl-e"/>
      </object_component>
      <object_component id="oc-2ac">
         <name>.text</name>
         <load_address>0xc218</load_address>
         <run_address>0xc218</run_address>
         <size>0x2de</size>
         <input_file_ref idref="fl-36"/>
      </object_component>
      <object_component id="oc-456">
         <name>.text:_pconv_a</name>
         <load_address>0xc4f8</load_address>
         <run_address>0xc4f8</run_address>
         <size>0x270</size>
         <input_file_ref idref="fl-122"/>
      </object_component>
      <object_component id="oc-3e3">
         <name>.text</name>
         <load_address>0xc768</load_address>
         <run_address>0xc768</run_address>
         <size>0x1d2</size>
         <input_file_ref idref="fl-4a"/>
      </object_component>
      <object_component id="oc-444">
         <name>.text:_pconv_g</name>
         <load_address>0xc93c</load_address>
         <run_address>0xc93c</run_address>
         <size>0x1d0</size>
         <input_file_ref idref="fl-122"/>
      </object_component>
      <object_component id="oc-50f">
         <name>.text</name>
         <load_address>0xcb0c</load_address>
         <run_address>0xcb0c</run_address>
         <size>0x1b6</size>
         <input_file_ref idref="fl-124"/>
      </object_component>
      <object_component id="oc-44">
         <name>.text</name>
         <load_address>0xccc4</load_address>
         <run_address>0xccc4</run_address>
         <size>0x16c</size>
         <input_file_ref idref="fl-31"/>
      </object_component>
      <object_component id="oc-32">
         <name>.text</name>
         <load_address>0xce30</load_address>
         <run_address>0xce30</run_address>
         <size>0x150</size>
         <input_file_ref idref="fl-c"/>
      </object_component>
      <object_component id="oc-450">
         <name>.text:_pconv_e</name>
         <load_address>0xcf80</load_address>
         <run_address>0xcf80</run_address>
         <size>0x13c</size>
         <input_file_ref idref="fl-122"/>
      </object_component>
      <object_component id="oc-4f5">
         <name>.text</name>
         <load_address>0xd0bc</load_address>
         <run_address>0xd0bc</run_address>
         <size>0x136</size>
         <input_file_ref idref="fl-126"/>
      </object_component>
      <object_component id="oc-18a">
         <name>.text</name>
         <load_address>0xd1f2</load_address>
         <run_address>0xd1f2</run_address>
         <size>0x12a</size>
         <input_file_ref idref="fl-7"/>
      </object_component>
      <object_component id="oc-ad">
         <name>.text</name>
         <load_address>0xd31c</load_address>
         <run_address>0xd31c</run_address>
         <size>0x128</size>
         <input_file_ref idref="fl-30"/>
      </object_component>
      <object_component id="oc-521">
         <name>.text:fcvt</name>
         <load_address>0xd444</load_address>
         <run_address>0xd444</run_address>
         <size>0x124</size>
         <input_file_ref idref="fl-122"/>
      </object_component>
      <object_component id="oc-535">
         <name>.text:scalbn</name>
         <load_address>0xd568</load_address>
         <run_address>0xd568</run_address>
         <size>0x110</size>
         <input_file_ref idref="fl-138"/>
      </object_component>
      <object_component id="oc-d6">
         <name>.text</name>
         <load_address>0xd678</load_address>
         <run_address>0xd678</run_address>
         <size>0xfc</size>
         <input_file_ref idref="fl-114"/>
      </object_component>
      <object_component id="oc-e0">
         <name>.text</name>
         <load_address>0xd774</load_address>
         <run_address>0xd774</run_address>
         <size>0xf0</size>
         <input_file_ref idref="fl-53"/>
      </object_component>
      <object_component id="oc-293">
         <name>.text</name>
         <load_address>0xd864</load_address>
         <run_address>0xd864</run_address>
         <size>0xec</size>
         <input_file_ref idref="fl-4f"/>
      </object_component>
      <object_component id="oc-2d">
         <name>.text</name>
         <load_address>0xd950</load_address>
         <run_address>0xd950</run_address>
         <size>0xda</size>
         <input_file_ref idref="fl-d"/>
      </object_component>
      <object_component id="oc-287">
         <name>.text</name>
         <load_address>0xda2a</load_address>
         <run_address>0xda2a</run_address>
         <size>0xc8</size>
         <input_file_ref idref="fl-50"/>
      </object_component>
      <object_component id="oc-439">
         <name>.text:_ltostr</name>
         <load_address>0xdaf4</load_address>
         <run_address>0xdaf4</run_address>
         <size>0xb1</size>
         <input_file_ref idref="fl-122"/>
      </object_component>
      <object_component id="oc-5e">
         <name>.text</name>
         <load_address>0xdba6</load_address>
         <run_address>0xdba6</run_address>
         <size>0x9c</size>
         <input_file_ref idref="fl-117"/>
      </object_component>
      <object_component id="oc-4ee">
         <name>.text</name>
         <load_address>0xdc42</load_address>
         <run_address>0xdc42</run_address>
         <size>0x96</size>
         <input_file_ref idref="fl-129"/>
      </object_component>
      <object_component id="oc-43f">
         <name>.text:__aeabi_cdcmple</name>
         <load_address>0xdcd8</load_address>
         <run_address>0xdcd8</run_address>
         <size>0x86</size>
         <input_file_ref idref="fl-125"/>
      </object_component>
      <object_component id="oc-4fa">
         <name>.text:__aeabi_cdrcmple</name>
         <load_address>0xdd5e</load_address>
         <run_address>0xdd5e</run_address>
         <size>0x86</size>
         <input_file_ref idref="fl-125"/>
      </object_component>
      <object_component id="oc-162">
         <name>.text</name>
         <load_address>0xdde4</load_address>
         <run_address>0xdde4</run_address>
         <size>0x7a</size>
         <input_file_ref idref="fl-119"/>
      </object_component>
      <object_component id="oc-51a">
         <name>.text:_mcpy</name>
         <load_address>0xde5e</load_address>
         <run_address>0xde5e</run_address>
         <size>0x6e</size>
         <input_file_ref idref="fl-122"/>
      </object_component>
      <object_component id="oc-1a2">
         <name>.text</name>
         <load_address>0xdecc</load_address>
         <run_address>0xdecc</run_address>
         <size>0x68</size>
         <input_file_ref idref="fl-51"/>
      </object_component>
      <object_component id="oc-15">
         <name>.text:decompress:lzss:__TI_decompress_lzss</name>
         <load_address>0xdf34</load_address>
         <run_address>0xdf34</run_address>
         <size>0x68</size>
         <input_file_ref idref="fl-11d"/>
      </object_component>
      <object_component id="oc-52f">
         <name>.text:frexp</name>
         <load_address>0xdf9c</load_address>
         <run_address>0xdf9c</run_address>
         <size>0x64</size>
         <input_file_ref idref="fl-137"/>
      </object_component>
      <object_component id="oc-44a">
         <name>.text:_pconv_f</name>
         <load_address>0xe000</load_address>
         <run_address>0xe000</run_address>
         <size>0x56</size>
         <input_file_ref idref="fl-122"/>
      </object_component>
      <object_component id="oc-504">
         <name>.text:__TI_ltoa</name>
         <load_address>0xe056</load_address>
         <run_address>0xe056</run_address>
         <size>0x54</size>
         <input_file_ref idref="fl-12f"/>
      </object_component>
      <object_component id="oc-514">
         <name>.text:_ecpy</name>
         <load_address>0xe0aa</load_address>
         <run_address>0xe0aa</run_address>
         <size>0x52</size>
         <input_file_ref idref="fl-122"/>
      </object_component>
      <object_component id="oc-433">
         <name>.text:atoi</name>
         <load_address>0xe0fc</load_address>
         <run_address>0xe0fc</run_address>
         <size>0x4c</size>
         <input_file_ref idref="fl-131"/>
      </object_component>
      <object_component id="oc-4ff">
         <name>.text</name>
         <load_address>0xe148</load_address>
         <run_address>0xe148</run_address>
         <size>0x48</size>
         <input_file_ref idref="fl-127"/>
      </object_component>
      <object_component id="oc-2dd">
         <name>.text:__TI_auto_init_nobinit_nopinit:__TI_auto_init_nobinit_nopinit</name>
         <load_address>0xe190</load_address>
         <run_address>0xe190</run_address>
         <size>0x44</size>
         <input_file_ref idref="fl-12a"/>
      </object_component>
      <object_component id="oc-db">
         <name>.text</name>
         <load_address>0xe1d4</load_address>
         <run_address>0xe1d4</run_address>
         <size>0x44</size>
         <input_file_ref idref="fl-115"/>
      </object_component>
      <object_component id="oc-120">
         <name>.text</name>
         <load_address>0xe218</load_address>
         <run_address>0xe218</run_address>
         <size>0x40</size>
         <input_file_ref idref="fl-11a"/>
      </object_component>
      <object_component id="oc-1c4">
         <name>.text:sprintf</name>
         <load_address>0xe258</load_address>
         <run_address>0xe258</run_address>
         <size>0x40</size>
         <input_file_ref idref="fl-113"/>
      </object_component>
      <object_component id="oc-527">
         <name>.text:_fcpy</name>
         <load_address>0xe298</load_address>
         <run_address>0xe298</run_address>
         <size>0x3e</size>
         <input_file_ref idref="fl-122"/>
      </object_component>
      <object_component id="oc-1f8">
         <name>.text</name>
         <load_address>0xe2d6</load_address>
         <run_address>0xe2d6</run_address>
         <size>0x3e</size>
         <input_file_ref idref="fl-13"/>
      </object_component>
      <object_component id="oc-7c">
         <name>.text:_c_int00_noargs:_c_int00_noargs</name>
         <load_address>0xe314</load_address>
         <run_address>0xe314</run_address>
         <size>0x34</size>
         <input_file_ref idref="fl-121"/>
      </object_component>
      <object_component id="oc-50a">
         <name>.text</name>
         <load_address>0xe348</load_address>
         <run_address>0xe348</run_address>
         <size>0x2e</size>
         <input_file_ref idref="fl-128"/>
      </object_component>
      <object_component id="oc-1ab">
         <name>.text:GetOverflowCounts</name>
         <load_address>0xe378</load_address>
         <run_address>0xe378</run_address>
         <size>0x24</size>
         <input_file_ref idref="fl-51"/>
      </object_component>
      <object_component id="oc-4a">
         <name>.text</name>
         <load_address>0xe39c</load_address>
         <run_address>0xe39c</run_address>
         <size>0x24</size>
         <input_file_ref idref="fl-3b"/>
      </object_component>
      <object_component id="oc-d1">
         <name>.text</name>
         <load_address>0xe3c0</load_address>
         <run_address>0xe3c0</run_address>
         <size>0x20</size>
         <input_file_ref idref="fl-118"/>
      </object_component>
      <object_component id="oc-45c">
         <name>.text:memccpy</name>
         <load_address>0xe3e0</load_address>
         <run_address>0xe3e0</run_address>
         <size>0x1c</size>
         <input_file_ref idref="fl-133"/>
      </object_component>
      <object_component id="oc-595">
         <name>.text:copysign</name>
         <load_address>0xe3fc</load_address>
         <run_address>0xe3fc</run_address>
         <size>0x1a</size>
         <input_file_ref idref="fl-139"/>
      </object_component>
      <object_component id="oc-363">
         <name>.text:_outs</name>
         <load_address>0xe416</load_address>
         <run_address>0xe416</run_address>
         <size>0x18</size>
         <input_file_ref idref="fl-113"/>
      </object_component>
      <object_component id="oc-53b">
         <name>.text:strchr</name>
         <load_address>0xe42e</load_address>
         <run_address>0xe42e</run_address>
         <size>0x16</size>
         <input_file_ref idref="fl-134"/>
      </object_component>
      <object_component id="oc-1b8">
         <name>.text:strcpy</name>
         <load_address>0xe444</load_address>
         <run_address>0xe444</run_address>
         <size>0x14</size>
         <input_file_ref idref="fl-11f"/>
      </object_component>
      <object_component id="oc-1be">
         <name>.text:strlen</name>
         <load_address>0xe458</load_address>
         <run_address>0xe458</run_address>
         <size>0x14</size>
         <input_file_ref idref="fl-120"/>
      </object_component>
      <object_component id="oc-462">
         <name>.text:wcslen</name>
         <load_address>0xe46c</load_address>
         <run_address>0xe46c</run_address>
         <size>0x12</size>
         <input_file_ref idref="fl-136"/>
      </object_component>
      <object_component id="oc-1b">
         <name>.text:decompress:none:__TI_decompress_none</name>
         <load_address>0xe47e</load_address>
         <run_address>0xe47e</run_address>
         <size>0xe</size>
         <input_file_ref idref="fl-11c"/>
      </object_component>
      <object_component id="oc-70">
         <name>.text:decompress:ZI:__TI_zero_init</name>
         <load_address>0xe48c</load_address>
         <run_address>0xe48c</run_address>
         <size>0xc</size>
         <input_file_ref idref="fl-11b"/>
      </object_component>
      <object_component id="oc-27">
         <name>.text</name>
         <load_address>0xe498</load_address>
         <run_address>0xe498</run_address>
         <size>0xc</size>
         <input_file_ref idref="fl-4"/>
      </object_component>
      <object_component id="oc-369">
         <name>.text:_outc</name>
         <load_address>0xe4a4</load_address>
         <run_address>0xe4a4</run_address>
         <size>0xa</size>
         <input_file_ref idref="fl-113"/>
      </object_component>
      <object_component id="oc-468">
         <name>.text:__aeabi_errno_addr</name>
         <load_address>0xe4b0</load_address>
         <run_address>0xe4b0</run_address>
         <size>0x8</size>
         <input_file_ref idref="fl-135"/>
      </object_component>
      <object_component id="oc-221">
         <name>.text:SysCtlDelay</name>
         <load_address>0xe4b8</load_address>
         <run_address>0xe4b8</run_address>
         <size>0x6</size>
         <input_file_ref idref="fl-28"/>
      </object_component>
      <object_component id="oc-168">
         <name>.text:_system_pre_init</name>
         <load_address>0xe4be</load_address>
         <run_address>0xe4be</run_address>
         <size>0x4</size>
         <input_file_ref idref="fl-12b"/>
      </object_component>
      <object_component id="oc-2d1">
         <name>.text:abort:abort</name>
         <load_address>0xe4c2</load_address>
         <run_address>0xe4c2</run_address>
         <size>0x4</size>
         <input_file_ref idref="fl-12d"/>
      </object_component>
      <object_component id="oc-21e">
         <name>.const:g_pppui32XTALtoVCO</name>
         <load_address>0xe4c8</load_address>
         <run_address>0xe4c8</run_address>
         <size>0x1b0</size>
         <input_file_ref idref="fl-28"/>
      </object_component>
      <object_component id="oc-4e9">
         <name>.const:.string:_ctypes_</name>
         <load_address>0xe678</load_address>
         <run_address>0xe678</run_address>
         <size>0x101</size>
         <input_file_ref idref="fl-132"/>
      </object_component>
      <object_component id="oc-1eb">
         <name>.const:g_ppui32GPIOIntMapSnowflake</name>
         <load_address>0xe77c</load_address>
         <run_address>0xe77c</run_address>
         <size>0xd8</size>
         <input_file_ref idref="fl-1c"/>
      </object_component>
      <object_component id="oc-1e8">
         <name>.const:g_ppui32GPIOIntMapBlizzard</name>
         <load_address>0xe854</load_address>
         <run_address>0xe854</run_address>
         <size>0xc0</size>
         <input_file_ref idref="fl-1c"/>
      </object_component>
      <object_component id="oc-204">
         <name>.const:g_pui32Regs</name>
         <load_address>0xe914</load_address>
         <run_address>0xe914</run_address>
         <size>0x9c</size>
         <input_file_ref idref="fl-1f"/>
      </object_component>
      <object_component id="oc-1ee">
         <name>.const:g_pui32GPIOBaseAddrs</name>
         <load_address>0xe9b0</load_address>
         <run_address>0xe9b0</run_address>
         <size>0x90</size>
         <input_file_ref idref="fl-1c"/>
      </object_component>
      <object_component id="oc-218">
         <name>.const:g_pui32Xtals</name>
         <load_address>0xea40</load_address>
         <run_address>0xea40</run_address>
         <size>0x6c</size>
         <input_file_ref idref="fl-28"/>
      </object_component>
      <object_component id="oc-226">
         <name>.const:g_ppui32TimerIntMap</name>
         <load_address>0xeaac</load_address>
         <run_address>0xeaac</run_address>
         <size>0x60</size>
         <input_file_ref idref="fl-2b"/>
      </object_component>
      <object_component id="oc-229">
         <name>.const:g_ppui32TimerIntMapSnowflake</name>
         <load_address>0xeb0c</load_address>
         <run_address>0xeb0c</run_address>
         <size>0x40</size>
         <input_file_ref idref="fl-2b"/>
      </object_component>
      <object_component id="oc-257">
         <name>.const:g_ppui32UARTIntMap</name>
         <load_address>0xeb4c</load_address>
         <run_address>0xeb4c</run_address>
         <size>0x40</size>
         <input_file_ref idref="fl-2c"/>
      </object_component>
      <object_component id="oc-25a">
         <name>.const:g_ppui32UARTIntMapSnowflake</name>
         <load_address>0xeb8c</load_address>
         <run_address>0xeb8c</run_address>
         <size>0x40</size>
         <input_file_ref idref="fl-2c"/>
      </object_component>
      <object_component id="oc-2a9">
         <name>.const:g_psUSBDStdRequests</name>
         <load_address>0xebcc</load_address>
         <run_address>0xebcc</run_address>
         <size>0x34</size>
         <input_file_ref idref="fl-3a"/>
      </object_component>
      <object_component id="oc-215">
         <name>.const:g_sXTALtoMEMTIM</name>
         <load_address>0xec00</load_address>
         <run_address>0xec00</run_address>
         <size>0x30</size>
         <input_file_ref idref="fl-28"/>
      </object_component>
      <object_component id="oc-201">
         <name>.const:g_pui32Priority</name>
         <load_address>0xec30</load_address>
         <run_address>0xec30</run_address>
         <size>0x20</size>
         <input_file_ref idref="fl-1f"/>
      </object_component>
      <object_component id="oc-20a">
         <name>.const:g_pui32Dii16Regs</name>
         <load_address>0xec50</load_address>
         <run_address>0xec50</run_address>
         <size>0x14</size>
         <input_file_ref idref="fl-1f"/>
      </object_component>
      <object_component id="oc-207">
         <name>.const:g_pui32EnRegs</name>
         <load_address>0xec64</load_address>
         <run_address>0xec64</run_address>
         <size>0x14</size>
         <input_file_ref idref="fl-1f"/>
      </object_component>
      <object_component id="oc-20d">
         <name>.const:g_pui32PendRegs</name>
         <load_address>0xec78</load_address>
         <run_address>0xec78</run_address>
         <size>0x14</size>
         <input_file_ref idref="fl-1f"/>
      </object_component>
      <object_component id="oc-210">
         <name>.const:g_pui32UnpendRegs</name>
         <load_address>0xec8c</load_address>
         <run_address>0xec8c</run_address>
         <size>0x14</size>
         <input_file_ref idref="fl-1f"/>
      </object_component>
      <object_component id="oc-273">
         <name>.const:.string</name>
         <load_address>0xeca0</load_address>
         <run_address>0xeca0</run_address>
         <size>0x12</size>
         <input_file_ref idref="fl-54"/>
      </object_component>
      <object_component id="oc-111">
         <name>.const:g_ui32UARTBase</name>
         <load_address>0xecb4</load_address>
         <run_address>0xecb4</run_address>
         <size>0xc</size>
         <input_file_ref idref="fl-54"/>
      </object_component>
      <object_component id="oc-117">
         <name>.const:g_ui32UARTInt</name>
         <load_address>0xecc0</load_address>
         <run_address>0xecc0</run_address>
         <size>0xc</size>
         <input_file_ref idref="fl-54"/>
      </object_component>
      <object_component id="oc-114">
         <name>.const:g_ui32UARTPeriph</name>
         <load_address>0xeccc</load_address>
         <run_address>0xeccc</run_address>
         <size>0xc</size>
         <input_file_ref idref="fl-54"/>
      </object_component>
      <object_component id="oc-21b">
         <name>.const:g_pui32VCOFrequencies</name>
         <load_address>0xecd8</load_address>
         <run_address>0xecd8</run_address>
         <size>0x8</size>
         <input_file_ref idref="fl-28"/>
      </object_component>
      <object_component id="oc-94">
         <name>.const</name>
         <load_address>0xece0</load_address>
         <run_address>0xece0</run_address>
         <size>0x4</size>
         <input_file_ref idref="fl-c"/>
      </object_component>
      <object_component id="oc-125">
         <name>.const</name>
         <load_address>0xece4</load_address>
         <run_address>0xece4</run_address>
         <size>0x4</size>
         <input_file_ref idref="fl-54"/>
      </object_component>
      <object_component id="oc-622">
         <name>.cinit..data.load</name>
         <load_address>0xece8</load_address>
         <run_address>0xece8</run_address>
         <size>0x4f</size>
      </object_component>
      <object_component id="oc-61f">
         <name>__TI_handler_table</name>
         <load_address>0xed38</load_address>
         <run_address>0xed38</run_address>
         <size>0xc</size>
      </object_component>
      <object_component id="oc-623">
         <name>.cinit..bss.load</name>
         <load_address>0xed48</load_address>
         <run_address>0xed48</run_address>
         <size>0x8</size>
      </object_component>
      <object_component id="oc-621">
         <name>.cinit..vtable.load</name>
         <load_address>0xed50</load_address>
         <run_address>0xed50</run_address>
         <size>0x8</size>
      </object_component>
      <object_component id="oc-620">
         <name>__TI_cinit_table</name>
         <load_address>0xed58</load_address>
         <run_address>0xed58</run_address>
         <size>0x18</size>
      </object_component>
      <object_component id="oc-1fe">
         <name>.vtable</name>
         <uninitialized>true</uninitialized>
         <run_address>0x20000000</run_address>
         <size>0x26c</size>
         <input_file_ref idref="fl-1f"/>
      </object_component>
      <object_component id="oc-ec">
         <name>.data</name>
         <load_address>0x20005b8c</load_address>
         <run_address>0x20005b8c</run_address>
         <size>0x7</size>
         <input_file_ref idref="fl-2"/>
      </object_component>
      <object_component id="oc-91">
         <name>.data</name>
         <load_address>0x20005ad0</load_address>
         <run_address>0x20005ad0</run_address>
         <size>0x3c</size>
         <input_file_ref idref="fl-a"/>
      </object_component>
      <object_component id="oc-33a">
         <name>.data</name>
         <load_address>0x20005b54</load_address>
         <run_address>0x20005b54</run_address>
         <size>0xc</size>
         <input_file_ref idref="fl-b"/>
      </object_component>
      <object_component id="oc-9e">
         <name>.data</name>
         <load_address>0x20005b94</load_address>
         <run_address>0x20005b94</run_address>
         <size>0x4</size>
         <input_file_ref idref="fl-c"/>
      </object_component>
      <object_component id="oc-325">
         <name>.data</name>
         <load_address>0x20005b3c</load_address>
         <run_address>0x20005b3c</run_address>
         <size>0x18</size>
         <input_file_ref idref="fl-e"/>
      </object_component>
      <object_component id="oc-1e3">
         <name>.data</name>
         <load_address>0x20005b81</load_address>
         <run_address>0x20005b81</run_address>
         <size>0x3</size>
         <input_file_ref idref="fl-30"/>
      </object_component>
      <object_component id="oc-2a0">
         <name>.data</name>
         <load_address>0x20005b84</load_address>
         <run_address>0x20005b84</run_address>
         <size>0x8</size>
         <input_file_ref idref="fl-3a"/>
      </object_component>
      <object_component id="oc-29d">
         <name>.data</name>
         <load_address>0x20005b78</load_address>
         <run_address>0x20005b78</run_address>
         <size>0x9</size>
         <input_file_ref idref="fl-4d"/>
      </object_component>
      <object_component id="oc-2b8">
         <name>.data</name>
         <load_address>0x20005b6c</load_address>
         <run_address>0x20005b6c</run_address>
         <size>0xc</size>
         <input_file_ref idref="fl-4f"/>
      </object_component>
      <object_component id="oc-237">
         <name>.data:g_pui32CPUUsageTimerPeriph</name>
         <load_address>0x20005b24</load_address>
         <run_address>0x20005b24</run_address>
         <size>0x18</size>
         <input_file_ref idref="fl-53"/>
      </object_component>
      <object_component id="oc-231">
         <name>.data:g_pui32CPUUsageTimerBase</name>
         <load_address>0x20005b0c</load_address>
         <run_address>0x20005b0c</run_address>
         <size>0x18</size>
         <input_file_ref idref="fl-53"/>
      </object_component>
      <object_component id="oc-10b">
         <name>.data</name>
         <load_address>0x20005b60</load_address>
         <run_address>0x20005b60</run_address>
         <size>0xc</size>
         <input_file_ref idref="fl-54"/>
      </object_component>
      <object_component id="oc-54b">
         <name>.data</name>
         <load_address>0x20005b98</load_address>
         <run_address>0x20005b98</run_address>
         <size>0x4</size>
         <input_file_ref idref="fl-135"/>
      </object_component>
      <object_component id="oc-190">
         <name>.bss:pxReadyTasksLists</name>
         <uninitialized>true</uninitialized>
         <run_address>0x2000546c</run_address>
         <size>0x140</size>
         <input_file_ref idref="fl-a"/>
      </object_component>
      <object_component id="oc-1b2">
         <name>.bss:xDelayedTaskList1</name>
         <uninitialized>true</uninitialized>
         <run_address>0x20005814</run_address>
         <size>0x14</size>
         <input_file_ref idref="fl-a"/>
      </object_component>
      <object_component id="oc-1b5">
         <name>.bss:xDelayedTaskList2</name>
         <uninitialized>true</uninitialized>
         <run_address>0x20005828</run_address>
         <size>0x14</size>
         <input_file_ref idref="fl-a"/>
      </object_component>
      <object_component id="oc-196">
         <name>.bss</name>
         <uninitialized>true</uninitialized>
         <run_address>0x2000589c</run_address>
         <size>0x8</size>
         <input_file_ref idref="fl-a"/>
      </object_component>
      <object_component id="oc-1a8">
         <name>.bss:xPendingReadyList</name>
         <uninitialized>true</uninitialized>
         <run_address>0x2000583c</run_address>
         <size>0x14</size>
         <input_file_ref idref="fl-a"/>
      </object_component>
      <object_component id="oc-193">
         <name>.bss:xTasksWaitingTermination</name>
         <uninitialized>true</uninitialized>
         <run_address>0x20005864</run_address>
         <size>0x14</size>
         <input_file_ref idref="fl-a"/>
      </object_component>
      <object_component id="oc-199">
         <name>.bss:xSuspendedTaskList</name>
         <uninitialized>true</uninitialized>
         <run_address>0x20005850</run_address>
         <size>0x14</size>
         <input_file_ref idref="fl-a"/>
      </object_component>
      <object_component id="oc-340">
         <name>.bss:xActiveTimerList1</name>
         <uninitialized>true</uninitialized>
         <run_address>0x200057ec</run_address>
         <size>0x14</size>
         <input_file_ref idref="fl-b"/>
      </object_component>
      <object_component id="oc-343">
         <name>.bss:xActiveTimerList2</name>
         <uninitialized>true</uninitialized>
         <run_address>0x20005800</run_address>
         <size>0x14</size>
         <input_file_ref idref="fl-b"/>
      </object_component>
      <object_component id="oc-33d">
         <name>.bss</name>
         <uninitialized>true</uninitialized>
         <run_address>0x200058a4</run_address>
         <size>0x8</size>
         <input_file_ref idref="fl-b"/>
      </object_component>
      <object_component id="oc-32b">
         <name>.bss:ucHeap</name>
         <uninitialized>true</uninitialized>
         <run_address>0x2000026c</run_address>
         <size>0x5000</size>
         <input_file_ref idref="fl-e"/>
      </object_component>
      <object_component id="oc-328">
         <name>.bss:xStart</name>
         <uninitialized>true</uninitialized>
         <run_address>0x200058ac</run_address>
         <size>0x8</size>
         <input_file_ref idref="fl-e"/>
      </object_component>
      <object_component id="oc-278">
         <name>.bss:g_pui8OversampleFactor</name>
         <uninitialized>true</uninitialized>
         <run_address>0x20005894</run_address>
         <size>0x8</size>
         <input_file_ref idref="fl-f"/>
      </object_component>
      <object_component id="oc-135">
         <name>.bss</name>
         <uninitialized>true</uninitialized>
         <run_address>0x200058b4</run_address>
         <size>0x4</size>
         <input_file_ref idref="fl-31"/>
      </object_component>
      <object_component id="oc-2a6">
         <name>.bss:g_pui8DataBufferIn</name>
         <uninitialized>true</uninitialized>
         <run_address>0x2000575c</run_address>
         <size>0x40</size>
         <input_file_ref idref="fl-3a"/>
      </object_component>
      <object_component id="oc-2a3">
         <name>.bss</name>
         <uninitialized>true</uninitialized>
         <run_address>0x200058b8</run_address>
         <size>0x4</size>
         <input_file_ref idref="fl-3a"/>
      </object_component>
      <object_component id="oc-3c1">
         <name>.bss:g_psUSBDMAInst</name>
         <uninitialized>true</uninitialized>
         <run_address>0x200055ac</run_address>
         <size>0x110</size>
         <input_file_ref idref="fl-4b"/>
      </object_component>
      <object_component id="oc-234">
         <name>.bss</name>
         <uninitialized>true</uninitialized>
         <run_address>0x20005888</run_address>
         <size>0xc</size>
         <input_file_ref idref="fl-53"/>
      </object_component>
      <object_component id="oc-10e">
         <name>.bss</name>
         <uninitialized>true</uninitialized>
         <run_address>0x20005878</run_address>
         <size>0x10</size>
         <input_file_ref idref="fl-54"/>
      </object_component>
      <object_component id="oc-11d">
         <name>.bss:g_pcUARTRxHistoryBuffer</name>
         <uninitialized>true</uninitialized>
         <run_address>0x2000526c</run_address>
         <size>0x200</size>
         <input_file_ref idref="fl-54"/>
      </object_component>
      <object_component id="oc-11a">
         <name>.bss:g_usUARTRxHistoryOffset</name>
         <uninitialized>true</uninitialized>
         <run_address>0x2000579c</run_address>
         <size>0x20</size>
         <input_file_ref idref="fl-54"/>
      </object_component>
      <object_component id="oc-ef">
         <name>.common:g_ui32CPUUsage</name>
         <uninitialized>true</uninitialized>
         <run_address>0x200058c0</run_address>
         <size>0x4</size>
      </object_component>
      <object_component id="oc-f4">
         <name>.common:g_ui32SystemClock</name>
         <uninitialized>true</uninitialized>
         <run_address>0x200058c4</run_address>
         <size>0x4</size>
      </object_component>
      <object_component id="oc-f2">
         <name>.common:semaforo_motor</name>
         <uninitialized>true</uninitialized>
         <run_address>0x200058cc</run_address>
         <size>0x4</size>
      </object_component>
      <object_component id="oc-f3">
         <name>.common:semaforo_adc</name>
         <uninitialized>true</uninitialized>
         <run_address>0x200058c8</run_address>
         <size>0x4</size>
      </object_component>
      <object_component id="oc-23b">
         <name>.common:xQueueRegistry</name>
         <uninitialized>true</uninitialized>
         <run_address>0x2000570c</run_address>
         <size>0x50</size>
      </object_component>
      <object_component id="oc-299">
         <name>.common:g_psDCDInst</name>
         <uninitialized>true</uninitialized>
         <run_address>0x200056bc</run_address>
         <size>0x50</size>
      </object_component>
      <object_component id="oc-29c">
         <name>.common:g_ppsDevInfo</name>
         <uninitialized>true</uninitialized>
         <run_address>0x200058bc</run_address>
         <size>0x4</size>
      </object_component>
      <object_component id="oc-3c6">
         <name>.common:g_pfnTickHandlers</name>
         <uninitialized>true</uninitialized>
         <run_address>0x200057bc</run_address>
         <size>0x18</size>
      </object_component>
      <object_component id="oc-3c9">
         <name>.common:g_pvTickInstance</name>
         <uninitialized>true</uninitialized>
         <run_address>0x200057d4</run_address>
         <size>0x18</size>
      </object_component>
      <object_component id="oc-24">
         <name>.stack</name>
         <uninitialized>true</uninitialized>
         <run_address>0x200058d0</run_address>
         <size>0x4</size>
         <input_file_ref idref="fl-121"/>
      </object_component>
      <object_component id="oc-625">
         <name>.stack</name>
         <uninitialized>true</uninitialized>
         <run_address>0x200058d0</run_address>
         <size>0x0</size>
      </object_component>
      <object_component id="oc-f0">
         <name>.debug_info</name>
         <load_address>0x0</load_address>
         <run_address>0x0</run_address>
         <size>0xc16</size>
         <input_file_ref idref="fl-2"/>
      </object_component>
      <object_component id="oc-ed">
         <name>.debug_info</name>
         <load_address>0xc16</load_address>
         <run_address>0xc16</run_address>
         <size>0x130</size>
         <input_file_ref idref="fl-2"/>
      </object_component>
      <object_component id="oc-39">
         <name>.debug_info</name>
         <load_address>0xd46</load_address>
         <run_address>0xd46</run_address>
         <size>0x1050</size>
         <input_file_ref idref="fl-2"/>
      </object_component>
      <object_component id="oc-f6">
         <name>.debug_info</name>
         <load_address>0x1d96</load_address>
         <run_address>0x1d96</run_address>
         <size>0x315</size>
         <input_file_ref idref="fl-2"/>
      </object_component>
      <object_component id="oc-148">
         <name>.debug_info</name>
         <load_address>0x20ab</load_address>
         <run_address>0x20ab</run_address>
         <size>0x26b</size>
         <input_file_ref idref="fl-2"/>
      </object_component>
      <object_component id="oc-13a">
         <name>.debug_info</name>
         <load_address>0x2316</load_address>
         <run_address>0x2316</run_address>
         <size>0xed</size>
         <input_file_ref idref="fl-2"/>
      </object_component>
      <object_component id="oc-1de">
         <name>.debug_info</name>
         <load_address>0x2403</load_address>
         <run_address>0x2403</run_address>
         <size>0x461</size>
         <input_file_ref idref="fl-2"/>
      </object_component>
      <object_component id="oc-248">
         <name>.debug_info</name>
         <load_address>0x2864</load_address>
         <run_address>0x2864</run_address>
         <size>0x4f</size>
         <input_file_ref idref="fl-2"/>
      </object_component>
      <object_component id="oc-24d">
         <name>.debug_info</name>
         <load_address>0x28b3</load_address>
         <run_address>0x28b3</run_address>
         <size>0x2c</size>
         <input_file_ref idref="fl-2"/>
      </object_component>
      <object_component id="oc-100">
         <name>.debug_info</name>
         <load_address>0x28df</load_address>
         <run_address>0x28df</run_address>
         <size>0x8b</size>
         <input_file_ref idref="fl-2"/>
      </object_component>
      <object_component id="oc-a3">
         <name>.debug_info</name>
         <load_address>0x296a</load_address>
         <run_address>0x296a</run_address>
         <size>0x2c</size>
         <input_file_ref idref="fl-2"/>
      </object_component>
      <object_component id="oc-252">
         <name>.debug_info</name>
         <load_address>0x2996</load_address>
         <run_address>0x2996</run_address>
         <size>0x2a4</size>
         <input_file_ref idref="fl-2"/>
      </object_component>
      <object_component id="oc-1f2">
         <name>.debug_info</name>
         <load_address>0x2c3a</load_address>
         <run_address>0x2c3a</run_address>
         <size>0xef</size>
         <input_file_ref idref="fl-2"/>
      </object_component>
      <object_component id="oc-fb">
         <name>.debug_info</name>
         <load_address>0x2d29</load_address>
         <run_address>0x2d29</run_address>
         <size>0xbb</size>
         <input_file_ref idref="fl-2"/>
      </object_component>
      <object_component id="oc-1d4">
         <name>.debug_info</name>
         <load_address>0x2de4</load_address>
         <run_address>0x2de4</run_address>
         <size>0x53</size>
         <input_file_ref idref="fl-2"/>
      </object_component>
      <object_component id="oc-a8">
         <name>.debug_info</name>
         <load_address>0x2e37</load_address>
         <run_address>0x2e37</run_address>
         <size>0x53</size>
         <input_file_ref idref="fl-2"/>
      </object_component>
      <object_component id="oc-12a">
         <name>.debug_info</name>
         <load_address>0x2e8a</load_address>
         <run_address>0x2e8a</run_address>
         <size>0x2c</size>
         <input_file_ref idref="fl-2"/>
      </object_component>
      <object_component id="oc-1d9">
         <name>.debug_info</name>
         <load_address>0x2eb6</load_address>
         <run_address>0x2eb6</run_address>
         <size>0x14c</size>
         <input_file_ref idref="fl-2"/>
      </object_component>
      <object_component id="oc-410">
         <name>.debug_info</name>
         <load_address>0x3002</load_address>
         <run_address>0x3002</run_address>
         <size>0x797</size>
         <input_file_ref idref="fl-3"/>
      </object_component>
      <object_component id="oc-4da">
         <name>.debug_info</name>
         <load_address>0x3799</load_address>
         <run_address>0x3799</run_address>
         <size>0x7f</size>
         <input_file_ref idref="fl-3"/>
      </object_component>
      <object_component id="oc-4e4">
         <name>.debug_info</name>
         <load_address>0x3818</load_address>
         <run_address>0x3818</run_address>
         <size>0x461</size>
         <input_file_ref idref="fl-3"/>
      </object_component>
      <object_component id="oc-59">
         <name>.debug_info</name>
         <load_address>0x3c79</load_address>
         <run_address>0x3c79</run_address>
         <size>0x84</size>
         <input_file_ref idref="fl-3"/>
      </object_component>
      <object_component id="oc-4df">
         <name>.debug_info</name>
         <load_address>0x3cfd</load_address>
         <run_address>0x3cfd</run_address>
         <size>0xcc</size>
         <input_file_ref idref="fl-3"/>
      </object_component>
      <object_component id="oc-316">
         <name>.debug_info</name>
         <load_address>0x3dc9</load_address>
         <run_address>0x3dc9</run_address>
         <size>0x35</size>
         <input_file_ref idref="fl-3"/>
      </object_component>
      <object_component id="oc-52">
         <name>.debug_info</name>
         <load_address>0x3dfe</load_address>
         <run_address>0x3dfe</run_address>
         <size>0x40d</size>
         <input_file_ref idref="fl-4"/>
      </object_component>
      <object_component id="oc-13">
         <name>.debug_info</name>
         <load_address>0x420b</load_address>
         <run_address>0x420b</run_address>
         <size>0xe4</size>
         <input_file_ref idref="fl-4"/>
      </object_component>
      <object_component id="oc-2a">
         <name>.debug_info</name>
         <load_address>0x42ef</load_address>
         <run_address>0x42ef</run_address>
         <size>0x1f8</size>
         <input_file_ref idref="fl-4"/>
      </object_component>
      <object_component id="oc-371">
         <name>.debug_info</name>
         <load_address>0x44e7</load_address>
         <run_address>0x44e7</run_address>
         <size>0x6a2</size>
         <input_file_ref idref="fl-6"/>
      </object_component>
      <object_component id="oc-1cb">
         <name>.debug_info</name>
         <load_address>0x4b89</load_address>
         <run_address>0x4b89</run_address>
         <size>0x110</size>
         <input_file_ref idref="fl-6"/>
      </object_component>
      <object_component id="oc-320">
         <name>.debug_info</name>
         <load_address>0x4c99</load_address>
         <run_address>0x4c99</run_address>
         <size>0x461</size>
         <input_file_ref idref="fl-6"/>
      </object_component>
      <object_component id="oc-480">
         <name>.debug_info</name>
         <load_address>0x50fa</load_address>
         <run_address>0x50fa</run_address>
         <size>0x76</size>
         <input_file_ref idref="fl-6"/>
      </object_component>
      <object_component id="oc-485">
         <name>.debug_info</name>
         <load_address>0x5170</load_address>
         <run_address>0x5170</run_address>
         <size>0x39</size>
         <input_file_ref idref="fl-6"/>
      </object_component>
      <object_component id="oc-41e">
         <name>.debug_info</name>
         <load_address>0x51a9</load_address>
         <run_address>0x51a9</run_address>
         <size>0x109</size>
         <input_file_ref idref="fl-6"/>
      </object_component>
      <object_component id="oc-311">
         <name>.debug_info</name>
         <load_address>0x52b2</load_address>
         <run_address>0x52b2</run_address>
         <size>0x4f</size>
         <input_file_ref idref="fl-6"/>
      </object_component>
      <object_component id="oc-331">
         <name>.debug_info</name>
         <load_address>0x5301</load_address>
         <run_address>0x5301</run_address>
         <size>0x36e</size>
         <input_file_ref idref="fl-7"/>
      </object_component>
      <object_component id="oc-18b">
         <name>.debug_info</name>
         <load_address>0x566f</load_address>
         <run_address>0x566f</run_address>
         <size>0x4fa</size>
         <input_file_ref idref="fl-7"/>
      </object_component>
      <object_component id="oc-23c">
         <name>.debug_info</name>
         <load_address>0x5b69</load_address>
         <run_address>0x5b69</run_address>
         <size>0x72b</size>
         <input_file_ref idref="fl-8"/>
      </object_component>
      <object_component id="oc-e8">
         <name>.debug_info</name>
         <load_address>0x6294</load_address>
         <run_address>0x6294</run_address>
         <size>0x2f9b</size>
         <input_file_ref idref="fl-8"/>
      </object_component>
      <object_component id="oc-3ae">
         <name>.debug_info</name>
         <load_address>0x922f</load_address>
         <run_address>0x922f</run_address>
         <size>0x23f</size>
         <input_file_ref idref="fl-8"/>
      </object_component>
      <object_component id="oc-23f">
         <name>.debug_info</name>
         <load_address>0x946e</load_address>
         <run_address>0x946e</run_address>
         <size>0x46</size>
         <input_file_ref idref="fl-8"/>
      </object_component>
      <object_component id="oc-2c8">
         <name>.debug_info</name>
         <load_address>0x94b4</load_address>
         <run_address>0x94b4</run_address>
         <size>0x2c</size>
         <input_file_ref idref="fl-9"/>
      </object_component>
      <object_component id="oc-17c">
         <name>.debug_info</name>
         <load_address>0x94e0</load_address>
         <run_address>0x94e0</run_address>
         <size>0x900</size>
         <input_file_ref idref="fl-a"/>
      </object_component>
      <object_component id="oc-92">
         <name>.debug_info</name>
         <load_address>0x9de0</load_address>
         <run_address>0x9de0</run_address>
         <size>0x3b5</size>
         <input_file_ref idref="fl-a"/>
      </object_component>
      <object_component id="oc-191">
         <name>.debug_info</name>
         <load_address>0xa195</load_address>
         <run_address>0xa195</run_address>
         <size>0xf8</size>
         <input_file_ref idref="fl-a"/>
      </object_component>
      <object_component id="oc-1b3">
         <name>.debug_info</name>
         <load_address>0xa28d</load_address>
         <run_address>0xa28d</run_address>
         <size>0xf8</size>
         <input_file_ref idref="fl-a"/>
      </object_component>
      <object_component id="oc-1b6">
         <name>.debug_info</name>
         <load_address>0xa385</load_address>
         <run_address>0xa385</run_address>
         <size>0xf8</size>
         <input_file_ref idref="fl-a"/>
      </object_component>
      <object_component id="oc-197">
         <name>.debug_info</name>
         <load_address>0xa47d</load_address>
         <run_address>0xa47d</run_address>
         <size>0x13b</size>
         <input_file_ref idref="fl-a"/>
      </object_component>
      <object_component id="oc-1a9">
         <name>.debug_info</name>
         <load_address>0xa5b8</load_address>
         <run_address>0xa5b8</run_address>
         <size>0xf8</size>
         <input_file_ref idref="fl-a"/>
      </object_component>
      <object_component id="oc-194">
         <name>.debug_info</name>
         <load_address>0xa6b0</load_address>
         <run_address>0xa6b0</run_address>
         <size>0x106</size>
         <input_file_ref idref="fl-a"/>
      </object_component>
      <object_component id="oc-19a">
         <name>.debug_info</name>
         <load_address>0xa7b6</load_address>
         <run_address>0xa7b6</run_address>
         <size>0xfa</size>
         <input_file_ref idref="fl-a"/>
      </object_component>
      <object_component id="oc-99">
         <name>.debug_info</name>
         <load_address>0xa8b0</load_address>
         <run_address>0xa8b0</run_address>
         <size>0x5040</size>
         <input_file_ref idref="fl-a"/>
      </object_component>
      <object_component id="oc-17d">
         <name>.debug_info</name>
         <load_address>0xf8f0</load_address>
         <run_address>0xf8f0</run_address>
         <size>0x30c</size>
         <input_file_ref idref="fl-a"/>
      </object_component>
      <object_component id="oc-31b">
         <name>.debug_info</name>
         <load_address>0xfbfc</load_address>
         <run_address>0xfbfc</run_address>
         <size>0x12f</size>
         <input_file_ref idref="fl-a"/>
      </object_component>
      <object_component id="oc-34c">
         <name>.debug_info</name>
         <load_address>0xfd2b</load_address>
         <run_address>0xfd2b</run_address>
         <size>0x85d</size>
         <input_file_ref idref="fl-b"/>
      </object_component>
      <object_component id="oc-341">
         <name>.debug_info</name>
         <load_address>0x10588</load_address>
         <run_address>0x10588</run_address>
         <size>0xf8</size>
         <input_file_ref idref="fl-b"/>
      </object_component>
      <object_component id="oc-344">
         <name>.debug_info</name>
         <load_address>0x10680</load_address>
         <run_address>0x10680</run_address>
         <size>0xf8</size>
         <input_file_ref idref="fl-b"/>
      </object_component>
      <object_component id="oc-33e">
         <name>.debug_info</name>
         <load_address>0x10778</load_address>
         <run_address>0x10778</run_address>
         <size>0x130</size>
         <input_file_ref idref="fl-b"/>
      </object_component>
      <object_component id="oc-33b">
         <name>.debug_info</name>
         <load_address>0x108a8</load_address>
         <run_address>0x108a8</run_address>
         <size>0x11c</size>
         <input_file_ref idref="fl-b"/>
      </object_component>
      <object_component id="oc-19d">
         <name>.debug_info</name>
         <load_address>0x109c4</load_address>
         <run_address>0x109c4</run_address>
         <size>0x244e</size>
         <input_file_ref idref="fl-b"/>
      </object_component>
[...]
      <symbol id="sm-d13">
         <name>ISR_SensorML</name>
         <value>0xcd93</value>
         <object_component_ref idref="oc-44"/>
      </symbol>
      <symbol id="sm-d14">
         <name>configADC_LeeSensorM</name>
         <value>0xcd7f</value>
         <object_component_ref idref="oc-44"/>
      </symbol>
      <symbol id="sm-d15">
         <name>configADC_IniciaSensorML</name>
         <value>0xccd1</value>
         <object_component_ref idref="oc-44"/>
      </symbol>
      <symbol id="sm-d6a">
         <name>USBDCDConfigDescGet</name>
         <value>0xc371</value>
         <object_component_ref idref="oc-2ac"/>
      </symbol>
      <symbol id="sm-d6b">
         <name>USBDCDConfigGetNumAlternateInterfaces</name>
         <value>0xc3ff</value>
         <object_component_ref idref="oc-2ac"/>
      </symbol>
      <symbol id="sm-d6c">
         <name>USBDCDConfigGetInterface</name>
         <value>0xc453</value>
         <object_component_ref idref="oc-2ac"/>
      </symbol>
      <symbol id="sm-d6d">
         <name>USBDCDConfigDescGetSize</name>
         <value>0xc2eb</value>
         <object_component_ref idref="oc-2ac"/>
      </symbol>
      <symbol id="sm-d6e">
         <name>USBDCDConfigGetInterfaceEndpoint</name>
         <value>0xc489</value>
         <object_component_ref idref="oc-2ac"/>
      </symbol>
      <symbol id="sm-d6f">
         <name>USBDCDConfigDescGetNum</name>
         <value>0xc323</value>
         <object_component_ref idref="oc-2ac"/>
      </symbol>
      <symbol id="sm-db3">
         <name>USBDeviceConfigAlternate</name>
         <value>0xbdd5</value>
         <object_component_ref idref="oc-2b2"/>
      </symbol>
      <symbol id="sm-db4">
         <name>USBDeviceConfig</name>
         <value>0xbbdf</value>
         <object_component_ref idref="oc-2b2"/>
      </symbol>
      <symbol id="sm-f05">
         <name>g_psDCDInst</name>
         <value>0x200056bc</value>
      </symbol>
      <symbol id="sm-f06">
         <name>g_ppsDevInfo</name>
         <value>0x200058bc</value>
      </symbol>
      <symbol id="sm-f07">
         <name>USBDCDSendDataEP0</name>
         <value>0x3485</value>
         <object_component_ref idref="oc-13f"/>
      </symbol>
      <symbol id="sm-f08">
         <name>USBDCDTerm</name>
         <value>0x33e7</value>
         <object_component_ref idref="oc-13f"/>
      </symbol>
      <symbol id="sm-f09">
         <name>USBDCDFeatureSet</name>
         <value>0x3555</value>
         <object_component_ref idref="oc-13f"/>
      </symbol>
      <symbol id="sm-f0a">
         <name>USBDCDRemoteWakeLPM</name>
         <value>0x3649</value>
         <object_component_ref idref="oc-13f"/>
      </symbol>
      <symbol id="sm-f0b">
         <name>USBDCDStallEP0</name>
         <value>0x34b9</value>
         <object_component_ref idref="oc-13f"/>
      </symbol>
      <symbol id="sm-f0c">
         <name>USBDCDRequestDataEP0</name>
         <value>0x345f</value>
         <object_component_ref idref="oc-13f"/>
      </symbol>
      <symbol id="sm-f0d">
         <name>USBDeviceEnumHandler</name>
         <value>0x3799</value>
         <object_component_ref idref="oc-13f"/>
      </symbol>
      <symbol id="sm-f0e">
         <name>USBDCDInit</name>
         <value>0x3229</value>
         <object_component_ref idref="oc-13f"/>
      </symbol>
      <symbol id="sm-f0f">
         <name>USBDeviceEnumResetHandler</name>
         <value>0x38e9</value>
         <object_component_ref idref="oc-13f"/>
      </symbol>
      <symbol id="sm-f10">
         <name>USBDCDFeatureGet</name>
         <value>0x3611</value>
         <object_component_ref idref="oc-13f"/>
      </symbol>
      <symbol id="sm-f11">
         <name>USBDCDPowerStatusSet</name>
         <value>0x34e5</value>
         <object_component_ref idref="oc-13f"/>
      </symbol>
      <symbol id="sm-f12">
         <name>USBDCDDeviceInfoInit</name>
         <value>0x31d9</value>
         <object_component_ref idref="oc-13f"/>
      </symbol>
      <symbol id="sm-f13">
         <name>USBDeviceIntHandlerInternal</name>
         <value>0x4335</value>
         <object_component_ref idref="oc-13f"/>
      </symbol>
      <symbol id="sm-f14">
         <name>USBDCDRemoteWakeupRequest</name>
         <value>0x3663</value>
         <object_component_ref idref="oc-13f"/>
      </symbol>
      <symbol id="sm-f15">
         <name>USBDCDSetDefaultConfiguration</name>
         <value>0x34a7</value>
         <object_component_ref idref="oc-13f"/>
      </symbol>
      <symbol id="sm-f16">
         <name>USBDeviceResumeTickHandler</name>
         <value>0x369d</value>
         <object_component_ref idref="oc-13f"/>
      </symbol>
      <symbol id="sm-f23">
         <name>USB0DeviceIntHandler</name>
         <value>0xe39d</value>
         <object_component_ref idref="oc-4a"/>
      </symbol>
      <symbol id="sm-f9a">
         <name>USBDescGetInterfaceEndpoint</name>
         <value>0xc917</value>
         <object_component_ref idref="oc-3e3"/>
      </symbol>
      <symbol id="sm-f9b">
         <name>USBDescGetInterface</name>
         <value>0xc8e9</value>
         <object_component_ref idref="oc-3e3"/>
      </symbol>
      <symbol id="sm-f9c">
         <name>USBDescGet</name>
         <value>0xc7c5</value>
         <object_component_ref idref="oc-3e3"/>
      </symbol>
      <symbol id="sm-f9d">
         <name>USBDescGetNum</name>
         <value>0xc769</value>
         <object_component_ref idref="oc-3e3"/>
      </symbol>
      <symbol id="sm-f9e">
         <name>USBDescGetNumAlternateInterfaces</name>
         <value>0xc82f</value>
         <object_component_ref idref="oc-3e3"/>
      </symbol>
      <symbol id="sm-107b">
         <name>USBLibDMASizeGet</name>
         <value>0x61d9</value>
         <object_component_ref idref="oc-28d"/>
      </symbol>
      <symbol id="sm-107c">
         <name>USBLibDMAAddrGet</name>
         <value>0x61c1</value>
         <object_component_ref idref="oc-28d"/>
      </symbol>
      <symbol id="sm-107d">
         <name>USBLibDMAInit</name>
         <value>0x61f1</value>
         <object_component_ref idref="oc-28d"/>
      </symbol>
      <symbol id="sm-1092">
         <name>g_iUSBMode</name>
         <value>0x20005b78</value>
         <object_component_ref idref="oc-29d"/>
      </symbol>
      <symbol id="sm-1093">
         <name>g_ui32WaitTicks</name>
         <value>0x20005b7c</value>
         <object_component_ref idref="oc-29d"/>
      </symbol>
      <symbol id="sm-10bd">
         <name>g_pfnTickHandlers</name>
         <value>0x200057bc</value>
      </symbol>
      <symbol id="sm-10be">
         <name>g_pvTickInstance</name>
         <value>0x200057d4</value>
      </symbol>
      <symbol id="sm-10bf">
         <name>g_ui32USBSOFCount</name>
         <value>0x20005b74</value>
         <object_component_ref idref="oc-2b8"/>
      </symbol>
      <symbol id="sm-10c0">
         <name>InternalUSBTickReset</name>
         <value>0xd8a3</value>
         <object_component_ref idref="oc-293"/>
      </symbol>
      <symbol id="sm-10c1">
         <name>g_bUSBTimerInitialized</name>
         <value>0x20005b6c</value>
         <object_component_ref idref="oc-2b8"/>
      </symbol>
      <symbol id="sm-10c2">
         <name>g_ui32CurrentUSBTick</name>
         <value>0x20005b70</value>
         <object_component_ref idref="oc-2b8"/>
      </symbol>
      <symbol id="sm-10c3">
         <name>InternalUSBStartOfFrameTick</name>
         <value>0xd8fb</value>
         <object_component_ref idref="oc-293"/>
      </symbol>
      <symbol id="sm-10c4">
         <name>InternalUSBRegisterTickHandler</name>
         <value>0xd8ab</value>
         <object_component_ref idref="oc-293"/>
      </symbol>
      <symbol id="sm-10c5">
         <name>InternalUSBTickInit</name>
         <value>0xd865</value>
         <object_component_ref idref="oc-293"/>
      </symbol>
      <symbol id="sm-10d2">
         <name>ULPIPowerTransceiver</name>
         <value>0xdacd</value>
         <object_component_ref idref="oc-287"/>
      </symbol>
      <symbol id="sm-10d3">
         <name>ULPIConfigSet</name>
         <value>0xda2b</value>
         <object_component_ref idref="oc-287"/>
      </symbol>
      <symbol id="sm-10ed">
         <name>GetOverflowCounts</name>
         <value>0xe379</value>
         <object_component_ref idref="oc-1ab"/>
      </symbol>
      <symbol id="sm-10ee">
         <name>vConfigureTimerForRunTimeStats</name>
         <value>0xdecd</value>
         <object_component_ref idref="oc-1a2"/>
      </symbol>
      <symbol id="sm-111b">
         <name>CPUUsageInit</name>
         <value>0xd7b3</value>
         <object_component_ref idref="oc-e0"/>
      </symbol>
      <symbol id="sm-111c">
         <name>CPUUsageTick</name>
         <value>0xd775</value>
         <object_component_ref idref="oc-e0"/>
      </symbol>
      <symbol id="sm-1211">
         <name>UARTTxBytesFree</name>
         <value>0x8437</value>
         <object_component_ref idref="oc-3e"/>
      </symbol>
      <symbol id="sm-1212">
         <name>UARTFlushRx</name>
         <value>0x8443</value>
         <object_component_ref idref="oc-3e"/>
      </symbol>
      <symbol id="sm-1213">
         <name>UARTgetc</name>
         <value>0x80e5</value>
         <object_component_ref idref="oc-3e"/>
      </symbol>
      <symbol id="sm-1214">
         <name>UARTgets</name>
         <value>0x7ccd</value>
         <object_component_ref idref="oc-3e"/>
      </symbol>
      <symbol id="sm-1215">
         <name>UARTFlushTx</name>
         <value>0x8451</value>
         <object_component_ref idref="oc-3e"/>
      </symbol>
      <symbol id="sm-1216">
         <name>UARTStdioConfig</name>
         <value>0x7b53</value>
         <object_component_ref idref="oc-3e"/>
      </symbol>
      <symbol id="sm-1217">
         <name>UARTStdioIntHandler</name>
         <value>0x849f</value>
         <object_component_ref idref="oc-3e"/>
      </symbol>
      <symbol id="sm-1218">
         <name>UARTRxBytesAvail</name>
         <value>0x842b</value>
         <object_component_ref idref="oc-3e"/>
      </symbol>
      <symbol id="sm-1219">
         <name>UARTwrite</name>
         <value>0x7c39</value>
         <object_component_ref idref="oc-3e"/>
      </symbol>
      <symbol id="sm-121a">
         <name>UARTEchoSet</name>
         <value>0x8477</value>
         <object_component_ref idref="oc-3e"/>
      </symbol>
      <symbol id="sm-121b">
         <name>UARTprintf</name>
         <value>0x8407</value>
         <object_component_ref idref="oc-3e"/>
      </symbol>
      <symbol id="sm-121c">
         <name>UARTvprintf</name>
         <value>0x810d</value>
         <object_component_ref idref="oc-3e"/>
      </symbol>
      <symbol id="sm-1243">
         <name>sprintf</name>
         <value>0xe259</value>
         <object_component_ref idref="oc-1c4"/>
      </symbol>
      <symbol id="sm-124e">
         <name>__aeabi_dmul</name>
         <value>0xd679</value>
         <object_component_ref idref="oc-d6"/>
      </symbol>
      <symbol id="sm-1258">
         <name>__aeabi_d2uiz</name>
         <value>0xe1d5</value>
         <object_component_ref idref="oc-db"/>
      </symbol>
      <symbol id="sm-1274">
         <name>memcpy</name>
         <value>0xdba7</value>
         <object_component_ref idref="oc-5e"/>
      </symbol>
      <symbol id="sm-1275">
         <name>__aeabi_memcpy</name>
         <value>0xdba7</value>
         <object_component_ref idref="oc-5e"/>
      </symbol>
      <symbol id="sm-1276">
         <name>__aeabi_memcpy8</name>
         <value>0xdba7</value>
         <object_component_ref idref="oc-5e"/>
      </symbol>
      <symbol id="sm-1277">
         <name>__aeabi_memcpy4</name>
         <value>0xdba7</value>
         <object_component_ref idref="oc-5e"/>
      </symbol>
      <symbol id="sm-1281">
         <name>__aeabi_ui2d</name>
         <value>0xe3c1</value>
         <object_component_ref idref="oc-d1"/>
      </symbol>
      <symbol id="sm-1290">
         <name>__aeabi_memset</name>
         <value>0xdde7</value>
         <object_component_ref idref="oc-162"/>
      </symbol>
      <symbol id="sm-1291">
         <name>memset</name>
         <value>0xdded</value>
         <object_component_ref idref="oc-162"/>
      </symbol>
      <symbol id="sm-1292">
         <name>__aeabi_memset8</name>
         <value>0xdde7</value>
         <object_component_ref idref="oc-162"/>
      </symbol>
      <symbol id="sm-1293">
         <name>__aeabi_memset4</name>
         <value>0xdde7</value>
         <object_component_ref idref="oc-162"/>
      </symbol>
      <symbol id="sm-1294">
         <name>__aeabi_memclr8</name>
         <value>0xdde5</value>
         <object_component_ref idref="oc-162"/>
      </symbol>
      <symbol id="sm-1295">
         <name>__aeabi_memclr4</name>
         <value>0xdde5</value>
         <object_component_ref idref="oc-162"/>
      </symbol>
      <symbol id="sm-1296">
         <name>__aeabi_memclr</name>
         <value>0xdde5</value>
         <object_component_ref idref="oc-162"/>
      </symbol>
      <symbol id="sm-12a5">
         <name>__aeabi_uidivmod</name>
         <value>0xe219</value>
         <object_component_ref idref="oc-120"/>
      </symbol>
      <symbol id="sm-12a6">
         <name>__aeabi_uidiv</name>
         <value>0xe219</value>
         <object_component_ref idref="oc-120"/>
      </symbol>
      <symbol id="sm-12b8">
         <name>__TI_zero_init</name>
         <value>0xe48d</value>
         <object_component_ref idref="oc-70"/>
      </symbol>
      <symbol id="sm-12cf">
         <name>__TI_decompress_none</name>
         <value>0xe47f</value>
         <object_component_ref idref="oc-1b"/>
      </symbol>
      <symbol id="sm-12f2">
         <name>__TI_decompress_lzss</name>
         <value>0xdf35</value>
         <object_component_ref idref="oc-15"/>
      </symbol>
      <symbol id="sm-1301">
         <name>strcpy</name>
         <value>0xe445</value>
         <object_component_ref idref="oc-1b8"/>
      </symbol>
      <symbol id="sm-130f">
         <name>strlen</name>
         <value>0xe459</value>
         <object_component_ref idref="oc-1be"/>
      </symbol>
      <symbol id="sm-1322">
         <name>__stack</name>
         <value>0x200058d0</value>
         <object_component_ref idref="oc-24"/>
      </symbol>
      <symbol id="sm-1323">
         <name>_c_int00_noargs</name>
         <value>0xe315</value>
         <object_component_ref idref="oc-7c"/>
      </symbol>
      <symbol id="sm-1488">
         <name>__TI_printfi</name>
         <value>0x85a9</value>
         <object_component_ref idref="oc-35d"/>
      </symbol>
      <symbol id="sm-1492">
         <name>__aeabi_idiv0</name>
         <value>0x31d7</value>
         <object_component_ref idref="oc-26d"/>
      </symbol>
      <symbol id="sm-1493">
         <name>__aeabi_ldiv0</name>
         <value>0x31d7</value>
         <object_component_ref idref="oc-26d"/>
      </symbol>
      <symbol id="sm-14aa">
         <name>__aeabi_dsub</name>
         <value>0xcb0d</value>
         <object_component_ref idref="oc-50f"/>
      </symbol>
      <symbol id="sm-14ab">
         <name>__aeabi_dadd</name>
         <value>0xcb17</value>
         <object_component_ref idref="oc-50f"/>
      </symbol>
      <symbol id="sm-14cd">
         <name>__aeabi_cdcmpeq</name>
         <value>0xdcd9</value>
         <object_component_ref idref="oc-43f"/>
      </symbol>
      <symbol id="sm-14ce">
         <name>__aeabi_cdcmple</name>
         <value>0xdcd9</value>
         <object_component_ref idref="oc-43f"/>
      </symbol>
      <symbol id="sm-14cf">
         <name>__aeabi_cdrcmple</name>
         <value>0xdd5f</value>
         <object_component_ref idref="oc-4fa"/>
      </symbol>
      <symbol id="sm-14e3">
         <name>__aeabi_ddiv</name>
         <value>0xd0bd</value>
         <object_component_ref idref="oc-4f5"/>
      </symbol>
      <symbol id="sm-14ed">
         <name>__aeabi_d2iz</name>
         <value>0xe149</value>
         <object_component_ref idref="oc-4ff"/>
      </symbol>
      <symbol id="sm-14f7">
         <name>__aeabi_i2d</name>
         <value>0xe349</value>
         <object_component_ref idref="oc-50a"/>
      </symbol>
      <symbol id="sm-1504">
         <name>__aeabi_uldivmod</name>
         <value>0xdc43</value>
         <object_component_ref idref="oc-4ee"/>
      </symbol>
      <symbol id="sm-152c">
         <name>__TI_auto_init_nobinit_nopinit</name>
         <value>0xe191</value>
         <object_component_ref idref="oc-2dd"/>
      </symbol>
      <symbol id="sm-1536">
         <name>_system_pre_init</name>
         <value>0xe4bf</value>
         <object_component_ref idref="oc-168"/>
      </symbol>
      <symbol id="sm-1542">
         <name>C$$EXIT</name>
         <value>0xe4c3</value>
         <object_component_ref idref="oc-2d1"/>
      </symbol>
      <symbol id="sm-1543">
         <name>abort</name>
         <value>0xe4c3</value>
         <object_component_ref idref="oc-2d1"/>
      </symbol>
      <symbol id="sm-1553">
         <name>__TI_ltoa</name>
         <value>0xe057</value>
         <object_component_ref idref="oc-504"/>
      </symbol>
      <symbol id="sm-156a">
         <name>atoi</name>
         <value>0xe0fd</value>
         <object_component_ref idref="oc-433"/>
      </symbol>
      <symbol id="sm-1575">
         <name>_ctypes_</name>
         <value>0xe678</value>
         <object_component_ref idref="oc-4e9"/>
      </symbol>
      <symbol id="sm-1585">
         <name>memccpy</name>
         <value>0xe3e1</value>
         <object_component_ref idref="oc-45c"/>
      </symbol>
      <symbol id="sm-1595">
         <name>strchr</name>
         <value>0xe42f</value>
         <object_component_ref idref="oc-53b"/>
      </symbol>
      <symbol id="sm-15ab">
         <name>__aeabi_errno_addr</name>
         <value>0xe4b1</value>
         <object_component_ref idref="oc-468"/>
      </symbol>
      <symbol id="sm-15ac">
         <name>errno</name>
         <value>0x20005b98</value>
         <object_component_ref idref="oc-54b"/>
      </symbol>
      <symbol id="sm-15c5">
         <name>wcslen</name>
         <value>0xe46d</value>
         <object_component_ref idref="oc-462"/>
      </symbol>
      <symbol id="sm-15e5">
         <name>frexpl</name>
         <value>0xdf9d</value>
         <object_component_ref idref="oc-52f"/>
      </symbol>
      <symbol id="sm-15e6">
         <name>frexp</name>
         <value>0xdf9d</value>
         <object_component_ref idref="oc-52f"/>
      </symbol>
      <symbol id="sm-1603">
         <name>scalbn</name>
         <value>0xd569</value>
         <object_component_ref idref="oc-535"/>
      </symbol>
      <symbol id="sm-1604">
         <name>scalbnl</name>
         <value>0xd569</value>
         <object_component_ref idref="oc-535"/>
      </symbol>
      <symbol id="sm-1605">
         <name>ldexpl</name>
         <value>0xd569</value>
         <object_component_ref idref="oc-535"/>
      </symbol>
      <symbol id="sm-1606">
         <name>ldexp</name>
         <value>0xd569</value>
         <object_component_ref idref="oc-535"/>
      </symbol>
      <symbol id="sm-1610">
         <name>copysign</name>
         <value>0xe3fd</value>
         <object_component_ref idref="oc-595"/>
      </symbol>
      <symbol id="sm-1611">
         <name>copysignl</name>
         <value>0xe3fd</value>
         <object_component_ref idref="oc-595"/>
      </symbol>
      <symbol id="sm-1612">
         <name>__TI_static_base__</name>
         <value>0x0</value>
      </symbol>
      <symbol id="sm-1615">
         <name>__mpu_init</name>
         <value>0x0</value>
      </symbol>
      <symbol id="sm-1616">
         <name>_system_post_cinit</name>
         <value>0x0</value>
      </symbol>
   </symbol_table>
   <title>Link successful</title>
</link_info>
